Component: ARM Compiler 5.06 update 1 (build 61) Tool: armlink [4d35a8]

==============================================================================

Section Cross References

    startup_stm32f4xx.o(RESET) refers to startup_stm32f4xx.o(STACK) for __initial_sp
    startup_stm32f4xx.o(RESET) refers to startup_stm32f4xx.o(.text) for Reset_Handler
    startup_stm32f4xx.o(RESET) refers to stm32f4xx_it.o(.text) for NMI_Handler
    startup_stm32f4xx.o(RESET) refers to usart.o(.text) for USART1_IRQHandler
    startup_stm32f4xx.o(RESET) refers to sdio_sdcard.o(.text) for SDIO_IRQHandler
    startup_stm32f4xx.o(RESET) refers to gps_decode.o(.text) for DMA2_Stream2_IRQHandler
    startup_stm32f4xx.o(.text) refers to system_stm32f4xx.o(.text) for SystemInit
    startup_stm32f4xx.o(.text) refers to entry.o(.ARM.Collect$$$$00000000) for __main
    system_stm32f4xx.o(.text) refers to system_stm32f4xx.o(.data) for SystemCoreClock
    main.o(.text) refers to usart.o(.text) for Modules_Power_Control
    main.o(.text) refers to imu.o(.text) for IMU_INIT
    main.o(.text) refers to gps_decode.o(.text) for GPS_Config
    main.o(.text) refers to sysdelay.o(.text) for delay_ms
    main.o(.text) refers to sdio_sdcard.o(.text) for SD_Init
    main.o(.text) refers to printfa.o(i.__0printf) for __2printf
    main.o(.text) refers to exfuns.o(.text) for exfuns_init
    main.o(.text) refers to ff.o(.text) for f_mount
    main.o(.text) refers to printfa.o(i.__0sprintf) for __2sprintf
    main.o(.text) refers to system_stm32f4xx.o(.text) for SystemInit
    main.o(.text) refers to exfuns.o(.bss) for fs
    main.o(.text) refers to main.o(.data) for write_num
    sysdelay.o(.text) refers to sysdelay.o(.data) for Mult_us
    stm32f4xx_usart.o(.text) refers to stm32f4xx_rcc.o(.text) for RCC_APB2PeriphResetCmd
    stm32f4xx_rcc.o(.text) refers to stm32f4xx_rcc.o(.data) for APBAHBPrescTable
    stm32f4xx_gpio.o(.text) refers to stm32f4xx_rcc.o(.text) for RCC_AHB1PeriphResetCmd
    stm32f4xx_i2c.o(.text) refers to stm32f4xx_rcc.o(.text) for RCC_APB1PeriphResetCmd
    stm32f4xx_tim.o(.text) refers to stm32f4xx_rcc.o(.text) for RCC_APB2PeriphResetCmd
    stm32f4xx_spi.o(.text) refers to stm32f4xx_rcc.o(.text) for RCC_APB2PeriphResetCmd
    stm32f4xx_sdio.o(.text) refers to stm32f4xx_rcc.o(.text) for RCC_APB2PeriphResetCmd
    stm32f4xx_syscfg.o(.text) refers to stm32f4xx_rcc.o(.text) for RCC_APB2PeriphResetCmd
    led.o(.text) refers to stm32f4xx_rcc.o(.text) for RCC_AHB1PeriphClockCmd
    led.o(.text) refers to stm32f4xx_gpio.o(.text) for GPIO_Init
    led.o(.text) refers to sysdelay.o(.text) for delay_ms
    usart.o(.text) refers to stm32f4xx_rcc.o(.text) for RCC_AHB1PeriphClockCmd
    usart.o(.text) refers to stm32f4xx_gpio.o(.text) for GPIO_Init
    usart.o(.text) refers to stm32f4xx_usart.o(.text) for USART_Init
    usart.o(.text) refers to misc.o(.text) for NVIC_Init
    usart.o(.text) refers to usart.o(.bss) for usart1_recv
    i2c.o(.text) refers to stm32f4xx_rcc.o(.text) for RCC_AHB1PeriphClockCmd
    i2c.o(.text) refers to stm32f4xx_gpio.o(.text) for GPIO_Init
    i2c.o(.text) refers to sysdelay.o(.text) for delay_us
    retarget.o(.text) refers to usart.o(.text) for USART_WRITE_ONE
    imu.o(.text) refers to i2c.o(.text) for Write_single_reg
    imu.o(.text) refers to dflti.o(.text) for __aeabi_i2d
    imu.o(.text) refers to ddiv.o(.text) for __aeabi_ddiv
    imu.o(.text) refers to dfixi.o(.text) for __aeabi_d2iz
    imu.o(.text) refers to dadd.o(.text) for __aeabi_dadd
    imu.o(.text) refers to f2d.o(.text) for __aeabi_f2d
    imu.o(.text) refers to dmul.o(.text) for __aeabi_dmul
    imu.o(.text) refers to d2f.o(.text) for __aeabi_d2f
    imu.o(.text) refers to atan2.o(i.__hardfp_atan2) for __hardfp_atan2
    imu.o(.text) refers to imu.o(.data) for ITG3205_X
    imu.o(.text) refers to pow.o(i.__hardfp_pow) for __hardfp_pow
    imu.o(.text) refers to sqrt.o(i.__hardfp_sqrt) for __hardfp_sqrt
    imu.o(.text) refers to printfa.o(i.__0printf) for __2printf
    imu.o(.text) refers to imu.o(.bss) for normal_mat
    gps_decode.o(.text) refers to stm32f4xx_rcc.o(.text) for RCC_AHB1PeriphClockCmd
    gps_decode.o(.text) refers to stm32f4xx_dma.o(.text) for DMA_Init
    gps_decode.o(.text) refers to misc.o(.text) for NVIC_Init
    gps_decode.o(.text) refers to stm32f4xx_usart.o(.text) for USART_DMACmd
    gps_decode.o(.text) refers to usart.o(.text) for USART_INIT
    gps_decode.o(.text) refers to memcmp.o(.text) for memcmp
    gps_decode.o(.text) refers to strchr.o(.text) for strchr
    gps_decode.o(.text) refers to printfa.o(i.__0sprintf) for __2sprintf
    gps_decode.o(.text) refers to strncmp.o(.text) for strncmp
    gps_decode.o(.text) refers to memcpya.o(.text) for __aeabi_memcpy
    gps_decode.o(.text) refers to strtol.o(.text) for strtol
    gps_decode.o(.text) refers to strtod.o(i.__hardfp_strtod) for __hardfp_strtod
[...]
    i.__mathlib_dbl_divzero                  0x0800b910   Section        0  dunder.o(i.__mathlib_dbl_divzero)
    i.__mathlib_dbl_infnan                   0x0800b940   Section        0  dunder.o(i.__mathlib_dbl_infnan)
    i.__mathlib_dbl_infnan2                  0x0800b954   Section        0  dunder.o(i.__mathlib_dbl_infnan2)
    i.__mathlib_dbl_invalid                  0x0800b968   Section        0  dunder.o(i.__mathlib_dbl_invalid)
    i.__mathlib_dbl_overflow                 0x0800b988   Section        0  dunder.o(i.__mathlib_dbl_overflow)
    i.__mathlib_dbl_underflow                0x0800b9a8   Section        0  dunder.o(i.__mathlib_dbl_underflow)
    i.__scatterload_copy                     0x0800b9c8   Section       14  handlers.o(i.__scatterload_copy)
    i.__scatterload_null                     0x0800b9d6   Section        2  handlers.o(i.__scatterload_null)
    i.__scatterload_zeroinit                 0x0800b9d8   Section       14  handlers.o(i.__scatterload_zeroinit)
    i.__set_errno                            0x0800b9e8   Section        0  errno.o(i.__set_errno)
    i._fp_digits                             0x0800b9f4   Section        0  printfa.o(i._fp_digits)
    _fp_digits                               0x0800b9f5   Thumb Code   334  printfa.o(i._fp_digits)
    i._is_digit                              0x0800bb58   Section        0  scanf_fp.o(i._is_digit)
    i._printf_core                           0x0800bb68   Section        0  printfa.o(i._printf_core)
    _printf_core                             0x0800bb69   Thumb Code  1744  printfa.o(i._printf_core)
    i._printf_post_padding                   0x0800c244   Section        0  printfa.o(i._printf_post_padding)
    _printf_post_padding                     0x0800c245   Thumb Code    36  printfa.o(i._printf_post_padding)
    i._printf_pre_padding                    0x0800c268   Section        0  printfa.o(i._printf_pre_padding)
    _printf_pre_padding                      0x0800c269   Thumb Code    46  printfa.o(i._printf_pre_padding)
    i._sputc                                 0x0800c296   Section        0  printfa.o(i._sputc)
    _sputc                                   0x0800c297   Thumb Code    10  printfa.o(i._sputc)
    i.atan                                   0x0800c2a0   Section        0  atan.o(i.atan)
    i.fabs                                   0x0800c2b0   Section        0  fabs.o(i.fabs)
    i.sqrt                                   0x0800c2c8   Section        0  sqrt.o(i.sqrt)
    .constdata                               0x0800c336   Section    175304  cc936.o(.constdata)
    uni2oem                                  0x0800c336   Data       87172  cc936.o(.constdata)
    oem2uni                                  0x080217ba   Data       87172  cc936.o(.constdata)
    tbl_lower                                0x08036c3e   Data         480  cc936.o(.constdata)
    tbl_upper                                0x08036e1e   Data         480  cc936.o(.constdata)
    .constdata                               0x08036ffe   Section       58  ff.o(.constdata)
    LfnOfs                                   0x08036ffe   Data          13  ff.o(.constdata)
    vst                                      0x0803700c   Data          22  ff.o(.constdata)
    cst                                      0x08037022   Data          22  ff.o(.constdata)
    .constdata                               0x08037038   Section      112  exfuns.o(.constdata)
    .constdata                               0x080370a8   Section       36  malloc.o(.constdata)
    .constdata                               0x080370d0   Section      136  pow.o(.constdata)
    bp                                       0x080370d0   Data          16  pow.o(.constdata)
    dp_h                                     0x080370e0   Data          16  pow.o(.constdata)
    dp_l                                     0x080370f0   Data          16  pow.o(.constdata)
    L                                        0x08037100   Data          48  pow.o(.constdata)
    P                                        0x08037130   Data          40  pow.o(.constdata)
    .constdata                               0x08037158   Section      152  atan.o(.constdata)
    atanhi                                   0x08037158   Data          32  atan.o(.constdata)
    atanlo                                   0x08037178   Data          32  atan.o(.constdata)
    aTodd                                    0x08037198   Data          40  atan.o(.constdata)
    aTeven                                   0x080371c0   Data          48  atan.o(.constdata)
    .constdata                               0x080371f0   Section        8  qnan.o(.constdata)
    .constdata                               0x080371f8   Section      129  ctype_o.o(.constdata)
    .constdata                               0x0803727c   Section        4  ctype_o.o(.constdata)
    table                                    0x0803727c   Data           4  ctype_o.o(.constdata)
    .conststring                             0x08037280   Section       47  gps_decode.o(.conststring)
    .conststring                             0x080372b0   Section       68  exfuns.o(.conststring)
    .ARM.__AT_0x10000000                     0x10000000   Section    61440  malloc.o(.ARM.__AT_0x10000000)
    .ARM.__AT_0x1000F000                     0x1000f000   Section     3840  malloc.o(.ARM.__AT_0x1000F000)
    .data                                    0x20000000   Section       20  system_stm32f4xx.o(.data)
    .data                                    0x20000014   Section        3  main.o(.data)
    write_num                                0x20000014   Data           1  main.o(.data)
    file_num                                 0x20000015   Data           1  main.o(.data)
    i                                        0x20000016   Data           1  main.o(.data)
    .data                                    0x20000018   Section        8  sysdelay.o(.data)
    Mult_us                                  0x20000018   Data           1  sysdelay.o(.data)
    .data                                    0x20000020   Section       16  stm32f4xx_rcc.o(.data)
    APBAHBPrescTable                         0x20000020   Data          16  stm32f4xx_rcc.o(.data)
    .data                                    0x20000030   Section       12  retarget.o(.data)
    .data                                    0x2000003c   Section       52  imu.o(.data)
    .data                                    0x20000070   Section       28  gps_decode.o(.data)
    pheads                                   0x20000074   Data          24  gps_decode.o(.data)
    .data                                    0x2000008c   Section       16  sdio_sdcard.o(.data)
    CardType                                 0x2000008c   Data           1  sdio_sdcard.o(.data)
    RCA                                      0x20000090   Data           4  sdio_sdcard.o(.data)
    DeviceMode                               0x20000094   Data           1  sdio_sdcard.o(.data)
    StopCondition                            0x20000095   Data           1  sdio_sdcard.o(.data)
    .data                                    0x2000009c   Section        2  ff.o(.data)
    Fsid                                     0x2000009c   Data           2  ff.o(.data)
    .data                                    0x200000a0   Section       20  exfuns.o(.data)
    .data                                    0x200000b4   Section       36  malloc.o(.data)
    .data                                    0x200000d8   Section        2  diskio.o(.data)
    .data                                    0x200000dc   Section        4  errno.o(.data)
    _errno                                   0x200000dc   Data           4  errno.o(.data)
    .bss                                     0x200000e0   Section     1548  usart.o(.bss)
    .bss                                     0x200006ec   Section       24  imu.o(.bss)
    .bss                                     0x20000704   Section     1424  gps_decode.o(.bss)
    pack                                     0x20000904   Data         420  gps_decode.o(.bss)
    parser                                   0x20000c10   Data         132  gps_decode.o(.bss)
    .bss                                     0x20000c98   Section      704  sdio_sdcard.o(.bss)
    CSD_Tab                                  0x20000cdc   Data          16  sdio_sdcard.o(.bss)
    CID_Tab                                  0x20000cec   Data          16  sdio_sdcard.o(.bss)
    .bss                                     0x20000f58   Section       12  ff.o(.bss)
    FatFs                                    0x20000f58   Data          12  ff.o(.bss)
    .bss                                     0x20000f64   Section       80  exfuns.o(.bss)
    .bss                                     0x20000fc0   Section    108800  malloc.o(.bss)
    STACK                                    0x2001b8c0   Section     1024  startup_stm32f4xx.o(STACK)
    .ARM.__AT_0x68000000                     0x68000000   Section    983040  malloc.o(.ARM.__AT_0x68000000)
    .ARM.__AT_0x680F0000                     0x680f0000   Section    61440  malloc.o(.ARM.__AT_0x680F0000)

    Global Symbols

    Symbol Name                              Value     Ov Type        Size  Object(Section)

    BuildAttributes$$THM_ISAv4$E$P$D$K$B$S$7EM$VFPi3$EXTD16$VFPS$VFMA$PE$A:L22UL41UL21$X:L11$S22US41US21$IEEE1$IW$USESV6$~STKCKD$USESV7$~SHL$OTIME$ROPI$IEEEX$EBA8$MICROLIB$REQ8$PRES8$EABIv2 0x00000000   Number         0  anon$$obj.o ABSOLUTE
    __ARM_use_no_argv                        0x00000000   Number         0  main.o ABSOLUTE
    __use_no_errno                           0x00000000   Number         0  useno.o ABSOLUTE
    __use_no_exception_handling              0x00000000   Number         0  useno.o ABSOLUTE
    __use_no_fp                              0x00000000   Number         0  useno.o ABSOLUTE
    __use_no_heap                            0x00000000   Number         0  useno.o ABSOLUTE
    __use_no_heap_region                     0x00000000   Number         0  useno.o ABSOLUTE
    __use_no_semihosting                     0x00000000   Number         0  useno.o ABSOLUTE
    __use_no_semihosting_swi                 0x00000000   Number         0  useno.o ABSOLUTE
    __use_no_signal_handling                 0x00000000   Number         0  useno.o ABSOLUTE
    _printf_a                                0x00000000   Number         0  stubs.o ABSOLUTE
    _printf_c                                0x00000000   Number         0  stubs.o ABSOLUTE
    _printf_charcount                        0x00000000   Number         0  stubs.o ABSOLUTE
    _printf_d                                0x00000000   Number         0  stubs.o ABSOLUTE
    _printf_e                                0x00000000   Number         0  stubs.o ABSOLUTE
    _printf_f                                0x00000000   Number         0  stubs.o ABSOLUTE
    _printf_flags                            0x00000000   Number         0  stubs.o ABSOLUTE
    _printf_fp_dec                           0x00000000   Number         0  stubs.o ABSOLUTE
    _printf_fp_hex                           0x00000000   Number         0  stubs.o ABSOLUTE
    _printf_g                                0x00000000   Number         0  stubs.o ABSOLUTE
    _printf_i                                0x00000000   Number         0  stubs.o ABSOLUTE
    _printf_int_dec                          0x00000000   Number         0  stubs.o ABSOLUTE
    _printf_l                                0x00000000   Number         0  stubs.o ABSOLUTE
    _printf_lc                               0x00000000   Number         0  stubs.o ABSOLUTE
    _printf_ll                               0x00000000   Number         0  stubs.o ABSOLUTE
    _printf_lld                              0x00000000   Number         0  stubs.o ABSOLUTE
    _printf_lli                              0x00000000   Number         0  stubs.o ABSOLUTE
    _printf_llo                              0x00000000   Number         0  stubs.o ABSOLUTE
    _printf_llu                              0x00000000   Number         0  stubs.o ABSOLUTE
    _printf_llx                              0x00000000   Number         0  stubs.o ABSOLUTE
    _printf_longlong_dec                     0x00000000   Number         0  stubs.o ABSOLUTE
    _printf_longlong_hex                     0x00000000   Number         0  stubs.o ABSOLUTE
    _printf_longlong_oct                     0x00000000   Number         0  stubs.o ABSOLUTE
    _printf_ls                               0x00000000   Number         0  stubs.o ABSOLUTE
    _printf_mbtowc                           0x00000000   Number         0  stubs.o ABSOLUTE
    _printf_n                                0x00000000   Number         0  stubs.o ABSOLUTE
    _printf_o                                0x00000000   Number         0  stubs.o ABSOLUTE
    _printf_p                                0x00000000   Number         0  stubs.o ABSOLUTE
    _printf_percent                          0x00000000   Number         0  stubs.o ABSOLUTE
    _printf_pre_padding                      0x00000000   Number         0  stubs.o ABSOLUTE
    _printf_return_value                     0x00000000   Number         0  stubs.o ABSOLUTE
    _printf_s                                0x00000000   Number         0  stubs.o ABSOLUTE
    _printf_sizespec                         0x00000000   Number         0  stubs.o ABSOLUTE
    _printf_str                              0x00000000   Number         0  stubs.o ABSOLUTE
    _printf_truncate_signed                  0x00000000   Number         0  stubs.o ABSOLUTE
    _printf_truncate_unsigned                0x00000000   Number         0  stubs.o ABSOLUTE
    _printf_u                                0x00000000   Number         0  stubs.o ABSOLUTE
    _printf_wc                               0x00000000   Number         0  stubs.o ABSOLUTE
    _printf_wctomb                           0x00000000   Number         0  stubs.o ABSOLUTE
    _printf_widthprec                        0x00000000   Number         0  stubs.o ABSOLUTE
    _printf_x                                0x00000000   Number         0  stubs.o ABSOLUTE
    __cpp_initialize__aeabi_                  - Undefined Weak Reference
    __cxa_finalize                            - Undefined Weak Reference
    __decompress                              - Undefined Weak Reference
    _clock_init                               - Undefined Weak Reference
    _microlib_exit                            - Undefined Weak Reference
    __Vectors_Size                           0x00000188   Number         0  startup_stm32f4xx.o ABSOLUTE
    __Vectors                                0x08000000   Data           4  startup_stm32f4xx.o(RESET)
    __Vectors_End                            0x08000188   Data           0  startup_stm32f4xx.o(RESET)
    __main                                   0x08000189   Thumb Code     0  entry.o(.ARM.Collect$$$$00000000)
    _main_stk                                0x08000189   Thumb Code     0  entry2.o(.ARM.Collect$$$$00000001)
    _main_scatterload                        0x0800018d   Thumb Code     0  entry5.o(.ARM.Collect$$$$00000004)
    __main_after_scatterload                 0x08000191   Thumb Code     0  entry5.o(.ARM.Collect$$$$00000004)
    _main_clock                              0x08000191   Thumb Code     0  entry7b.o(.ARM.Collect$$$$00000008)
    _main_cpp_init                           0x08000191   Thumb Code     0  entry8b.o(.ARM.Collect$$$$0000000A)
    _main_init                               0x08000191   Thumb Code     0  entry9a.o(.ARM.Collect$$$$0000000B)
    __rt_final_cpp                           0x08000199   Thumb Code     0  entry10a.o(.ARM.Collect$$$$0000000D)
    __rt_final_exit                          0x08000199   Thumb Code     0  entry11a.o(.ARM.Collect$$$$0000000F)
    __asm___13_sdio_sdcard_c_4ab284f9____REV16 0x0800019d   Thumb Code     4  sdio_sdcard.o(.emb_text)
    __asm___13_sdio_sdcard_c_4ab284f9____REVSH 0x080001a1   Thumb Code     4  sdio_sdcard.o(.emb_text)
    INTX_DISABLE                             0x080001a5   Thumb Code     4  sdio_sdcard.o(.emb_text)
    INTX_ENABLE                              0x080001a9   Thumb Code     4  sdio_sdcard.o(.emb_text)
    Reset_Handler                            0x080001ad   Thumb Code     8  startup_stm32f4xx.o(.text)
    ADC_IRQHandler                           0x080001c7   Thumb Code     0  startup_stm32f4xx.o(.text)
    CAN1_RX0_IRQHandler                      0x080001c7   Thumb Code     0  startup_stm32f4xx.o(.text)
    CAN1_RX1_IRQHandler                      0x080001c7   Thumb Code     0  startup_stm32f4xx.o(.text)
    CAN1_SCE_IRQHandler                      0x080001c7   Thumb Code     0  startup_stm32f4xx.o(.text)
    CAN1_TX_IRQHandler                       0x080001c7   Thumb Code     0  startup_stm32f4xx.o(.text)
    CAN2_RX0_IRQHandler                      0x080001c7   Thumb Code     0  startup_stm32f4xx.o(.text)
    CAN2_RX1_IRQHandler                      0x080001c7   Thumb Code     0  startup_stm32f4xx.o(.text)
    CAN2_SCE_IRQHandler                      0x080001c7   Thumb Code     0  startup_stm32f4xx.o(.text)
    CAN2_TX_IRQHandler                       0x080001c7   Thumb Code     0  startup_stm32f4xx.o(.text)
    CRYP_IRQHandler                          0x080001c7   Thumb Code     0  startup_stm32f4xx.o(.text)
    DCMI_IRQHandler                          0x080001c7   Thumb Code     0  startup_stm32f4xx.o(.text)
    DMA1_Stream0_IRQHandler                  0x080001c7   Thumb Code     0  startup_stm32f4xx.o(.text)
    DMA1_Stream1_IRQHandler                  0x080001c7   Thumb Code     0  startup_stm32f4xx.o(.text)
    DMA1_Stream2_IRQHandler                  0x080001c7   Thumb Code     0  startup_stm32f4xx.o(.text)
    DMA1_Stream3_IRQHandler                  0x080001c7   Thumb Code     0  startup_stm32f4xx.o(.text)
    DMA1_Stream4_IRQHandler                  0x080001c7   Thumb Code     0  startup_stm32f4xx.o(.text)
    DMA1_Stream5_IRQHandler                  0x080001c7   Thumb Code     0  startup_stm32f4xx.o(.text)
    DMA1_Stream6_IRQHandler                  0x080001c7   Thumb Code     0  startup_stm32f4xx.o(.text)
    DMA1_Stream7_IRQHandler                  0x080001c7   Thumb Code     0  startup_stm32f4xx.o(.text)
    DMA2_Stream0_IRQHandler                  0x080001c7   Thumb Code     0  startup_stm32f4xx.o(.text)
    DMA2_Stream1_IRQHandler                  0x080001c7   Thumb Code     0  startup_stm32f4xx.o(.text)
    DMA2_Stream3_IRQHandler                  0x080001c7   Thumb Code     0  startup_stm32f4xx.o(.text)
    DMA2_Stream4_IRQHandler                  0x080001c7   Thumb Code     0  startup_stm32f4xx.o(.text)
    DMA2_Stream5_IRQHandler                  0x080001c7   Thumb Code     0  startup_stm32f4xx.o(.text)
    DMA2_Stream6_IRQHandler                  0x080001c7   Thumb Code     0  startup_stm32f4xx.o(.text)
    DMA2_Stream7_IRQHandler                  0x080001c7   Thumb Code     0  startup_stm32f4xx.o(.text)
    ETH_IRQHandler                           0x080001c7   Thumb Code     0  startup_stm32f4xx.o(.text)
    ETH_WKUP_IRQHandler                      0x080001c7   Thumb Code     0  startup_stm32f4xx.o(.text)
    EXTI15_10_IRQHandler                     0x080001c7   Thumb Code     0  startup_stm32f4xx.o(.text)
    EXTI1_IRQHandler                         0x080001c7   Thumb Code     0  startup_stm32f4xx.o(.text)
    EXTI2_IRQHandler                         0x080001c7   Thumb Code     0  startup_stm32f4xx.o(.text)
    EXTI3_IRQHandler                         0x080001c7   Thumb Code     0  startup_stm32f4xx.o(.text)
    EXTI4_IRQHandler                         0x080001c7   Thumb Code     0  startup_stm32f4xx.o(.text)
    FLASH_IRQHandler                         0x080001c7   Thumb Code     0  startup_stm32f4xx.o(.text)
    FPU_IRQHandler                           0x080001c7   Thumb Code     0  startup_stm32f4xx.o(.text)
    FSMC_IRQHandler                          0x080001c7   Thumb Code     0  startup_stm32f4xx.o(.text)
    HASH_RNG_IRQHandler                      0x080001c7   Thumb Code     0  startup_stm32f4xx.o(.text)
    I2C1_ER_IRQHandler                       0x080001c7   Thumb Code     0  startup_stm32f4xx.o(.text)
    I2C1_EV_IRQHandler                       0x080001c7   Thumb Code     0  startup_stm32f4xx.o(.text)
    I2C2_ER_IRQHandler                       0x080001c7   Thumb Code     0  startup_stm32f4xx.o(.text)
    I2C2_EV_IRQHandler                       0x080001c7   Thumb Code     0  startup_stm32f4xx.o(.text)
    I2C3_ER_IRQHandler                       0x080001c7   Thumb Code     0  startup_stm32f4xx.o(.text)
    I2C3_EV_IRQHandler                       0x080001c7   Thumb Code     0  startup_stm32f4xx.o(.text)
    OTG_FS_IRQHandler                        0x080001c7   Thumb Code     0  startup_stm32f4xx.o(.text)
    OTG_FS_WKUP_IRQHandler                   0x080001c7   Thumb Code     0  startup_stm32f4xx.o(.text)
    OTG_HS_EP1_IN_IRQHandler                 0x080001c7   Thumb Code     0  startup_stm32f4xx.o(.text)
    OTG_HS_EP1_OUT_IRQHandler                0x080001c7   Thumb Code     0  startup_stm32f4xx.o(.text)
    OTG_HS_IRQHandler                        0x080001c7   Thumb Code     0  startup_stm32f4xx.o(.text)
    OTG_HS_WKUP_IRQHandler                   0x080001c7   Thumb Code     0  startup_stm32f4xx.o(.text)
    PVD_IRQHandler                           0x080001c7   Thumb Code     0  startup_stm32f4xx.o(.text)
    RCC_IRQHandler                           0x080001c7   Thumb Code     0  startup_stm32f4xx.o(.text)
    RTC_Alarm_IRQHandler                     0x080001c7   Thumb Code     0  startup_stm32f4xx.o(.text)
    RTC_WKUP_IRQHandler                      0x080001c7   Thumb Code     0  startup_stm32f4xx.o(.text)
    SPI1_IRQHandler                          0x080001c7   Thumb Code     0  startup_stm32f4xx.o(.text)
    SPI2_IRQHandler                          0x080001c7   Thumb Code     0  startup_stm32f4xx.o(.text)
    SPI3_IRQHandler                          0x080001c7   Thumb Code     0  startup_stm32f4xx.o(.text)
    TAMP_STAMP_IRQHandler                    0x080001c7   Thumb Code     0  startup_stm32f4xx.o(.text)
    TIM1_BRK_TIM9_IRQHandler                 0x080001c7   Thumb Code     0  startup_stm32f4xx.o(.text)
    TIM1_CC_IRQHandler                       0x080001c7   Thumb Code     0  startup_stm32f4xx.o(.text)
    TIM1_TRG_COM_TIM11_IRQHandler            0x080001c7   Thumb Code     0  startup_stm32f4xx.o(.text)
    TIM1_UP_TIM10_IRQHandler                 0x080001c7   Thumb Code     0  startup_stm32f4xx.o(.text)
    TIM2_IRQHandler                          0x080001c7   Thumb Code     0  startup_stm32f4xx.o(.text)
    TIM4_IRQHandler                          0x080001c7   Thumb Code     0  startup_stm32f4xx.o(.text)
    TIM5_IRQHandler                          0x080001c7   Thumb Code     0  startup_stm32f4xx.o(.text)
    TIM6_DAC_IRQHandler                      0x080001c7   Thumb Code     0  startup_stm32f4xx.o(.text)
    TIM7_IRQHandler                          0x080001c7   Thumb Code     0  startup_stm32f4xx.o(.text)
    TIM8_BRK_TIM12_IRQHandler                0x080001c7   Thumb Code     0  startup_stm32f4xx.o(.text)
    TIM8_CC_IRQHandler                       0x080001c7   Thumb Code     0  startup_stm32f4xx.o(.text)
    TIM8_TRG_COM_TIM14_IRQHandler            0x080001c7   Thumb Code     0  startup_stm32f4xx.o(.text)
    TIM8_UP_TIM13_IRQHandler                 0x080001c7   Thumb Code     0  startup_stm32f4xx.o(.text)
    UART4_IRQHandler                         0x080001c7   Thumb Code     0  startup_stm32f4xx.o(.text)
    UART5_IRQHandler                         0x080001c7   Thumb Code     0  startup_stm32f4xx.o(.text)
    USART6_IRQHandler                        0x080001c7   Thumb Code     0  startup_stm32f4xx.o(.text)
    WWDG_IRQHandler                          0x080001c7   Thumb Code     0  startup_stm32f4xx.o(.text)
    NMI_Handler                              0x080001d1   Thumb Code     2  stm32f4xx_it.o(.text)
    HardFault_Handler                        0x080001d3   Thumb Code     4  stm32f4xx_it.o(.text)
    MemManage_Handler                        0x080001d7   Thumb Code     4  stm32f4xx_it.o(.text)
    BusFault_Handler                         0x080001db   Thumb Code     4  stm32f4xx_it.o(.text)
    UsageFault_Handler                       0x080001df   Thumb Code     4  stm32f4xx_it.o(.text)
    SVC_Handler                              0x080001e3   Thumb Code     2  stm32f4xx_it.o(.text)
    DebugMon_Handler                         0x080001e5   Thumb Code     2  stm32f4xx_it.o(.text)
    PendSV_Handler                           0x080001e7   Thumb Code     2  stm32f4xx_it.o(.text)
    SysTick_Handler                          0x080001e9   Thumb Code     2  stm32f4xx_it.o(.text)
    EXTI0_IRQHandler                         0x080001eb   Thumb Code     2  stm32f4xx_it.o(.text)
    EXTI9_5_IRQHandler                       0x080001ed   Thumb Code     2  stm32f4xx_it.o(.text)
    TIM3_IRQHandler                          0x080001ef   Thumb Code     2  stm32f4xx_it.o(.text)
    SystemInit                               0x080002cd   Thumb Code    88  system_stm32f4xx.o(.text)
    SystemCoreClockUpdate                    0x08000325   Thumb Code   174  system_stm32f4xx.o(.text)
    Module_setup                             0x08000401   Thumb Code    42  main.o(.text)
    loop                                     0x0800042b   Thumb Code    26  main.o(.text)
    Module_setup_gps                         0x08000445   Thumb Code    28  main.o(.text)
    loop_gps                                 0x08000461   Thumb Code     8  main.o(.text)
    Module_setup_sd                          0x08000469   Thumb Code    88  main.o(.text)
    loop_sd                                  0x080004c1   Thumb Code    98  main.o(.text)
    main                                     0x08000523   Thumb Code    30  main.o(.text)
    SysTick_Init                             0x08000621   Thumb Code    34  sysdelay.o(.text)
    Delay_Nclk                               0x08000643   Thumb Code    12  sysdelay.o(.text)
    delay_us                                 0x0800064f   Thumb Code    66  sysdelay.o(.text)
    delay_ms                                 0x08000691   Thumb Code    24  sysdelay.o(.text)
    USART_DeInit                             0x080006b1   Thumb Code   156  stm32f4xx_usart.o(.text)
    USART_Init                               0x0800074d   Thumb Code   204  stm32f4xx_usart.o(.text)
    USART_StructInit                         0x08000819   Thumb Code    24  stm32f4xx_usart.o(.text)
    USART_ClockInit                          0x08000831   Thumb Code    32  stm32f4xx_usart.o(.text)
    USART_ClockStructInit                    0x08000851   Thumb Code    12  stm32f4xx_usart.o(.text)
    USART_Cmd                                0x0800085d   Thumb Code    24  stm32f4xx_usart.o(.text)
    USART_SetPrescaler                       0x08000875   Thumb Code    16  stm32f4xx_usart.o(.text)
    USART_OverSampling8Cmd                   0x08000885   Thumb Code    22  stm32f4xx_usart.o(.text)
    USART_OneBitMethodCmd                    0x0800089b   Thumb Code    24  stm32f4xx_usart.o(.text)
    USART_SendData                           0x080008b3   Thumb Code     8  stm32f4xx_usart.o(.text)
    USART_ReceiveData                        0x080008bb   Thumb Code    10  stm32f4xx_usart.o(.text)
    USART_SetAddress                         0x080008c5   Thumb Code    18  stm32f4xx_usart.o(.text)
    USART_ReceiverWakeUpCmd                  0x080008d7   Thumb Code    24  stm32f4xx_usart.o(.text)
    USART_WakeUpConfig                       0x080008ef   Thumb Code    18  stm32f4xx_usart.o(.text)
    USART_LINBreakDetectLengthConfig         0x08000901   Thumb Code    18  stm32f4xx_usart.o(.text)
    USART_LINCmd                             0x08000913   Thumb Code    24  stm32f4xx_usart.o(.text)
    USART_SendBreak                          0x0800092b   Thumb Code    10  stm32f4xx_usart.o(.text)
    USART_HalfDuplexCmd                      0x08000935   Thumb Code    24  stm32f4xx_usart.o(.text)
    USART_SetGuardTime                       0x0800094d   Thumb Code    16  stm32f4xx_usart.o(.text)
    USART_SmartCardCmd                       0x0800095d   Thumb Code    24  stm32f4xx_usart.o(.text)
    USART_SmartCardNACKCmd                   0x08000975   Thumb Code    24  stm32f4xx_usart.o(.text)
    USART_IrDAConfig                         0x0800098d   Thumb Code    18  stm32f4xx_usart.o(.text)
    USART_IrDACmd                            0x0800099f   Thumb Code    24  stm32f4xx_usart.o(.text)
    USART_DMACmd                             0x080009b7   Thumb Code    18  stm32f4xx_usart.o(.text)
    USART_ITConfig                           0x080009c9   Thumb Code    74  stm32f4xx_usart.o(.text)
    USART_GetFlagStatus                      0x08000a13   Thumb Code    26  stm32f4xx_usart.o(.text)
    USART_ClearFlag                          0x08000a2d   Thumb Code    18  stm32f4xx_usart.o(.text)
    USART_GetITStatus                        0x08000a3f   Thumb Code   110  stm32f4xx_usart.o(.text)
    USART_ClearITPendingBit                  0x08000aad   Thumb Code    30  stm32f4xx_usart.o(.text)
    NVIC_PriorityGroupConfig                 0x08000acd   Thumb Code    10  misc.o(.text)
    NVIC_Init                                0x08000ad7   Thumb Code   106  misc.o(.text)
    NVIC_SetVectorTable                      0x08000b41   Thumb Code    14  misc.o(.text)
    NVIC_SystemLPConfig                      0x08000b4f   Thumb Code    34  misc.o(.text)
    SysTick_CLKSourceConfig                  0x08000b71   Thumb Code    40  misc.o(.text)
    DMA_DeInit                               0x08000bad   Thumb Code   324  stm32f4xx_dma.o(.text)
    DMA_Init                                 0x08000cf1   Thumb Code    82  stm32f4xx_dma.o(.text)
    DMA_StructInit                           0x08000d43   Thumb Code    34  stm32f4xx_dma.o(.text)
    DMA_Cmd                                  0x08000d65   Thumb Code    22  stm32f4xx_dma.o(.text)
    DMA_PeriphIncOffsetSizeConfig            0x08000d7b   Thumb Code    22  stm32f4xx_dma.o(.text)
    DMA_FlowControllerConfig                 0x08000d91   Thumb Code    22  stm32f4xx_dma.o(.text)
    DMA_SetCurrDataCounter                   0x08000da7   Thumb Code     4  stm32f4xx_dma.o(.text)
    DMA_GetCurrDataCounter                   0x08000dab   Thumb Code     8  stm32f4xx_dma.o(.text)
    DMA_DoubleBufferModeConfig               0x08000db3   Thumb Code    24  stm32f4xx_dma.o(.text)
    DMA_DoubleBufferModeCmd                  0x08000dcb   Thumb Code    22  stm32f4xx_dma.o(.text)
    DMA_MemoryTargetConfig                   0x08000de1   Thumb Code    10  stm32f4xx_dma.o(.text)
    DMA_GetCurrentMemoryTarget               0x08000deb   Thumb Code    20  stm32f4xx_dma.o(.text)
    DMA_GetCmdStatus                         0x08000dff   Thumb Code    20  stm32f4xx_dma.o(.text)
    DMA_GetFIFOStatus                        0x08000e13   Thumb Code    12  stm32f4xx_dma.o(.text)
    DMA_GetFlagStatus                        0x08000e1f   Thumb Code    56  stm32f4xx_dma.o(.text)
    DMA_ClearFlag                            0x08000e57   Thumb Code    40  stm32f4xx_dma.o(.text)
    DMA_ITConfig                             0x08000e7f   Thumb Code    58  stm32f4xx_dma.o(.text)
    DMA_GetITStatus                          0x08000eb9   Thumb Code    84  stm32f4xx_dma.o(.text)
    DMA_ClearITPendingBit                    0x08000f0d   Thumb Code    40  stm32f4xx_dma.o(.text)
    RCC_DeInit                               0x08000f55   Thumb Code    60  stm32f4xx_rcc.o(.text)
    RCC_HSEConfig                            0x08000f91   Thumb Code    14  stm32f4xx_rcc.o(.text)
    RCC_GetFlagStatus                        0x08000f9f   Thumb Code    60  stm32f4xx_rcc.o(.text)
    RCC_WaitForHSEStartUp                    0x08000fdb   Thumb Code    56  stm32f4xx_rcc.o(.text)
    RCC_AdjustHSICalibrationValue            0x08001013   Thumb Code    20  stm32f4xx_rcc.o(.text)
    RCC_HSICmd                               0x08001027   Thumb Code     6  stm32f4xx_rcc.o(.text)
    RCC_LSEConfig                            0x0800102d   Thumb Code    46  stm32f4xx_rcc.o(.text)
    RCC_LSICmd                               0x0800105b   Thumb Code     6  stm32f4xx_rcc.o(.text)
    RCC_PLLConfig                            0x08001061   Thumb Code    32  stm32f4xx_rcc.o(.text)
    RCC_PLLCmd                               0x08001081   Thumb Code     6  stm32f4xx_rcc.o(.text)
    RCC_PLLI2SConfig                         0x08001087   Thumb Code    14  stm32f4xx_rcc.o(.text)
    RCC_PLLI2SCmd                            0x08001095   Thumb Code     6  stm32f4xx_rcc.o(.text)
    RCC_ClockSecuritySystemCmd               0x0800109b   Thumb Code     6  stm32f4xx_rcc.o(.text)
    RCC_MCO1Config                           0x080010a1   Thumb Code    28  stm32f4xx_rcc.o(.text)
    RCC_MCO2Config                           0x080010bd   Thumb Code    28  stm32f4xx_rcc.o(.text)
    RCC_SYSCLKConfig                         0x080010d9   Thumb Code    20  stm32f4xx_rcc.o(.text)
    RCC_GetSYSCLKSource                      0x080010ed   Thumb Code    12  stm32f4xx_rcc.o(.text)
    RCC_HCLKConfig                           0x080010f9   Thumb Code    20  stm32f4xx_rcc.o(.text)
    RCC_PCLK1Config                          0x0800110d   Thumb Code    20  stm32f4xx_rcc.o(.text)
    RCC_PCLK2Config                          0x08001121   Thumb Code    22  stm32f4xx_rcc.o(.text)
    RCC_GetClocksFreq                        0x08001137   Thumb Code   222  stm32f4xx_rcc.o(.text)
    RCC_RTCCLKConfig                         0x08001215   Thumb Code    54  stm32f4xx_rcc.o(.text)
    RCC_RTCCLKCmd                            0x0800124b   Thumb Code     8  stm32f4xx_rcc.o(.text)
    RCC_BackupResetCmd                       0x08001253   Thumb Code     8  stm32f4xx_rcc.o(.text)
    RCC_I2SCLKConfig                         0x0800125b   Thumb Code     6  stm32f4xx_rcc.o(.text)
    RCC_AHB1PeriphClockCmd                   0x08001261   Thumb Code    34  stm32f4xx_rcc.o(.text)
    RCC_AHB2PeriphClockCmd                   0x08001283   Thumb Code    34  stm32f4xx_rcc.o(.text)
    RCC_AHB3PeriphClockCmd                   0x080012a5   Thumb Code    34  stm32f4xx_rcc.o(.text)
    RCC_APB1PeriphClockCmd                   0x080012c7   Thumb Code    34  stm32f4xx_rcc.o(.text)
    RCC_APB2PeriphClockCmd                   0x080012e9   Thumb Code    34  stm32f4xx_rcc.o(.text)
    RCC_AHB1PeriphResetCmd                   0x0800130b   Thumb Code    34  stm32f4xx_rcc.o(.text)
    RCC_AHB2PeriphResetCmd                   0x0800132d   Thumb Code    72  stm32f4xx_rcc.o(.text)
    RCC_AHB3PeriphResetCmd                   0x08001375   Thumb Code    34  stm32f4xx_rcc.o(.text)
    RCC_APB1PeriphResetCmd                   0x08001397   Thumb Code    34  stm32f4xx_rcc.o(.text)
    RCC_APB2PeriphResetCmd                   0x080013b9   Thumb Code    34  stm32f4xx_rcc.o(.text)
    RCC_AHB1PeriphClockLPModeCmd             0x080013db   Thumb Code    34  stm32f4xx_rcc.o(.text)
    RCC_AHB2PeriphClockLPModeCmd             0x080013fd   Thumb Code    34  stm32f4xx_rcc.o(.text)
    RCC_AHB3PeriphClockLPModeCmd             0x0800141f   Thumb Code    34  stm32f4xx_rcc.o(.text)
    RCC_APB1PeriphClockLPModeCmd             0x08001441   Thumb Code    34  stm32f4xx_rcc.o(.text)
    RCC_APB2PeriphClockLPModeCmd             0x08001463   Thumb Code    34  stm32f4xx_rcc.o(.text)
    RCC_ITConfig                             0x08001485   Thumb Code    34  stm32f4xx_rcc.o(.text)
    RCC_ClearFlag                            0x080014a7   Thumb Code    18  stm32f4xx_rcc.o(.text)
    RCC_GetITStatus                          0x080014b9   Thumb Code    22  stm32f4xx_rcc.o(.text)
    RCC_ClearITPendingBit                    0x080014cf   Thumb Code     8  stm32f4xx_rcc.o(.text)
    GPIO_DeInit                              0x080014dd   Thumb Code   220  stm32f4xx_gpio.o(.text)
    GPIO_Init                                0x080015b9   Thumb Code   144  stm32f4xx_gpio.o(.text)
    GPIO_StructInit                          0x08001649   Thumb Code    18  stm32f4xx_gpio.o(.text)
    GPIO_PinLockConfig                       0x0800165b   Thumb Code    34  stm32f4xx_gpio.o(.text)
    GPIO_ReadInputDataBit                    0x0800167d   Thumb Code    18  stm32f4xx_gpio.o(.text)
    GPIO_ReadInputData                       0x0800168f   Thumb Code     8  stm32f4xx_gpio.o(.text)
    GPIO_ReadOutputDataBit                   0x08001697   Thumb Code    18  stm32f4xx_gpio.o(.text)
    GPIO_ReadOutputData                      0x080016a9   Thumb Code     8  stm32f4xx_gpio.o(.text)
    GPIO_SetBits                             0x080016b1   Thumb Code     4  stm32f4xx_gpio.o(.text)
    GPIO_ResetBits                           0x080016b5   Thumb Code     4  stm32f4xx_gpio.o(.text)
    GPIO_WriteBit                            0x080016b9   Thumb Code    10  stm32f4xx_gpio.o(.text)
    GPIO_Write                               0x080016c3   Thumb Code     4  stm32f4xx_gpio.o(.text)
    GPIO_ToggleBits                          0x080016c7   Thumb Code     8  stm32f4xx_gpio.o(.text)
    GPIO_PinAFConfig                         0x080016cf   Thumb Code    70  stm32f4xx_gpio.o(.text)
    SDIO_DeInit                              0x08001739   Thumb Code    22  stm32f4xx_sdio.o(.text)
    SDIO_Init                                0x0800174f   Thumb Code    42  stm32f4xx_sdio.o(.text)
    SDIO_StructInit                          0x08001779   Thumb Code    16  stm32f4xx_sdio.o(.text)
    SDIO_ClockCmd                            0x08001789   Thumb Code     6  stm32f4xx_sdio.o(.text)
    SDIO_SetPowerState                       0x0800178f   Thumb Code     8  stm32f4xx_sdio.o(.text)
    SDIO_GetPowerState                       0x08001797   Thumb Code    12  stm32f4xx_sdio.o(.text)
    SDIO_SendCommand                         0x080017a3   Thumb Code    42  stm32f4xx_sdio.o(.text)
    SDIO_CmdStructInit                       0x080017cd   Thumb Code    14  stm32f4xx_sdio.o(.text)
    SDIO_GetCommandResponse                  0x080017db   Thumb Code    10  stm32f4xx_sdio.o(.text)
    SDIO_GetResponse                         0x080017e5   Thumb Code    22  stm32f4xx_sdio.o(.text)
    SDIO_DataConfig                          0x080017fb   Thumb Code    48  stm32f4xx_sdio.o(.text)
    SDIO_DataStructInit                      0x0800182b   Thumb Code    20  stm32f4xx_sdio.o(.text)
    SDIO_GetDataCounter                      0x0800183f   Thumb Code     8  stm32f4xx_sdio.o(.text)
    SDIO_ReadData                            0x08001847   Thumb Code     8  stm32f4xx_sdio.o(.text)
    SDIO_WriteData                           0x0800184f   Thumb Code     8  stm32f4xx_sdio.o(.text)
    SDIO_GetFIFOCount                        0x08001857   Thumb Code     8  stm32f4xx_sdio.o(.text)
    SDIO_StartSDIOReadWait                   0x0800185f   Thumb Code     6  stm32f4xx_sdio.o(.text)
    SDIO_StopSDIOReadWait                    0x08001865   Thumb Code     8  stm32f4xx_sdio.o(.text)
    SDIO_SetSDIOReadWaitMode                 0x0800186d   Thumb Code     8  stm32f4xx_sdio.o(.text)
    SDIO_SetSDIOOperation                    0x08001875   Thumb Code     8  stm32f4xx_sdio.o(.text)
    SDIO_SendSDIOSuspendCmd                  0x0800187d   Thumb Code     6  stm32f4xx_sdio.o(.text)
    SDIO_CommandCompletionCmd                0x08001883   Thumb Code     8  stm32f4xx_sdio.o(.text)
    SDIO_CEATAITCmd                          0x0800188b   Thumb Code    12  stm32f4xx_sdio.o(.text)
    SDIO_SendCEATACmd                        0x08001897   Thumb Code     8  stm32f4xx_sdio.o(.text)
    SDIO_DMACmd                              0x0800189f   Thumb Code     8  stm32f4xx_sdio.o(.text)
    SDIO_ITConfig                            0x080018a7   Thumb Code    34  stm32f4xx_sdio.o(.text)
    SDIO_GetFlagStatus                       0x080018c9   Thumb Code    22  stm32f4xx_sdio.o(.text)
    SDIO_ClearFlag                           0x080018df   Thumb Code     8  stm32f4xx_sdio.o(.text)
    SDIO_GetITStatus                         0x080018e7   Thumb Code    22  stm32f4xx_sdio.o(.text)
    SDIO_ClearITPendingBit                   0x080018fd   Thumb Code     8  stm32f4xx_sdio.o(.text)
    Xbee_poweron                             0x08001915   Thumb Code    70  usart.o(.text)
    IMU_Blue_POWER                           0x0800195b   Thumb Code    68  usart.o(.text)
    GPS_POWER                                0x0800199f   Thumb Code    74  usart.o(.text)
    SD_poweron                               0x080019e9   Thumb Code    68  usart.o(.text)
    Modules_Power_Control                    0x08001a2d   Thumb Code    82  usart.o(.text)
    clear_usart                              0x08001a7f   Thumb Code    60  usart.o(.text)
    USART_INIT                               0x08001abb   Thumb Code   510  usart.o(.text)
    USART_WRITE_ONE                          0x08001cb9   Thumb Code   132  usart.o(.text)
    USART_Write_LEN                          0x08001d3d   Thumb Code    34  usart.o(.text)
    usart_rect_len                           0x08001d5f   Thumb Code   112  usart.o(.text)
    usart_in_queue                           0x08001dcf   Thumb Code   234  usart.o(.text)
    usart_out_queue                          0x08001eb9   Thumb Code   198  usart.o(.text)
    USART_RECV_DATA_LEN                      0x08001f7f   Thumb Code    42  usart.o(.text)
    USART1_IRQHandler                        0x08001fa9   Thumb Code    48  usart.o(.text)
    USART2_IRQHandler                        0x08001fd9   Thumb Code    50  usart.o(.text)
    USART3_IRQHandler                        0x0800200b   Thumb Code    50  usart.o(.text)
    i2cInit                                  0x08002055   Thumb Code   110  i2c.o(.text)
    i2cStart                                 0x080020c3   Thumb Code    76  i2c.o(.text)
    i2cStop                                  0x0800210f   Thumb Code    82  i2c.o(.text)
    i2cWait_Ack                              0x08002161   Thumb Code   120  i2c.o(.text)
    i2cAck                                   0x080021d9   Thumb Code    76  i2c.o(.text)
    i2cNAck                                  0x08002225   Thumb Code    76  i2c.o(.text)
    i2cSend_Byte                             0x08002271   Thumb Code   118  i2c.o(.text)
    IICSendByteAck                           0x080022e7   Thumb Code    26  i2c.o(.text)
    i2cRead_Byte                             0x08002301   Thumb Code   104  i2c.o(.text)
    Write_single_reg                         0x08002369   Thumb Code    48  i2c.o(.text)
    Write_multiple_reg                       0x08002399   Thumb Code    66  i2c.o(.text)
    Read_single_reg                          0x080023db   Thumb Code    62  i2c.o(.text)
    Read_multiple_reg                        0x08002419   Thumb Code   100  i2c.o(.text)
    readSensor_U8                            0x0800247d   Thumb Code    80  i2c.o(.text)
    readSensor_U16                           0x080024cd   Thumb Code    98  i2c.o(.text)
    writeSensor_u8                           0x0800252f   Thumb Code    72  i2c.o(.text)
    writeSensor_u16                          0x08002577   Thumb Code    90  i2c.o(.text)
    fputc                                    0x080025d1   Thumb Code    18  retarget.o(.text)
    fgetc                                    0x080025e3   Thumb Code     6  retarget.o(.text)
    fclose                                   0x080025e9   Thumb Code     6  retarget.o(.text)
    ferror                                   0x080025ef   Thumb Code     8  retarget.o(.text)
    fseek                                    0x080025f7   Thumb Code     6  retarget.o(.text)
    fflush                                   0x080025fd   Thumb Code     6  retarget.o(.text)
    _ttywrch                                 0x08002603   Thumb Code     2  retarget.o(.text)
    _sys_exit                                0x08002605   Thumb Code     4  retarget.o(.text)
    Init_ITG3205                             0x08002609   Thumb Code    44  imu.o(.text)
    READ_ITG3205_XYZT                        0x08002635   Thumb Code   408  imu.o(.text)
    Init_ADXL345                             0x080027cd   Thumb Code    74  imu.o(.text)
    ADXL345_Read_XYZt                        0x08002817   Thumb Code   262  imu.o(.text)
    Init_HMC5883L                            0x0800291d   Thumb Code    24  imu.o(.text)
    HMC5883L_Read_XYZt                       0x08002935   Thumb Code   476  imu.o(.text)
    IMU_INIT                                 0x08002b11   Thumb Code    62  imu.o(.text)
    normalize                                0x08002b4f   Thumb Code   218  imu.o(.text)
    vector_product                           0x08002c29   Thumb Code    44  imu.o(.text)
    scalar_product                           0x08002c55   Thumb Code    20  imu.o(.text)
    evaluate_rotation_matrix_imu             0x08002c69   Thumb Code   804  imu.o(.text)
    GMTconvert                               0x08002fbf   Thumb Code   356  gps_decode.o(.text)
    GPS_Config                               0x080031c7   Thumb Code    20  gps_decode.o(.text)
    DMA2_Stream2_IRQHandler                  0x080031db   Thumb Code    70  gps_decode.o(.text)
    nmea_pack_type                           0x08003221   Thumb Code   116  gps_decode.o(.text)
    GPS_Check_CRC                            0x08003295   Thumb Code    86  gps_decode.o(.text)
    nmea_atoi                                0x080032eb   Thumb Code    50  gps_decode.o(.text)
    nmea_atof                                0x0800331d   Thumb Code    66  gps_decode.o(.text)
    GET_NMEA_TIME                            0x0800335f   Thumb Code   190  gps_decode.o(.text)
    GET_Comma_Between_Paragraphs             0x0800341d   Thumb Code   166  gps_decode.o(.text)
    NMEA_Parse_GPGGA                         0x080034c3   Thumb Code   462  gps_decode.o(.text)
    NMEA_Parse_GPGSA                         0x08003691   Thumb Code   248  gps_decode.o(.text)
    NMEA_Parse_GPGSV                         0x08003789   Thumb Code   448  gps_decode.o(.text)
    NMEA_Parse_GPRMC                         0x08003949   Thumb Code   328  gps_decode.o(.text)
    NMEA_Parse_GPVTG                         0x08003a91   Thumb Code   240  gps_decode.o(.text)
    NMEA_Parse_GPGLL                         0x08003b81   Thumb Code   182  gps_decode.o(.text)
    Draw_Parse_Message_CRC                   0x08003c37   Thumb Code   162  gps_decode.o(.text)
    NMEA0183_protocol_analysis               0x08003cd9   Thumb Code   420  gps_decode.o(.text)
    GPS_Parse_Decode                         0x08003e7d   Thumb Code   288  gps_decode.o(.text)
    ff_convert                               0x08004029   Thumb Code   116  cc936.o(.text)
    ff_wtoupper                              0x0800409d   Thumb Code    46  cc936.o(.text)
    SDIO_Register_Deinit                     0x080040dd   Thumb Code    48  sdio_sdcard.o(.text)
    SD_SetDeviceMode                         0x0800410d   Thumb Code    20  sdio_sdcard.o(.text)
    SDIO_Clock_Set                           0x08004121   Thumb Code    18  sdio_sdcard.o(.text)
    CmdResp1Error                            0x08004133   Thumb Code    96  sdio_sdcard.o(.text)
    FindSCR                                  0x08004193   Thumb Code   390  sdio_sdcard.o(.text)
    SDEnWideBus                              0x08004319   Thumb Code   160  sdio_sdcard.o(.text)
    SD_EnableWideBusOperation                0x080043b9   Thumb Code    98  sdio_sdcard.o(.text)
    SD_SelectDeselect                        0x0800441b   Thumb Code    42  sdio_sdcard.o(.text)
    SD_GetCardInfo                           0x08004445   Thumb Code   806  sdio_sdcard.o(.text)
    CmdResp2Error                            0x0800476b   Thumb Code    80  sdio_sdcard.o(.text)
    CmdResp6Error                            0x080047bb   Thumb Code   144  sdio_sdcard.o(.text)
    SD_InitializeCards                       0x0800484b   Thumb Code   354  sdio_sdcard.o(.text)
    CmdResp3Error                            0x080049ad   Thumb Code    52  sdio_sdcard.o(.text)
    CmdResp7Error                            0x080049e1   Thumb Code    72  sdio_sdcard.o(.text)
    CmdError                                 0x08004a29   Thumb Code    48  sdio_sdcard.o(.text)
    SD_PowerON                               0x08004a59   Thumb Code   460  sdio_sdcard.o(.text)
    SD_Init                                  0x08004c25   Thumb Code   334  sdio_sdcard.o(.text)
    SD_PowerOFF                              0x08004d73   Thumb Code    12  sdio_sdcard.o(.text)
    SD_DMA_Config                            0x08004d7f   Thumb Code   118  sdio_sdcard.o(.text)
    convert_from_bytes_to_power_of_two       0x08004df5   Thumb Code    18  sdio_sdcard.o(.text)
    SD_ReadBlock                             0x08004e07   Thumb Code   578  sdio_sdcard.o(.text)
    SD_ReadMultiBlocks                       0x08005049   Thumb Code   762  sdio_sdcard.o(.text)
    IsCardProgramming                        0x08005343   Thumb Code   150  sdio_sdcard.o(.text)
    SD_WriteBlock                            0x080053d9   Thumb Code   914  sdio_sdcard.o(.text)
    SD_WriteMultiBlocks                      0x0800576b   Thumb Code   976  sdio_sdcard.o(.text)
    SD_ProcessIRQSrc                         0x08005b3b   Thumb Code   322  sdio_sdcard.o(.text)
    SDIO_IRQHandler                          0x08005c7d   Thumb Code     8  sdio_sdcard.o(.text)
    SD_SendStatus                            0x08005c85   Thumb Code    74  sdio_sdcard.o(.text)
    SD_GetState                              0x08005ccf   Thumb Code    26  sdio_sdcard.o(.text)
    SD_ReadDisk                              0x08005ce9   Thumb Code   192  sdio_sdcard.o(.text)
    SD_WriteDisk                             0x08005da9   Thumb Code   152  sdio_sdcard.o(.text)
    clust2sect                               0x08005ff7   Thumb Code    26  ff.o(.text)
    get_fat                                  0x08006011   Thumb Code   232  ff.o(.text)
    put_fat                                  0x080060f9   Thumb Code   310  ff.o(.text)
    dir_sdi                                  0x080063a3   Thumb Code   158  ff.o(.text)
    f_mount                                  0x08007415   Thumb Code    86  ff.o(.text)
    f_open                                   0x0800746b   Thumb Code   384  ff.o(.text)
    f_read                                   0x080075eb   Thumb Code   448  ff.o(.text)
    f_write                                  0x080077ab   Thumb Code   490  ff.o(.text)
    f_sync                                   0x08007995   Thumb Code   176  ff.o(.text)
    f_close                                  0x08007a45   Thumb Code    36  ff.o(.text)
    f_lseek                                  0x08007a69   Thumb Code   654  ff.o(.text)
    f_opendir                                0x08007cf7   Thumb Code   136  ff.o(.text)
    f_closedir                               0x08007d7f   Thumb Code    22  ff.o(.text)
    f_readdir                                0x08007d95   Thumb Code   114  ff.o(.text)
    f_stat                                   0x08007e07   Thumb Code    84  ff.o(.text)
    f_getfree                                0x08007e5b   Thumb Code   258  ff.o(.text)
    f_truncate                               0x08007f5d   Thumb Code   184  ff.o(.text)
    f_unlink                                 0x08008015   Thumb Code   194  ff.o(.text)
    f_mkdir                                  0x080080d7   Thumb Code   380  ff.o(.text)
    f_chmod                                  0x08008253   Thumb Code   112  ff.o(.text)
    f_utime                                  0x080082c3   Thumb Code   110  ff.o(.text)
    f_rename                                 0x08008331   Thumb Code   314  ff.o(.text)
    f_getlabel                               0x0800846b   Thumb Code   190  ff.o(.text)
    f_setlabel                               0x08008529   Thumb Code   470  ff.o(.text)
    f_mkfs                                   0x080086ff   Thumb Code  1570  ff.o(.text)
    f_gets                                   0x08008d21   Thumb Code    82  ff.o(.text)
    f_putc                                   0x08008db7   Thumb Code    64  ff.o(.text)
    f_puts                                   0x08008df7   Thumb Code    74  ff.o(.text)
    f_printf                                 0x08008e41   Thumb Code   674  ff.o(.text)
    exfuns_init                              0x080090e5   Thumb Code   114  exfuns.o(.text)
    char_upper                               0x08009157   Thumb Code    26  exfuns.o(.text)
    f_typetell                               0x08009171   Thumb Code   172  exfuns.o(.text)
    exf_getfree                              0x0800921d   Thumb Code    74  exfuns.o(.text)
    Write_SD                                 0x08009267   Thumb Code   136  exfuns.o(.text)
    Read_SD                                  0x080092ef   Thumb Code    94  exfuns.o(.text)
    SD_Creat_File                            0x0800934d   Thumb Code    74  exfuns.o(.text)
    mymemcpy                                 0x080093ad   Thumb Code    26  malloc.o(.text)
    mymemset                                 0x080093c7   Thumb Code    20  malloc.o(.text)
    my_mem_init                              0x080093db   Thumb Code    54  malloc.o(.text)
    my_mem_perused                           0x08009411   Thumb Code    54  malloc.o(.text)
    my_mem_malloc                            0x08009447   Thumb Code   154  malloc.o(.text)
    my_mem_free                              0x080094e1   Thumb Code    94  malloc.o(.text)
    myfree                                   0x0800953f   Thumb Code    32  malloc.o(.text)
    mymalloc                                 0x0800955f   Thumb Code    36  malloc.o(.text)
    myrealloc                                0x08009583   Thumb Code    68  malloc.o(.text)
    disk_initialize                          0x080095d9   Thumb Code    40  diskio.o(.text)
    disk_status                              0x08009601   Thumb Code     6  diskio.o(.text)
    disk_read                                0x08009607   Thumb Code    94  diskio.o(.text)
    disk_write                               0x08009665   Thumb Code    94  diskio.o(.text)
    disk_ioctl                               0x080096c3   Thumb Code   170  diskio.o(.text)
    get_fattime                              0x0800976d   Thumb Code     4  diskio.o(.text)
    ff_memalloc                              0x08009771   Thumb Code    14  diskio.o(.text)
    ff_memfree                               0x0800977f   Thumb Code    14  diskio.o(.text)
    __aeabi_ldivmod                          0x08009795   Thumb Code    98  ldiv.o(.text)
    __aeabi_memcpy                           0x080097f7   Thumb Code    36  memcpya.o(.text)
    __aeabi_memcpy4                          0x080097f7   Thumb Code     0  memcpya.o(.text)
    __aeabi_memcpy8                          0x080097f7   Thumb Code     0  memcpya.o(.text)
    __aeabi_memset                           0x0800981b   Thumb Code    14  memseta.o(.text)
    __aeabi_memset4                          0x0800981b   Thumb Code     0  memseta.o(.text)
    __aeabi_memset8                          0x0800981b   Thumb Code     0  memseta.o(.text)
    __aeabi_memclr                           0x08009829   Thumb Code     4  memseta.o(.text)
    __aeabi_memclr4                          0x08009829   Thumb Code     0  memseta.o(.text)
    __aeabi_memclr8                          0x08009829   Thumb Code     0  memseta.o(.text)
    _memset$wrapper                          0x0800982d   Thumb Code    18  memseta.o(.text)
    strchr                                   0x0800983f   Thumb Code    20  strchr.o(.text)
    strlen                                   0x08009853   Thumb Code    14  strlen.o(.text)
    strcmp                                   0x08009861   Thumb Code    28  strcmp.o(.text)
    memcmp                                   0x0800987d   Thumb Code    26  memcmp.o(.text)
    strcpy                                   0x08009897   Thumb Code    18  strcpy.o(.text)
    strncmp                                  0x080098a9   Thumb Code    30  strncmp.o(.text)
    strtol                                   0x080098c7   Thumb Code   112  strtol.o(.text)
    atoi                                     0x08009937   Thumb Code    26  atoi.o(.text)
    __aeabi_dadd                             0x08009951   Thumb Code   322  dadd.o(.text)
    __aeabi_dsub                             0x08009a93   Thumb Code     6  dadd.o(.text)
    __aeabi_drsub                            0x08009a99   Thumb Code     6  dadd.o(.text)
    __aeabi_dmul                             0x08009a9f   Thumb Code   228  dmul.o(.text)
    __aeabi_ddiv                             0x08009b83   Thumb Code   222  ddiv.o(.text)
    __aeabi_i2d                              0x08009c61   Thumb Code    34  dflti.o(.text)
    __aeabi_ui2d                             0x08009c83   Thumb Code    26  dfltui.o(.text)
    __aeabi_d2iz                             0x08009c9d   Thumb Code    62  dfixi.o(.text)
    __aeabi_d2uiz                            0x08009cdb   Thumb Code    50  dfixui.o(.text)
    __aeabi_f2d                              0x08009d0d   Thumb Code    38  f2d.o(.text)
    __aeabi_d2f                              0x08009d33   Thumb Code    56  d2f.o(.text)
    __aeabi_uidiv                            0x08009d6b   Thumb Code     0  uidiv.o(.text)
    __aeabi_uidivmod                         0x08009d6b   Thumb Code    44  uidiv.o(.text)
    __aeabi_uldivmod                         0x08009d97   Thumb Code    98  uldiv.o(.text)
    __aeabi_llsl                             0x08009df9   Thumb Code    30  llshl.o(.text)
    _ll_shift_l                              0x08009df9   Thumb Code     0  llshl.o(.text)
    __aeabi_llsr                             0x08009e17   Thumb Code    32  llushr.o(.text)
    _ll_ushift_r                             0x08009e17   Thumb Code     0  llushr.o(.text)
    __aeabi_lasr                             0x08009e37   Thumb Code    36  llsshr.o(.text)
    _ll_sshift_r                             0x08009e37   Thumb Code     0  llsshr.o(.text)
    __rt_ctype_table                         0x08009e5d   Thumb Code     4  ctype_o.o(.text)
    isspace                                  0x08009e65   Thumb Code    18  isspace_o.o(.text)
    _strtoul                                 0x08009e77   Thumb Code   158  _strtoul.o(.text)
    __strtod_int                             0x08009f4b   Thumb Code    88  strtod.o(.text)
    __I$use$fp                               0x08009fb1   Thumb Code     0  iusefp.o(.text)
    _float_round                             0x08009fb1   Thumb Code    18  fepilogue.o(.text)
    _float_epilogue                          0x08009fc3   Thumb Code    92  fepilogue.o(.text)
    _double_round                            0x0800a01f   Thumb Code    30  depilogue.o(.text)
    _double_epilogue                         0x0800a03d   Thumb Code   156  depilogue.o(.text)
    __ARM_scalbn                             0x0800a0d9   Thumb Code    46  dscalb.o(.text)
    scalbn                                   0x0800a0d9   Thumb Code     0  dscalb.o(.text)
    _dsqrt                                   0x0800a107   Thumb Code   162  dsqrt.o(.text)
    __aeabi_d2ulz                            0x0800a1a9   Thumb Code    48  dfixul.o(.text)
    __aeabi_cdrcmple                         0x0800a1d9   Thumb Code    48  cdrcmple.o(.text)
    __scatterload                            0x0800a209   Thumb Code    28  init.o(.text)
    __scatterload_rt2                        0x0800a209   Thumb Code     0  init.o(.text)
    _chval                                   0x0800a22d   Thumb Code    28  _chval.o(.text)
    _scanf_real                              0x0800a349   Thumb Code     0  scanf_fp.o(.text)
    _scanf_really_real                       0x0800a349   Thumb Code   556  scanf_fp.o(.text)
    _sgetc                                   0x0800a581   Thumb Code    30  _sgetc.o(.text)
    _sbackspace                              0x0800a59f   Thumb Code    34  _sgetc.o(.text)
    __aeabi_ul2d                             0x0800a5c1   Thumb Code    24  dfltul.o(.text)
    __0printf                                0x0800a5d9   Thumb Code    22  printfa.o(i.__0printf)
    __1printf                                0x0800a5d9   Thumb Code     0  printfa.o(i.__0printf)
    __2printf                                0x0800a5d9   Thumb Code     0  printfa.o(i.__0printf)
    __c89printf                              0x0800a5d9   Thumb Code     0  printfa.o(i.__0printf)
    printf                                   0x0800a5d9   Thumb Code     0  printfa.o(i.__0printf)
    __0sprintf                               0x0800a5f9   Thumb Code    34  printfa.o(i.__0sprintf)
    __1sprintf                               0x0800a5f9   Thumb Code     0  printfa.o(i.__0sprintf)
    __2sprintf                               0x0800a5f9   Thumb Code     0  printfa.o(i.__0sprintf)
    __c89sprintf                             0x0800a5f9   Thumb Code     0  printfa.o(i.__0sprintf)
    sprintf                                  0x0800a5f9   Thumb Code     0  printfa.o(i.__0sprintf)
    __ARM_fpclassify                         0x0800a621   Thumb Code    48  fpclassify.o(i.__ARM_fpclassify)
    __aeabi_errno_addr                       0x0800a651   Thumb Code     4  errno.o(i.__aeabi_errno_addr)
    __rt_errno_addr                          0x0800a651   Thumb Code     0  errno.o(i.__aeabi_errno_addr)
    __hardfp_atan                            0x0800a659   Thumb Code   622  atan.o(i.__hardfp_atan)
    __hardfp_atan2                           0x0800a931   Thumb Code   432  atan2.o(i.__hardfp_atan2)
    __hardfp_pow                             0x0800ab21   Thumb Code  3072  pow.o(i.__hardfp_pow)
    __hardfp_sqrt                            0x0800b771   Thumb Code   122  sqrt.o(i.__hardfp_sqrt)
    __hardfp_strtod                          0x0800b7f1   Thumb Code    30  strtod.o(i.__hardfp_strtod)
    __kernel_poly                            0x0800b819   Thumb Code   248  poly.o(i.__kernel_poly)
    __mathlib_dbl_divzero                    0x0800b911   Thumb Code    28  dunder.o(i.__mathlib_dbl_divzero)
    __mathlib_dbl_infnan                     0x0800b941   Thumb Code    20  dunder.o(i.__mathlib_dbl_infnan)
    __mathlib_dbl_infnan2                    0x0800b955   Thumb Code    20  dunder.o(i.__mathlib_dbl_infnan2)
    __mathlib_dbl_invalid                    0x0800b969   Thumb Code    24  dunder.o(i.__mathlib_dbl_invalid)
    __mathlib_dbl_overflow                   0x0800b989   Thumb Code    24  dunder.o(i.__mathlib_dbl_overflow)
    __mathlib_dbl_underflow                  0x0800b9a9   Thumb Code    24  dunder.o(i.__mathlib_dbl_underflow)
    __scatterload_copy                       0x0800b9c9   Thumb Code    14  handlers.o(i.__scatterload_copy)
    __scatterload_null                       0x0800b9d7   Thumb Code     2  handlers.o(i.__scatterload_null)
    __scatterload_zeroinit                   0x0800b9d9   Thumb Code    14  handlers.o(i.__scatterload_zeroinit)
    __set_errno                              0x0800b9e9   Thumb Code     6  errno.o(i.__set_errno)
    _is_digit                                0x0800bb59   Thumb Code    14  scanf_fp.o(i._is_digit)
    atan                                     0x0800c2a1   Thumb Code    16  atan.o(i.atan)
    fabs                                     0x0800c2b1   Thumb Code    24  fabs.o(i.fabs)
    sqrt                                     0x0800c2c9   Thumb Code   110  sqrt.o(i.sqrt)
    FILE_TYPE_TBL                            0x08037038   Data         112  exfuns.o(.constdata)
    memtblsize                               0x080370a8   Data          12  malloc.o(.constdata)
    memblksize                               0x080370b4   Data          12  malloc.o(.constdata)
    memsize                                  0x080370c0   Data          12  malloc.o(.constdata)
    __mathlib_zero                           0x080371f0   Data           8  qnan.o(.constdata)
    __ctype_table                            0x080371f8   Data         129  ctype_o.o(.constdata)
    Region$$Table$$Base                      0x080372f4   Number         0  anon$$obj.o(Region$$Table)
    Region$$Table$$Limit                     0x08037314   Number         0  anon$$obj.o(Region$$Table)
    mem3base                                 0x10000000   Data       61440  malloc.o(.ARM.__AT_0x10000000)
    mem3mapbase                              0x1000f000   Data        3840  malloc.o(.ARM.__AT_0x1000F000)
    SystemCoreClock                          0x20000000   Data           4  system_stm32f4xx.o(.data)
    AHBPrescTable                            0x20000004   Data          16  system_stm32f4xx.o(.data)
    DelayOut                                 0x2000001c   Data           4  sysdelay.o(.data)
    __stdout                                 0x20000030   Data           4  retarget.o(.data)
    __stdin                                  0x20000034   Data           4  retarget.o(.data)
    __stderr                                 0x20000038   Data           4  retarget.o(.data)
    ITG3205_X                                0x2000003c   Data           2  imu.o(.data)
    ITG3205_Y                                0x2000003e   Data           2  imu.o(.data)
    ITG3205_Z                                0x20000040   Data           2  imu.o(.data)
    ITG3205_T                                0x20000042   Data           2  imu.o(.data)
    ADXL345_X                                0x20000044   Data           2  imu.o(.data)
    ADXL345_Y                                0x20000046   Data           2  imu.o(.data)
    ADXL345_Z                                0x20000048   Data           2  imu.o(.data)
    HMC5883L_X                               0x2000004a   Data           2  imu.o(.data)
    HMC5883L_Y                               0x2000004c   Data           2  imu.o(.data)
    HMC5883L_Z                               0x2000004e   Data           2  imu.o(.data)
    ADXL345_X_AXIS                           0x20000050   Data           4  imu.o(.data)
    ADXL345_Y_AXIS                           0x20000054   Data           4  imu.o(.data)
    ADXL345_Z_AXIS                           0x20000058   Data           4  imu.o(.data)
    conver_x                                 0x2000005c   Data           4  imu.o(.data)
    conver_y                                 0x20000060   Data           4  imu.o(.data)
    conver_z                                 0x20000064   Data           4  imu.o(.data)
    HMC5883L_ARC                             0x20000068   Data           4  imu.o(.data)
    scal_prod                                0x2000006c   Data           4  imu.o(.data)
    GPS_TransferEnd                          0x20000070   Data           1  gps_decode.o(.data)
    GPS_HalfTransferEnd                      0x20000071   Data           1  gps_decode.o(.data)
    TransferError                            0x20000096   Data           1  sdio_sdcard.o(.data)
    TransferEnd                              0x20000097   Data           1  sdio_sdcard.o(.data)
    tempbuff                                 0x20000098   Data           4  sdio_sdcard.o(.data)
    file                                     0x200000a0   Data           4  exfuns.o(.data)
    ftemp                                    0x200000a4   Data           4  exfuns.o(.data)
    br                                       0x200000a8   Data           4  exfuns.o(.data)
    bw                                       0x200000ac   Data           4  exfuns.o(.data)
    fatbuf                                   0x200000b0   Data           4  exfuns.o(.data)
    mallco_dev                               0x200000b4   Data          36  malloc.o(.data)
    FLASH_SECTOR_COUNT                       0x200000d8   Data           2  diskio.o(.data)
    usart1_recv                              0x200000e0   Data         516  usart.o(.bss)
    usart2_recv                              0x200002e4   Data         516  usart.o(.bss)
    usart3_recv                              0x200004e8   Data         516  usart.o(.bss)
    normal_mat                               0x200006ec   Data          12  imu.o(.bss)
    vec_prod                                 0x200006f8   Data          12  imu.o(.bss)
    gps_recv_buff                            0x20000704   Data         512  gps_decode.o(.bss)
    info                                     0x20000aa8   Data         360  gps_decode.o(.bss)
    SDIO_InitStructure                       0x20000c98   Data          24  sdio_sdcard.o(.bss)
    SDIO_CmdInitStructure                    0x20000cb0   Data          20  sdio_sdcard.o(.bss)
    SDIO_DataInitStructure                   0x20000cc4   Data          24  sdio_sdcard.o(.bss)
    SDCardInfo                               0x20000d00   Data          88  sdio_sdcard.o(.bss)
    SDIO_DATA_BUFFER                         0x20000d58   Data         512  sdio_sdcard.o(.bss)
    fs                                       0x20000f64   Data          12  exfuns.o(.bss)
    fileinfo                                 0x20000f70   Data          32  exfuns.o(.bss)
    dir                                      0x20000f90   Data          36  exfuns.o(.bss)
    mem1base                                 0x20000fc0   Data       102400  malloc.o(.bss)
    mem1mapbase                              0x20019fc0   Data        6400  malloc.o(.bss)
    __initial_sp                             0x2001bcc0   Data           0  startup_stm32f4xx.o(STACK)
    mem2base                                 0x68000000   Data       983040  malloc.o(.ARM.__AT_0x68000000)
    mem2mapbase                              0x680f0000   Data       61440  malloc.o(.ARM.__AT_0x680F0000)



==============================================================================

Memory Map of the image

  Image Entry point : 0x08000189

  Load Region LR_IROM1 (Base: 0x08000000, Size: 0x000373f4, Max: 0x00100000, ABSOLUTE)

    Execution Region ER_IROM1 (Base: 0x08000000, Size: 0x00037314, Max: 0x00100000, ABSOLUTE)

    Base Addr    Size         Type   Attr      Idx    E Section Name        Object

    0x08000000   0x00000188   Data   RO            3    RESET               startup_stm32f4xx.o
    0x08000188   0x00000000   Code   RO          748  * .ARM.Collect$$$$00000000  mc_w.l(entry.o)
    0x08000188   0x00000004   Code   RO         1093    .ARM.Collect$$$$00000001  mc_w.l(entry2.o)
    0x0800018c   0x00000004   Code   RO         1096    .ARM.Collect$$$$00000004  mc_w.l(entry5.o)
    0x08000190   0x00000000   Code   RO         1098    .ARM.Collect$$$$00000008  mc_w.l(entry7b.o)
    0x08000190   0x00000000   Code   RO         1100    .ARM.Collect$$$$0000000A  mc_w.l(entry8b.o)
    0x08000190   0x00000008   Code   RO         1101    .ARM.Collect$$$$0000000B  mc_w.l(entry9a.o)
    0x08000198   0x00000000   Code   RO         1103    .ARM.Collect$$$$0000000D  mc_w.l(entry10a.o)
    0x08000198   0x00000000   Code   RO         1105    .ARM.Collect$$$$0000000F  mc_w.l(entry11a.o)
    0x08000198   0x00000004   Code   RO         1094    .ARM.Collect$$$$00002712  mc_w.l(entry2.o)
    0x0800019c   0x00000010   Code   RO          560    .emb_text           sdio_sdcard.o
    0x080001ac   0x00000024   Code   RO            4    .text               startup_stm32f4xx.o
    0x080001d0   0x00000020   Code   RO           11    .text               stm32f4xx_it.o
    0x080001f0   0x00000210   Code   RO          104    .text               system_stm32f4xx.o
    0x08000400   0x00000220   Code   RO          126    .text               main.o
    0x08000620   0x00000090   Code   RO          189    .text               sysdelay.o
    0x080006b0   0x0000041a   Code   RO          208    .text               stm32f4xx_usart.o
    0x08000aca   0x00000002   PAD
    0x08000acc   0x000000e0   Code   RO          224    .text               misc.o
    0x08000bac   0x000003a8   Code   RO          240    .text               stm32f4xx_dma.o
    0x08000f54   0x00000588   Code   RO          256    .text               stm32f4xx_rcc.o
    0x080014dc   0x0000025c   Code   RO          274    .text               stm32f4xx_gpio.o
    0x08001738   0x000001dc   Code   RO          379    .text               stm32f4xx_sdio.o
    0x08001914   0x00000740   Code   RO          430    .text               usart.o
    0x08002054   0x0000057c   Code   RO          449    .text               i2c.o
    0x080025d0   0x00000038   Code   RO          465    .text               retarget.o
    0x08002608   0x00000984   Code   RO          503    .text               imu.o
    0x08002f8c   0x0000109c   Code   RO          523    .text               gps_decode.o
    0x08004028   0x000000b4   Code   RO          543    .text               cc936.o
    0x080040dc   0x00001d6c   Code   RO          561    .text               sdio_sdcard.o
    0x08005e48   0x0000329a   Code   RO          583    .text               ff.o
    0x080090e2   0x00000002   PAD
    0x080090e4   0x000002c8   Code   RO          633    .text               exfuns.o
    0x080093ac   0x0000022c   Code   RO          658    .text               malloc.o
    0x080095d8   0x000001bc   Code   RO          686    .text               diskio.o
    0x08009794   0x00000062   Code   RO          751    .text               mc_w.l(ldiv.o)
    0x080097f6   0x00000024   Code   RO          753    .text               mc_w.l(memcpya.o)
    0x0800981a   0x00000024   Code   RO          755    .text               mc_w.l(memseta.o)
    0x0800983e   0x00000014   Code   RO          757    .text               mc_w.l(strchr.o)
    0x08009852   0x0000000e   Code   RO          759    .text               mc_w.l(strlen.o)
    0x08009860   0x0000001c   Code   RO          761    .text               mc_w.l(strcmp.o)
    0x0800987c   0x0000001a   Code   RO          763    .text               mc_w.l(memcmp.o)
    0x08009896   0x00000012   Code   RO          765    .text               mc_w.l(strcpy.o)
    0x080098a8   0x0000001e   Code   RO          767    .text               mc_w.l(strncmp.o)
    0x080098c6   0x00000070   Code   RO         1032    .text               mc_w.l(strtol.o)
    0x08009936   0x0000001a   Code   RO         1034    .text               mc_w.l(atoi.o)
    0x08009950   0x0000014e   Code   RO         1036    .text               mf_w.l(dadd.o)
    0x08009a9e   0x000000e4   Code   RO         1038    .text               mf_w.l(dmul.o)
    0x08009b82   0x000000de   Code   RO         1040    .text               mf_w.l(ddiv.o)
    0x08009c60   0x00000022   Code   RO         1042    .text               mf_w.l(dflti.o)
    0x08009c82   0x0000001a   Code   RO         1044    .text               mf_w.l(dfltui.o)
    0x08009c9c   0x0000003e   Code   RO         1046    .text               mf_w.l(dfixi.o)
    0x08009cda   0x00000032   Code   RO         1048    .text               mf_w.l(dfixui.o)
    0x08009d0c   0x00000026   Code   RO         1050    .text               mf_w.l(f2d.o)
    0x08009d32   0x00000038   Code   RO         1052    .text               mf_w.l(d2f.o)
    0x08009d6a   0x0000002c   Code   RO         1107    .text               mc_w.l(uidiv.o)
    0x08009d96   0x00000062   Code   RO         1109    .text               mc_w.l(uldiv.o)
    0x08009df8   0x0000001e   Code   RO         1111    .text               mc_w.l(llshl.o)
    0x08009e16   0x00000020   Code   RO         1113    .text               mc_w.l(llushr.o)
    0x08009e36   0x00000024   Code   RO         1115    .text               mc_w.l(llsshr.o)
    0x08009e5a   0x00000002   PAD
    0x08009e5c   0x00000008   Code   RO         1117    .text               mc_w.l(ctype_o.o)
    0x08009e64   0x00000012   Code   RO         1139    .text               mc_w.l(isspace_o.o)
    0x08009e76   0x0000009e   Code   RO         1152    .text               mc_w.l(_strtoul.o)
    0x08009f14   0x0000009c   Code   RO         1154    .text               mc_w.l(strtod.o)
    0x08009fb0   0x00000000   Code   RO         1156    .text               mc_w.l(iusefp.o)
    0x08009fb0   0x0000006e   Code   RO         1157    .text               mf_w.l(fepilogue.o)
    0x0800a01e   0x000000ba   Code   RO         1159    .text               mf_w.l(depilogue.o)
    0x0800a0d8   0x0000002e   Code   RO         1163    .text               mf_w.l(dscalb.o)
    0x0800a106   0x000000a2   Code   RO         1165    .text               mf_w.l(dsqrt.o)
    0x0800a1a8   0x00000030   Code   RO         1167    .text               mf_w.l(dfixul.o)
    0x0800a1d8   0x00000030   Code   RO         1171    .text               mf_w.l(cdrcmple.o)
    0x0800a208   0x00000024   Code   RO         1173    .text               mc_w.l(init.o)
    0x0800a22c   0x0000001c   Code   RO         1177    .text               mc_w.l(_chval.o)
    0x0800a248   0x00000338   Code   RO         1179    .text               mc_w.l(scanf_fp.o)
    0x0800a580   0x00000040   Code   RO         1183    .text               mc_w.l(_sgetc.o)
    0x0800a5c0   0x00000018   Code   RO         1188    .text               mf_w.l(dfltul.o)
    0x0800a5d8   0x00000020   Code   RO         1004    i.__0printf         mc_w.l(printfa.o)
    0x0800a5f8   0x00000028   Code   RO         1006    i.__0sprintf        mc_w.l(printfa.o)
    0x0800a620   0x00000030   Code   RO         1088    i.__ARM_fpclassify  m_wm.l(fpclassify.o)
    0x0800a650   0x00000008   Code   RO         1145    i.__aeabi_errno_addr  mc_w.l(errno.o)
    0x0800a658   0x000002d8   Code   RO         1054    i.__hardfp_atan     m_wm.l(atan.o)
    0x0800a930   0x000001f0   Code   RO          704    i.__hardfp_atan2    m_wm.l(atan2.o)
    0x0800ab20   0x00000c50   Code   RO          716    i.__hardfp_pow      m_wm.l(pow.o)
    0x0800b770   0x0000007a   Code   RO          730    i.__hardfp_sqrt     m_wm.l(sqrt.o)
    0x0800b7ea   0x00000006   PAD
    0x0800b7f0   0x00000028   Code   RO          742    i.__hardfp_strtod   m_wm.l(strtod.o)
    0x0800b818   0x000000f8   Code   RO         1090    i.__kernel_poly     m_wm.l(poly.o)
    0x0800b910   0x00000030   Code   RO         1068    i.__mathlib_dbl_divzero  m_wm.l(dunder.o)
    0x0800b940   0x00000014   Code   RO         1069    i.__mathlib_dbl_infnan  m_wm.l(dunder.o)
    0x0800b954   0x00000014   Code   RO         1070    i.__mathlib_dbl_infnan2  m_wm.l(dunder.o)
    0x0800b968   0x00000020   Code   RO         1071    i.__mathlib_dbl_invalid  m_wm.l(dunder.o)
    0x0800b988   0x00000020   Code   RO         1072    i.__mathlib_dbl_overflow  m_wm.l(dunder.o)
    0x0800b9a8   0x00000020   Code   RO         1074    i.__mathlib_dbl_underflow  m_wm.l(dunder.o)
    0x0800b9c8   0x0000000e   Code   RO         1192    i.__scatterload_copy  mc_w.l(handlers.o)
    0x0800b9d6   0x00000002   Code   RO         1193    i.__scatterload_null  mc_w.l(handlers.o)
    0x0800b9d8   0x0000000e   Code   RO         1194    i.__scatterload_zeroinit  mc_w.l(handlers.o)
    0x0800b9e6   0x00000002   PAD
    0x0800b9e8   0x0000000c   Code   RO         1147    i.__set_errno       mc_w.l(errno.o)
    0x0800b9f4   0x00000164   Code   RO         1011    i._fp_digits        mc_w.l(printfa.o)
    0x0800bb58   0x0000000e   Code   RO         1181    i._is_digit         mc_w.l(scanf_fp.o)
    0x0800bb66   0x00000002   PAD
    0x0800bb68   0x000006dc   Code   RO         1012    i._printf_core      mc_w.l(printfa.o)
    0x0800c244   0x00000024   Code   RO         1013    i._printf_post_padding  mc_w.l(printfa.o)
    0x0800c268   0x0000002e   Code   RO         1014    i._printf_pre_padding  mc_w.l(printfa.o)
    0x0800c296   0x0000000a   Code   RO         1016    i._sputc            mc_w.l(printfa.o)
    0x0800c2a0   0x00000010   Code   RO         1056    i.atan              m_wm.l(atan.o)
    0x0800c2b0   0x00000018   Code   RO         1084    i.fabs              m_wm.l(fabs.o)
    0x0800c2c8   0x0000006e   Code   RO          732    i.sqrt              m_wm.l(sqrt.o)
    0x0800c336   0x0002acc8   Data   RO          544    .constdata          cc936.o
    0x08036ffe   0x0000003a   Data   RO          585    .constdata          ff.o
    0x08037038   0x00000070   Data   RO          635    .constdata          exfuns.o
    0x080370a8   0x00000024   Data   RO          664    .constdata          malloc.o
    0x080370cc   0x00000004   PAD
    0x080370d0   0x00000088   Data   RO          719    .constdata          m_wm.l(pow.o)
    0x08037158   0x00000098   Data   RO         1057    .constdata          m_wm.l(atan.o)
    0x080371f0   0x00000008   Data   RO         1092    .constdata          m_wm.l(qnan.o)
    0x080371f8   0x00000081   Data   RO         1118    .constdata          mc_w.l(ctype_o.o)
    0x08037279   0x00000003   PAD
    0x0803727c   0x00000004   Data   RO         1119    .constdata          mc_w.l(ctype_o.o)
    0x08037280   0x0000002f   Data   RO          525    .conststring        gps_decode.o
    0x080372af   0x00000001   PAD
    0x080372b0   0x00000044   Data   RO          636    .conststring        exfuns.o
    0x080372f4   0x00000020   Data   RO         1190    Region$$Table       anon$$obj.o


    Execution Region RW_IRAM1 (Base: 0x20000000, Size: 0x0001bcc0, Max: 0x00020000, ABSOLUTE)

    Base Addr    Size         Type   Attr      Idx    E Section Name        Object

    0x20000000   0x00000014   Data   RW          105    .data               system_stm32f4xx.o
    0x20000014   0x00000003   Data   RW          127    .data               main.o
    0x20000017   0x00000001   PAD
    0x20000018   0x00000008   Data   RW          190    .data               sysdelay.o
    0x20000020   0x00000010   Data   RW          257    .data               stm32f4xx_rcc.o
    0x20000030   0x0000000c   Data   RW          466    .data               retarget.o
    0x2000003c   0x00000034   Data   RW          505    .data               imu.o
    0x20000070   0x0000001c   Data   RW          526    .data               gps_decode.o
    0x2000008c   0x00000010   Data   RW          563    .data               sdio_sdcard.o
    0x2000009c   0x00000002   Data   RW          586    .data               ff.o
    0x2000009e   0x00000002   PAD
    0x200000a0   0x00000014   Data   RW          637    .data               exfuns.o
    0x200000b4   0x00000024   Data   RW          665    .data               malloc.o
    0x200000d8   0x00000002   Data   RW          687    .data               diskio.o
    0x200000da   0x00000002   PAD
    0x200000dc   0x00000004   Data   RW         1148    .data               mc_w.l(errno.o)
    0x200000e0   0x0000060c   Zero   RW          431    .bss                usart.o
    0x200006ec   0x00000018   Zero   RW          504    .bss                imu.o
    0x20000704   0x00000590   Zero   RW          524    .bss                gps_decode.o
    0x20000c94   0x00000004   PAD
    0x20000c98   0x000002c0   Zero   RW          562    .bss                sdio_sdcard.o
    0x20000f58   0x0000000c   Zero   RW          584    .bss                ff.o
    0x20000f64   0x00000050   Zero   RW          634    .bss                exfuns.o
    0x20000fb4   0x0000000c   PAD
    0x20000fc0   0x0001a900   Zero   RW          663    .bss                malloc.o
    0x2001b8c0   0x00000400   Zero   RW            1    STACK               startup_stm32f4xx.o



  Load Region LR$$.ARM.__AT_0x10000000 (Base: 0x10000000, Size: 0x00000000, Max: 0x0000f000, ABSOLUTE)

    Execution Region ER$$.ARM.__AT_0x10000000 (Base: 0x10000000, Size: 0x0000f000, Max: 0x0000f000, ABSOLUTE, UNINIT)

    Base Addr    Size         Type   Attr      Idx    E Section Name        Object

    0x10000000   0x0000f000   Zero   RW          659    .ARM.__AT_0x10000000  malloc.o



  Load Region LR$$.ARM.__AT_0x1000F000 (Base: 0x1000f000, Size: 0x00000000, Max: 0x00000f00, ABSOLUTE)

    Execution Region ER$$.ARM.__AT_0x1000F000 (Base: 0x1000f000, Size: 0x00000f00, Max: 0x00000f00, ABSOLUTE, UNINIT)

    Base Addr    Size         Type   Attr      Idx    E Section Name        Object

    0x1000f000   0x00000f00   Zero   RW          660    .ARM.__AT_0x1000F000  malloc.o



  Load Region LR$$.ARM.__AT_0x68000000 (Base: 0x68000000, Size: 0x00000000, Max: 0x000f0000, ABSOLUTE)

    Execution Region ER$$.ARM.__AT_0x68000000 (Base: 0x68000000, Size: 0x000f0000, Max: 0x000f0000, ABSOLUTE, UNINIT)

    Base Addr    Size         Type   Attr      Idx    E Section Name        Object

    0x68000000   0x000f0000   Zero   RW          661    .ARM.__AT_0x68000000  malloc.o



  Load Region LR$$.ARM.__AT_0x680F0000 (Base: 0x680f0000, Size: 0x00000000, Max: 0x0000f000, ABSOLUTE)

    Execution Region ER$$.ARM.__AT_0x680F0000 (Base: 0x680f0000, Size: 0x0000f000, Max: 0x0000f000, ABSOLUTE, UNINIT)

    Base Addr    Size         Type   Attr      Idx    E Section Name        Object

    0x680f0000   0x0000f000   Zero   RW          662    .ARM.__AT_0x680F0000  malloc.o


==============================================================================

Image component sizes


      Code (inc. data)   RO Data    RW Data    ZI Data      Debug   Object Name

       180         18     175304          0          0       4269   cc936.o
       444          8          0          2          0       3514   diskio.o
       712         22        180         20         80       4203   exfuns.o
     12954        136         58          2         12      36490   ff.o
      4252        212         47         28       1424       9770   gps_decode.o
      1404          8          0          0          0       5373   i2c.o
      2436        200          0         52         24       5151   imu.o
       544        224          0          3          0      26955   main.o
       556         18         36         36    1218560       5013   malloc.o
       224         20          0          0          0       1913   misc.o
        56          0          0         12          0       3690   retarget.o
      7548        286          0         16        704      25937   sdio_sdcard.o
        36          8        392          0       1024        848   startup_stm32f4xx.o
       936         32          0          0          0       6485   stm32f4xx_dma.o
       604         36          0          0          0       4217   stm32f4xx_gpio.o
        32          0          0          0          0     240134   stm32f4xx_it.o
      1416         48          0         16          0      11187   stm32f4xx_rcc.o
       476         16          0          0          0       7508   stm32f4xx_sdio.o
      1050         26          0          0          0       7948   stm32f4xx_usart.o
       144          8          0          8          0       1371   sysdelay.o
       528         46          0         20          0       1839   system_stm32f4xx.o
      1856         66          0          0       1548       5566   usart.o

    ----------------------------------------------------------------------
     38392       1438     176054        220    1223392     419381   Object Totals
         0          0         32          0          0          0   (incl. Generated)
         4          0          5          5         16          0   (incl. Padding)

    ----------------------------------------------------------------------

      Code (inc. data)   RO Data    RW Data    ZI Data      Debug   Library Member Name

       744        106        152          0          0        352   atan.o
       496         64          0          0          0        192   atan2.o
       184         44          0          0          0        744   dunder.o
        24          0          0          0          0        124   fabs.o
        48          0          0          0          0        124   fpclassify.o
       248          0          0          0          0        152   poly.o
      3152        296        136          0          0        352   pow.o
         0          0          8          0          0          0   qnan.o
       232          0          0          0          0        296   sqrt.o
        40         10          0          0          0        128   strtod.o
        28          0          0          0          0         68   _chval.o
        64          0          0          0          0         84   _sgetc.o
       158          0          0          0          0         92   _strtoul.o
        26          0          0          0          0         80   atoi.o
         8          4        133          0          0         68   ctype_o.o
         0          0          0          0          0          0   entry.o
         0          0          0          0          0          0   entry10a.o
         0          0          0          0          0          0   entry11a.o
         8          4          0          0          0          0   entry2.o
         4          0          0          0          0          0   entry5.o
         0          0          0          0          0          0   entry7b.o
         0          0          0          0          0          0   entry8b.o
         8          4          0          0          0          0   entry9a.o
        20         10          0          4          0        136   errno.o
        30          0          0          0          0          0   handlers.o
        36          8          0          0          0         68   init.o
        18          0          0          0          0         76   isspace_o.o
         0          0          0          0          0          0   iusefp.o
        98          0          0          0          0         84   ldiv.o
        30          0          0          0          0         68   llshl.o
        36          0          0          0          0         68   llsshr.o
        32          0          0          0          0         68   llushr.o
        26          0          0          0          0         80   memcmp.o
        36          0          0          0          0         68   memcpya.o
        36          0          0          0          0        108   memseta.o
      2276         96          0          0          0        596   printfa.o
       838         12          0          0          0        216   scanf_fp.o
        20          0          0          0          0         68   strchr.o
        28          0          0          0          0         76   strcmp.o
        18          0          0          0          0         68   strcpy.o
        14          0          0          0          0         68   strlen.o
        30          0          0          0          0         80   strncmp.o
       156         14          0          0          0        120   strtod.o
       112          0          0          0          0         88   strtol.o
        44          0          0          0          0         80   uidiv.o
        98          0          0          0          0         92   uldiv.o
        48          0          0          0          0         68   cdrcmple.o
        56          0          0          0          0         88   d2f.o
       334          0          0          0          0        148   dadd.o
       222          0          0          0          0        100   ddiv.o
       186          0          0          0          0        176   depilogue.o
        62          0          0          0          0         80   dfixi.o
        50          0          0          0          0         76   dfixui.o
        48          0          0          0          0         68   dfixul.o
        34          0          0          0          0         76   dflti.o
        26          0          0          0          0         76   dfltui.o
        24          0          0          0          0         76   dfltul.o
       228          0          0          0          0         96   dmul.o
        46          0          0          0          0         80   dscalb.o
       162          0          0          0          0        100   dsqrt.o
        38          0          0          0          0         68   f2d.o
       110          0          0          0          0        168   fepilogue.o

    ----------------------------------------------------------------------
     11190        672        432          4          0       6776   Library Totals
        12          0          3          0          0          0   (incl. Padding)

    ----------------------------------------------------------------------

      Code (inc. data)   RO Data    RW Data    ZI Data      Debug   Library Name

      5168        520        296          0          0       2464   m_wm.l
      4336        152        133          4          0       2768   mc_w.l
      1674          0          0          0          0       1544   mf_w.l

    ----------------------------------------------------------------------
     11190        672        432          4          0       6776   Library Totals

    ----------------------------------------------------------------------

==============================================================================


      Code (inc. data)   RO Data    RW Data    ZI Data      Debug   

     49582       2110     176486        224    1223392     417469   Grand Totals
     49582       2110     176486        224    1223392     417469   ELF Image Totals
     49582       2110     176486        224          0          0   ROM Totals

==============================================================================

    Total RO  Size (Code + RO Data)               226068 ( 220.77kB)
    Total RW  Size (RW Data + ZI Data)           1223616 (1194.94kB)
    Total ROM Size (Code + RO Data + RW Data)     226292 ( 220.99kB)

==============================================================================

