Component: ARM Compiler 5.06 update 1 (build 61) Tool: armlink [4d35a8]

==============================================================================

Section Cross References

    startup_stm32f4xx.o(RESET) refers to startup_stm32f4xx.o(STACK) for __initial_sp
    startup_stm32f4xx.o(RESET) refers to startup_stm32f4xx.o(.text) for Reset_Handler
    startup_stm32f4xx.o(RESET) refers to stm32f4xx_it.o(.text) for NMI_Handler
    startup_stm32f4xx.o(RESET) refers to usart.o(.text) for USART1_IRQHandler
    startup_stm32f4xx.o(RESET) refers to sdio_sdcard.o(.text) for SDIO_IRQHandler
    startup_stm32f4xx.o(RESET) refers to gps_decode.o(.text) for DMA2_Stream2_IRQHandler
    startup_stm32f4xx.o(.text) refers to system_stm32f4xx.o(.text) for SystemInit
    startup_stm32f4xx.o(.text) refers to entry.o(.ARM.Collect$$$$00000000) for __main
    system_stm32f4xx.o(.text) refers to system_stm32f4xx.o(.data) for SystemCoreClock
    main.o(.text) refers to usart.o(.text) for Modules_Power_Control
    main.o(.text) refers to imu.o(.text) for IMU_INIT
    main.o(.text) refers to gps_decode.o(.text) for GPS_Config
    main.o(.text) refers to led.o(.text) for LED_Init
    main.o(.text) refers to sdio_sdcard.o(.text) for SD_Init
    main.o(.text) refers to printfa.o(i.__0printf) for __2printf
    main.o(.text) refers to exfuns.o(.text) for exfuns_init
    main.o(.text) refers to ff.o(.text) for f_mount
    main.o(.text) refers to printfa.o(i.__0sprintf) for __2sprintf
    main.o(.text) refers to f2d.o(.text) for __aeabi_f2d
    main.o(.text) refers to sysdelay.o(.text) for delay_ms
    main.o(.text) refers to system_stm32f4xx.o(.text) for SystemInit
    main.o(.text) refers to exfuns.o(.bss) for fs
    main.o(.text) refers to main.o(.data) for write_num
    main.o(.text) refers to imu.o(.data) for conver_z
    main.o(.text) refers to gps_decode.o(.bss) for info
    main.o(.text) refers to main.o(.conststring) for .conststring
    sysdelay.o(.text) refers to sysdelay.o(.data) for Mult_us
    stm32f4xx_usart.o(.text) refers to stm32f4xx_rcc.o(.text) for RCC_APB2PeriphResetCmd
    stm32f4xx_rcc.o(.text) refers to stm32f4xx_rcc.o(.data) for APBAHBPrescTable
    stm32f4xx_gpio.o(.text) refers to stm32f4xx_rcc.o(.text) for RCC_AHB1PeriphResetCmd
    stm32f4xx_i2c.o(.text) refers to stm32f4xx_rcc.o(.text) for RCC_APB1PeriphResetCmd
    stm32f4xx_tim.o(.text) refers to stm32f4xx_rcc.o(.text) for RCC_APB2PeriphResetCmd
    stm32f4xx_spi.o(.text) refers to stm32f4xx_rcc.o(.text) for RCC_APB2PeriphResetCmd
    stm32f4xx_sdio.o(.text) refers to stm32f4xx_rcc.o(.text) for RCC_APB2PeriphResetCmd
    stm32f4xx_syscfg.o(.text) refers to stm32f4xx_rcc.o(.text) for RCC_APB2PeriphResetCmd
    led.o(.text) refers to stm32f4xx_rcc.o(.text) for RCC_AHB1PeriphClockCmd
    led.o(.text) refers to stm32f4xx_gpio.o(.text) for GPIO_Init
    led.o(.text) refers to sysdelay.o(.text) for delay_ms
    usart.o(.text) refers to stm32f4xx_rcc.o(.text) for RCC_AHB1PeriphClockCmd
    usart.o(.text) refers to stm32f4xx_gpio.o(.text) for GPIO_Init
    usart.o(.text) refers to stm32f4xx_usart.o(.text) for USART_Init
    usart.o(.text) refers to misc.o(.text) for NVIC_Init
    usart.o(.text) refers to usart.o(.bss) for usart1_recv
    i2c.o(.text) refers to stm32f4xx_rcc.o(.text) for RCC_AHB1PeriphClockCmd
    i2c.o(.text) refers to stm32f4xx_gpio.o(.text) for GPIO_Init
    i2c.o(.text) refers to sysdelay.o(.text) for delay_us
    retarget.o(.text) refers to usart.o(.text) for USART_WRITE_ONE
    imu.o(.text) refers to i2c.o(.text) for Write_single_reg
    imu.o(.text) refers to dflti.o(.text) for __aeabi_i2d
    imu.o(.text) refers to ddiv.o(.text) for __aeabi_ddiv
    imu.o(.text) refers to dfixi.o(.text) for __aeabi_d2iz
    imu.o(.text) refers to dadd.o(.text) for __aeabi_dadd
    imu.o(.text) refers to pow.o(i.__hardfp_pow) for __hardfp_pow
    imu.o(.text) refers to sqrt.o(i.__hardfp_sqrt) for __hardfp_sqrt
    imu.o(.text) refers to d2f.o(.text) for __aeabi_d2f
    imu.o(.text) refers to f2d.o(.text) for __aeabi_f2d
    imu.o(.text) refers to printfa.o(i.__0printf) for __2printf
    imu.o(.text) refers to dmul.o(.text) for __aeabi_dmul
    imu.o(.text) refers to imu.o(.data) for ITG3205_X
    imu.o(.text) refers to atan2.o(i.__hardfp_atan2) for __hardfp_atan2
    imu.o(.text) refers to imu.o(.bss) for normal_mat
    gps_decode.o(.text) refers to stm32f4xx_rcc.o(.text) for RCC_AHB1PeriphClockCmd
    gps_decode.o(.text) refers to stm32f4xx_dma.o(.text) for DMA_Init
    gps_decode.o(.text) refers to misc.o(.text) for NVIC_Init
    gps_decode.o(.text) refers to stm32f4xx_usart.o(.text) for USART_DMACmd
    gps_decode.o(.text) refers to usart.o(.text) for USART_INIT
    gps_decode.o(.text) refers to memcmp.o(.text) for memcmp
    gps_decode.o(.text) refers to strchr.o(.text) for strchr
    gps_decode.o(.text) refers to printfa.o(i.__0sprintf) for __2sprintf
[...]
    .constdata                               0x0800cc6e   Section    175304  cc936.o(.constdata)
    uni2oem                                  0x0800cc6e   Data       87172  cc936.o(.constdata)
    oem2uni                                  0x080220f2   Data       87172  cc936.o(.constdata)
    tbl_lower                                0x08037576   Data         480  cc936.o(.constdata)
    tbl_upper                                0x08037756   Data         480  cc936.o(.constdata)
    .constdata                               0x08037936   Section       58  ff.o(.constdata)
    LfnOfs                                   0x08037936   Data          13  ff.o(.constdata)
    vst                                      0x08037944   Data          22  ff.o(.constdata)
    cst                                      0x0803795a   Data          22  ff.o(.constdata)
    .constdata                               0x08037970   Section      112  exfuns.o(.constdata)
    .constdata                               0x080379e0   Section       36  malloc.o(.constdata)
    .constdata                               0x08037a08   Section      136  pow.o(.constdata)
    bp                                       0x08037a08   Data          16  pow.o(.constdata)
    dp_h                                     0x08037a18   Data          16  pow.o(.constdata)
    dp_l                                     0x08037a28   Data          16  pow.o(.constdata)
    L                                        0x08037a38   Data          48  pow.o(.constdata)
    P                                        0x08037a68   Data          40  pow.o(.constdata)
    .constdata                               0x08037a90   Section      152  atan.o(.constdata)
    atanhi                                   0x08037a90   Data          32  atan.o(.constdata)
    atanlo                                   0x08037ab0   Data          32  atan.o(.constdata)
    aTodd                                    0x08037ad0   Data          40  atan.o(.constdata)
    aTeven                                   0x08037af8   Data          48  atan.o(.constdata)
    .constdata                               0x08037b28   Section        8  qnan.o(.constdata)
    .constdata                               0x08037b30   Section      129  ctype_o.o(.constdata)
    .constdata                               0x08037bb4   Section        4  ctype_o.o(.constdata)
    table                                    0x08037bb4   Data           4  ctype_o.o(.constdata)
    .conststring                             0x08037bb8   Section      103  main.o(.conststring)
    .conststring                             0x08037c20   Section       47  gps_decode.o(.conststring)
    .conststring                             0x08037c50   Section       68  exfuns.o(.conststring)
    .ARM.__AT_0x10000000                     0x10000000   Section    61440  malloc.o(.ARM.__AT_0x10000000)
    .ARM.__AT_0x1000F000                     0x1000f000   Section     3840  malloc.o(.ARM.__AT_0x1000F000)
    .data                                    0x20000000   Section       20  system_stm32f4xx.o(.data)
    .data                                    0x20000014   Section        6  main.o(.data)
    write_num                                0x20000014   Data           1  main.o(.data)
    file_num                                 0x20000015   Data           1  main.o(.data)
    i                                        0x20000016   Data           1  main.o(.data)
    write_num                                0x20000017   Data           1  main.o(.data)
    file_num                                 0x20000018   Data           1  main.o(.data)
    i                                        0x20000019   Data           1  main.o(.data)
    .data                                    0x2000001c   Section        8  sysdelay.o(.data)
    Mult_us                                  0x2000001c   Data           1  sysdelay.o(.data)
    .data                                    0x20000024   Section       16  stm32f4xx_rcc.o(.data)
    APBAHBPrescTable                         0x20000024   Data          16  stm32f4xx_rcc.o(.data)
    .data                                    0x20000034   Section       12  retarget.o(.data)
    .data                                    0x20000040   Section       72  imu.o(.data)
    .data                                    0x20000088   Section       28  gps_decode.o(.data)
    pheads                                   0x2000008c   Data          24  gps_decode.o(.data)
    .data                                    0x200000a4   Section       16  sdio_sdcard.o(.data)
    CardType                                 0x200000a4   Data           1  sdio_sdcard.o(.data)
    RCA                                      0x200000a8   Data           4  sdio_sdcard.o(.data)
    DeviceMode                               0x200000ac   Data           1  sdio_sdcard.o(.data)
    StopCondition                            0x200000ad   Data           1  sdio_sdcard.o(.data)
    .data                                    0x200000b4   Section        2  ff.o(.data)
    Fsid                                     0x200000b4   Data           2  ff.o(.data)
    .data                                    0x200000b8   Section       20  exfuns.o(.data)
    .data                                    0x200000cc   Section       36  malloc.o(.data)
    .data                                    0x200000f0   Section        2  diskio.o(.data)
    .data                                    0x200000f4   Section        4  errno.o(.data)
    _errno                                   0x200000f4   Data           4  errno.o(.data)
    .bss                                     0x200000f8   Section     1548  usart.o(.bss)
    .bss                                     0x20000704   Section      276  imu.o(.bss)
    .bss                                     0x20000818   Section     1424  gps_decode.o(.bss)
    pack                                     0x20000a18   Data         420  gps_decode.o(.bss)
    parser                                   0x20000d24   Data         132  gps_decode.o(.bss)
    .bss                                     0x20000da8   Section      704  sdio_sdcard.o(.bss)
    CSD_Tab                                  0x20000dec   Data          16  sdio_sdcard.o(.bss)
    CID_Tab                                  0x20000dfc   Data          16  sdio_sdcard.o(.bss)
    .bss                                     0x20001068   Section       12  ff.o(.bss)
    FatFs                                    0x20001068   Data          12  ff.o(.bss)
    .bss                                     0x20001074   Section       80  exfuns.o(.bss)
    .bss                                     0x200010e0   Section    108800  malloc.o(.bss)
    STACK                                    0x2001b9e0   Section     1024  startup_stm32f4xx.o(STACK)
    .ARM.__AT_0x68000000                     0x68000000   Section    983040  malloc.o(.ARM.__AT_0x68000000)
    .ARM.__AT_0x680F0000                     0x680f0000   Section    61440  malloc.o(.ARM.__AT_0x680F0000)

    Global Symbols

    Symbol Name                              Value     Ov Type        Size  Object(Section)

    BuildAttributes$$THM_ISAv4$E$P$D$K$B$S$7EM$VFPi3$EXTD16$VFPS$VFMA$PE$A:L22UL41UL21$X:L11$S22US41US21$IEEE1$IW$USESV6$~STKCKD$USESV7$~SHL$OTIME$ROPI$IEEEX$EBA8$MICROLIB$REQ8$PRES8$EABIv2 0x00000000   Number         0  anon$$obj.o ABSOLUTE
    __ARM_use_no_argv                        0x00000000   Number         0  main.o ABSOLUTE
    __use_no_errno                           0x00000000   Number         0  useno.o ABSOLUTE
    __use_no_exception_handling              0x00000000   Number         0  useno.o ABSOLUTE
    __use_no_fp                              0x00000000   Number         0  useno.o ABSOLUTE
    __use_no_heap                            0x00000000   Number         0  useno.o ABSOLUTE
    __use_no_heap_region                     0x00000000   Number         0  useno.o ABSOLUTE
    __use_no_semihosting                     0x00000000   Number         0  useno.o ABSOLUTE
    __use_no_semihosting_swi                 0x00000000   Number         0  useno.o ABSOLUTE
    __use_no_signal_handling                 0x00000000   Number         0  useno.o ABSOLUTE
    _printf_a                                0x00000000   Number         0  stubs.o ABSOLUTE
    _printf_c                                0x00000000   Number         0  stubs.o ABSOLUTE
    _printf_charcount                        0x00000000   Number         0  stubs.o ABSOLUTE
    _printf_d                                0x00000000   Number         0  stubs.o ABSOLUTE
    _printf_e                                0x00000000   Number         0  stubs.o ABSOLUTE
    _printf_f                                0x00000000   Number         0  stubs.o ABSOLUTE
    _printf_flags                            0x00000000   Number         0  stubs.o ABSOLUTE
    _printf_fp_dec                           0x00000000   Number         0  stubs.o ABSOLUTE
    _printf_fp_hex                           0x00000000   Number         0  stubs.o ABSOLUTE
    _printf_g                                0x00000000   Number         0  stubs.o ABSOLUTE
    _printf_i                                0x00000000   Number         0  stubs.o ABSOLUTE
    _printf_int_dec                          0x00000000   Number         0  stubs.o ABSOLUTE
    _printf_l                                0x00000000   Number         0  stubs.o ABSOLUTE
    _printf_lc                               0x00000000   Number         0  stubs.o ABSOLUTE
    _printf_ll                               0x00000000   Number         0  stubs.o ABSOLUTE
    _printf_lld                              0x00000000   Number         0  stubs.o ABSOLUTE
    _printf_lli                              0x00000000   Number         0  stubs.o ABSOLUTE
    _printf_llo                              0x00000000   Number         0  stubs.o ABSOLUTE
    _printf_llu                              0x00000000   Number         0  stubs.o ABSOLUTE
    _printf_llx                              0x00000000   Number         0  stubs.o ABSOLUTE
    _printf_longlong_dec                     0x00000000   Number         0  stubs.o ABSOLUTE
    _printf_longlong_hex                     0x00000000   Number         0  stubs.o ABSOLUTE
    _printf_longlong_oct                     0x00000000   Number         0  stubs.o ABSOLUTE
    _printf_ls                               0x00000000   Number         0  stubs.o ABSOLUTE
    _printf_mbtowc                           0x00000000   Number         0  stubs.o ABSOLUTE
    _printf_n                                0x00000000   Number         0  stubs.o ABSOLUTE
    _printf_o                                0x00000000   Number         0  stubs.o ABSOLUTE
    _printf_p                                0x00000000   Number         0  stubs.o ABSOLUTE
    _printf_percent                          0x00000000   Number         0  stubs.o ABSOLUTE
    _printf_pre_padding                      0x00000000   Number         0  stubs.o ABSOLUTE
    _printf_return_value                     0x00000000   Number         0  stubs.o ABSOLUTE
    _printf_s                                0x00000000   Number         0  stubs.o ABSOLUTE
    _printf_sizespec                         0x00000000   Number         0  stubs.o ABSOLUTE
    _printf_str                              0x00000000   Number         0  stubs.o ABSOLUTE
    _printf_truncate_signed                  0x00000000   Number         0  stubs.o ABSOLUTE
    _printf_truncate_unsigned                0x00000000   Number         0  stubs.o ABSOLUTE
    _printf_u                                0x00000000   Number         0  stubs.o ABSOLUTE
    _printf_wc                               0x00000000   Number         0  stubs.o ABSOLUTE
    _printf_wctomb                           0x00000000   Number         0  stubs.o ABSOLUTE
    _printf_widthprec                        0x00000000   Number         0  stubs.o ABSOLUTE
    _printf_x                                0x00000000   Number         0  stubs.o ABSOLUTE
    __cpp_initialize__aeabi_                  - Undefined Weak Reference
    __cxa_finalize                            - Undefined Weak Reference
    __decompress                              - Undefined Weak Reference
    _clock_init                               - Undefined Weak Reference
    _microlib_exit                            - Undefined Weak Reference
    __Vectors_Size                           0x00000188   Number         0  startup_stm32f4xx.o ABSOLUTE
    __Vectors                                0x08000000   Data           4  startup_stm32f4xx.o(RESET)
    __Vectors_End                            0x08000188   Data           0  startup_stm32f4xx.o(RESET)
    __main                                   0x08000189   Thumb Code     0  entry.o(.ARM.Collect$$$$00000000)
    _main_stk                                0x08000189   Thumb Code     0  entry2.o(.ARM.Collect$$$$00000001)
    _main_scatterload                        0x0800018d   Thumb Code     0  entry5.o(.ARM.Collect$$$$00000004)
    __main_after_scatterload                 0x08000191   Thumb Code     0  entry5.o(.ARM.Collect$$$$00000004)
    _main_clock                              0x08000191   Thumb Code     0  entry7b.o(.ARM.Collect$$$$00000008)
    _main_cpp_init                           0x08000191   Thumb Code     0  entry8b.o(.ARM.Collect$$$$0000000A)
    _main_init                               0x08000191   Thumb Code     0  entry9a.o(.ARM.Collect$$$$0000000B)
    __rt_final_cpp                           0x08000199   Thumb Code     0  entry10a.o(.ARM.Collect$$$$0000000D)
    __rt_final_exit                          0x08000199   Thumb Code     0  entry11a.o(.ARM.Collect$$$$0000000F)
    __asm___13_sdio_sdcard_c_4ab284f9____REV16 0x0800019d   Thumb Code     4  sdio_sdcard.o(.emb_text)
    __asm___13_sdio_sdcard_c_4ab284f9____REVSH 0x080001a1   Thumb Code     4  sdio_sdcard.o(.emb_text)
    INTX_DISABLE                             0x080001a5   Thumb Code     4  sdio_sdcard.o(.emb_text)
    INTX_ENABLE                              0x080001a9   Thumb Code     4  sdio_sdcard.o(.emb_text)
    Reset_Handler                            0x080001ad   Thumb Code     8  startup_stm32f4xx.o(.text)
    ADC_IRQHandler                           0x080001c7   Thumb Code     0  startup_stm32f4xx.o(.text)
    CAN1_RX0_IRQHandler                      0x080001c7   Thumb Code     0  startup_stm32f4xx.o(.text)
    CAN1_RX1_IRQHandler                      0x080001c7   Thumb Code     0  startup_stm32f4xx.o(.text)
    CAN1_SCE_IRQHandler                      0x080001c7   Thumb Code     0  startup_stm32f4xx.o(.text)
    CAN1_TX_IRQHandler                       0x080001c7   Thumb Code     0  startup_stm32f4xx.o(.text)
    CAN2_RX0_IRQHandler                      0x080001c7   Thumb Code     0  startup_stm32f4xx.o(.text)
    CAN2_RX1_IRQHandler                      0x080001c7   Thumb Code     0  startup_stm32f4xx.o(.text)
    CAN2_SCE_IRQHandler                      0x080001c7   Thumb Code     0  startup_stm32f4xx.o(.text)
    CAN2_TX_IRQHandler                       0x080001c7   Thumb Code     0  startup_stm32f4xx.o(.text)
    CRYP_IRQHandler                          0x080001c7   Thumb Code     0  startup_stm32f4xx.o(.text)
    DCMI_IRQHandler                          0x080001c7   Thumb Code     0  startup_stm32f4xx.o(.text)
    DMA1_Stream0_IRQHandler                  0x080001c7   Thumb Code     0  startup_stm32f4xx.o(.text)
    DMA1_Stream1_IRQHandler                  0x080001c7   Thumb Code     0  startup_stm32f4xx.o(.text)
    DMA1_Stream2_IRQHandler                  0x080001c7   Thumb Code     0  startup_stm32f4xx.o(.text)
    DMA1_Stream3_IRQHandler                  0x080001c7   Thumb Code     0  startup_stm32f4xx.o(.text)
    DMA1_Stream4_IRQHandler                  0x080001c7   Thumb Code     0  startup_stm32f4xx.o(.text)
    DMA1_Stream5_IRQHandler                  0x080001c7   Thumb Code     0  startup_stm32f4xx.o(.text)
    DMA1_Stream6_IRQHandler                  0x080001c7   Thumb Code     0  startup_stm32f4xx.o(.text)
    DMA1_Stream7_IRQHandler                  0x080001c7   Thumb Code     0  startup_stm32f4xx.o(.text)
    DMA2_Stream0_IRQHandler                  0x080001c7   Thumb Code     0  startup_stm32f4xx.o(.text)
    DMA2_Stream1_IRQHandler                  0x080001c7   Thumb Code     0  startup_stm32f4xx.o(.text)
    DMA2_Stream3_IRQHandler                  0x080001c7   Thumb Code     0  startup_stm32f4xx.o(.text)
    DMA2_Stream4_IRQHandler                  0x080001c7   Thumb Code     0  startup_stm32f4xx.o(.text)
    DMA2_Stream5_IRQHandler                  0x080001c7   Thumb Code     0  startup_stm32f4xx.o(.text)
    DMA2_Stream6_IRQHandler                  0x080001c7   Thumb Code     0  startup_stm32f4xx.o(.text)
    DMA2_Stream7_IRQHandler                  0x080001c7   Thumb Code     0  startup_stm32f4xx.o(.text)
    ETH_IRQHandler                           0x080001c7   Thumb Code     0  startup_stm32f4xx.o(.text)
    ETH_WKUP_IRQHandler                      0x080001c7   Thumb Code     0  startup_stm32f4xx.o(.text)
    EXTI15_10_IRQHandler                     0x080001c7   Thumb Code     0  startup_stm32f4xx.o(.text)
    EXTI1_IRQHandler                         0x080001c7   Thumb Code     0  startup_stm32f4xx.o(.text)
    EXTI2_IRQHandler                         0x080001c7   Thumb Code     0  startup_stm32f4xx.o(.text)
    EXTI3_IRQHandler                         0x080001c7   Thumb Code     0  startup_stm32f4xx.o(.text)
    EXTI4_IRQHandler                         0x080001c7   Thumb Code     0  startup_stm32f4xx.o(.text)
    FLASH_IRQHandler                         0x080001c7   Thumb Code     0  startup_stm32f4xx.o(.text)
    FPU_IRQHandler                           0x080001c7   Thumb Code     0  startup_stm32f4xx.o(.text)
    FSMC_IRQHandler                          0x080001c7   Thumb Code     0  startup_stm32f4xx.o(.text)
    HASH_RNG_IRQHandler                      0x080001c7   Thumb Code     0  startup_stm32f4xx.o(.text)
    I2C1_ER_IRQHandler                       0x080001c7   Thumb Code     0  startup_stm32f4xx.o(.text)
    I2C1_EV_IRQHandler                       0x080001c7   Thumb Code     0  startup_stm32f4xx.o(.text)
    I2C2_ER_IRQHandler                       0x080001c7   Thumb Code     0  startup_stm32f4xx.o(.text)
    I2C2_EV_IRQHandler                       0x080001c7   Thumb Code     0  startup_stm32f4xx.o(.text)
    I2C3_ER_IRQHandler                       0x080001c7   Thumb Code     0  startup_stm32f4xx.o(.text)
    I2C3_EV_IRQHandler                       0x080001c7   Thumb Code     0  startup_stm32f4xx.o(.text)
    OTG_FS_IRQHandler                        0x080001c7   Thumb Code     0  startup_stm32f4xx.o(.text)
    OTG_FS_WKUP_IRQHandler                   0x080001c7   Thumb Code     0  startup_stm32f4xx.o(.text)
    OTG_HS_EP1_IN_IRQHandler                 0x080001c7   Thumb Code     0  startup_stm32f4xx.o(.text)
    OTG_HS_EP1_OUT_IRQHandler                0x080001c7   Thumb Code     0  startup_stm32f4xx.o(.text)
    OTG_HS_IRQHandler                        0x080001c7   Thumb Code     0  startup_stm32f4xx.o(.text)
    OTG_HS_WKUP_IRQHandler                   0x080001c7   Thumb Code     0  startup_stm32f4xx.o(.text)
    PVD_IRQHandler                           0x080001c7   Thumb Code     0  startup_stm32f4xx.o(.text)
    RCC_IRQHandler                           0x080001c7   Thumb Code     0  startup_stm32f4xx.o(.text)
    RTC_Alarm_IRQHandler                     0x080001c7   Thumb Code     0  startup_stm32f4xx.o(.text)
    RTC_WKUP_IRQHandler                      0x080001c7   Thumb Code     0  startup_stm32f4xx.o(.text)
    SPI1_IRQHandler                          0x080001c7   Thumb Code     0  startup_stm32f4xx.o(.text)
    SPI2_IRQHandler                          0x080001c7   Thumb Code     0  startup_stm32f4xx.o(.text)
    SPI3_IRQHandler                          0x080001c7   Thumb Code     0  startup_stm32f4xx.o(.text)
    TAMP_STAMP_IRQHandler                    0x080001c7   Thumb Code     0  startup_stm32f4xx.o(.text)
    TIM1_BRK_TIM9_IRQHandler                 0x080001c7   Thumb Code     0  startup_stm32f4xx.o(.text)
    TIM1_CC_IRQHandler                       0x080001c7   Thumb Code     0  startup_stm32f4xx.o(.text)
    TIM1_TRG_COM_TIM11_IRQHandler            0x080001c7   Thumb Code     0  startup_stm32f4xx.o(.text)
    TIM1_UP_TIM10_IRQHandler                 0x080001c7   Thumb Code     0  startup_stm32f4xx.o(.text)
    TIM2_IRQHandler                          0x080001c7   Thumb Code     0  startup_stm32f4xx.o(.text)
    TIM4_IRQHandler                          0x080001c7   Thumb Code     0  startup_stm32f4xx.o(.text)
    TIM5_IRQHandler                          0x080001c7   Thumb Code     0  startup_stm32f4xx.o(.text)
    TIM6_DAC_IRQHandler                      0x080001c7   Thumb Code     0  startup_stm32f4xx.o(.text)
    TIM7_IRQHandler                          0x080001c7   Thumb Code     0  startup_stm32f4xx.o(.text)
    TIM8_BRK_TIM12_IRQHandler                0x080001c7   Thumb Code     0  startup_stm32f4xx.o(.text)
    TIM8_CC_IRQHandler                       0x080001c7   Thumb Code     0  startup_stm32f4xx.o(.text)
    TIM8_TRG_COM_TIM14_IRQHandler            0x080001c7   Thumb Code     0  startup_stm32f4xx.o(.text)
    TIM8_UP_TIM13_IRQHandler                 0x080001c7   Thumb Code     0  startup_stm32f4xx.o(.text)
    UART4_IRQHandler                         0x080001c7   Thumb Code     0  startup_stm32f4xx.o(.text)
    UART5_IRQHandler                         0x080001c7   Thumb Code     0  startup_stm32f4xx.o(.text)
    USART6_IRQHandler                        0x080001c7   Thumb Code     0  startup_stm32f4xx.o(.text)
    WWDG_IRQHandler                          0x080001c7   Thumb Code     0  startup_stm32f4xx.o(.text)
    NMI_Handler                              0x080001d1   Thumb Code     2  stm32f4xx_it.o(.text)
    HardFault_Handler                        0x080001d3   Thumb Code     4  stm32f4xx_it.o(.text)
    MemManage_Handler                        0x080001d7   Thumb Code     4  stm32f4xx_it.o(.text)
    BusFault_Handler                         0x080001db   Thumb Code     4  stm32f4xx_it.o(.text)
    UsageFault_Handler                       0x080001df   Thumb Code     4  stm32f4xx_it.o(.text)
    SVC_Handler                              0x080001e3   Thumb Code     2  stm32f4xx_it.o(.text)
    DebugMon_Handler                         0x080001e5   Thumb Code     2  stm32f4xx_it.o(.text)
    PendSV_Handler                           0x080001e7   Thumb Code     2  stm32f4xx_it.o(.text)
    SysTick_Handler                          0x080001e9   Thumb Code     2  stm32f4xx_it.o(.text)
    EXTI0_IRQHandler                         0x080001eb   Thumb Code     2  stm32f4xx_it.o(.text)
    EXTI9_5_IRQHandler                       0x080001ed   Thumb Code     2  stm32f4xx_it.o(.text)
    TIM3_IRQHandler                          0x080001ef   Thumb Code     2  stm32f4xx_it.o(.text)
    SystemInit                               0x080002cd   Thumb Code    88  system_stm32f4xx.o(.text)
    SystemCoreClockUpdate                    0x08000325   Thumb Code   174  system_stm32f4xx.o(.text)
    Module_setup                             0x08000401   Thumb Code   126  main.o(.text)
    loop                                     0x0800047f   Thumb Code   290  main.o(.text)
    Module_setup_gps                         0x080005a1   Thumb Code    28  main.o(.text)
    loop_gps                                 0x080005bd   Thumb Code     8  main.o(.text)
    Module_setup_sd                          0x080005c5   Thumb Code   144  main.o(.text)
    loop_sd                                  0x08000655   Thumb Code   160  main.o(.text)
    Module_setup_imu                         0x080006f5   Thumb Code    42  main.o(.text)
    loop_imu                                 0x0800071f   Thumb Code    30  main.o(.text)
    main                                     0x0800073d   Thumb Code    30  main.o(.text)
    SysTick_Init                             0x080008b9   Thumb Code    34  sysdelay.o(.text)
    Delay_Nclk                               0x080008db   Thumb Code    12  sysdelay.o(.text)
    delay_us                                 0x080008e7   Thumb Code    66  sysdelay.o(.text)
    delay_ms                                 0x08000929   Thumb Code    24  sysdelay.o(.text)
    USART_DeInit                             0x08000949   Thumb Code   156  stm32f4xx_usart.o(.text)
    USART_Init                               0x080009e5   Thumb Code   204  stm32f4xx_usart.o(.text)
    USART_StructInit                         0x08000ab1   Thumb Code    24  stm32f4xx_usart.o(.text)
    USART_ClockInit                          0x08000ac9   Thumb Code    32  stm32f4xx_usart.o(.text)
    USART_ClockStructInit                    0x08000ae9   Thumb Code    12  stm32f4xx_usart.o(.text)
    USART_Cmd                                0x08000af5   Thumb Code    24  stm32f4xx_usart.o(.text)
    USART_SetPrescaler                       0x08000b0d   Thumb Code    16  stm32f4xx_usart.o(.text)
    USART_OverSampling8Cmd                   0x08000b1d   Thumb Code    22  stm32f4xx_usart.o(.text)
    USART_OneBitMethodCmd                    0x08000b33   Thumb Code    24  stm32f4xx_usart.o(.text)
    USART_SendData                           0x08000b4b   Thumb Code     8  stm32f4xx_usart.o(.text)
    USART_ReceiveData                        0x08000b53   Thumb Code    10  stm32f4xx_usart.o(.text)
    USART_SetAddress                         0x08000b5d   Thumb Code    18  stm32f4xx_usart.o(.text)
    USART_ReceiverWakeUpCmd                  0x08000b6f   Thumb Code    24  stm32f4xx_usart.o(.text)
    USART_WakeUpConfig                       0x08000b87   Thumb Code    18  stm32f4xx_usart.o(.text)
    USART_LINBreakDetectLengthConfig         0x08000b99   Thumb Code    18  stm32f4xx_usart.o(.text)
    USART_LINCmd                             0x08000bab   Thumb Code    24  stm32f4xx_usart.o(.text)
    USART_SendBreak                          0x08000bc3   Thumb Code    10  stm32f4xx_usart.o(.text)
    USART_HalfDuplexCmd                      0x08000bcd   Thumb Code    24  stm32f4xx_usart.o(.text)
    USART_SetGuardTime                       0x08000be5   Thumb Code    16  stm32f4xx_usart.o(.text)
    USART_SmartCardCmd                       0x08000bf5   Thumb Code    24  stm32f4xx_usart.o(.text)
    USART_SmartCardNACKCmd                   0x08000c0d   Thumb Code    24  stm32f4xx_usart.o(.text)
    USART_IrDAConfig                         0x08000c25   Thumb Code    18  stm32f4xx_usart.o(.text)
    USART_IrDACmd                            0x08000c37   Thumb Code    24  stm32f4xx_usart.o(.text)
    USART_DMACmd                             0x08000c4f   Thumb Code    18  stm32f4xx_usart.o(.text)
    USART_ITConfig                           0x08000c61   Thumb Code    74  stm32f4xx_usart.o(.text)
    USART_GetFlagStatus                      0x08000cab   Thumb Code    26  stm32f4xx_usart.o(.text)
    USART_ClearFlag                          0x08000cc5   Thumb Code    18  stm32f4xx_usart.o(.text)
    USART_GetITStatus                        0x08000cd7   Thumb Code   110  stm32f4xx_usart.o(.text)
    USART_ClearITPendingBit                  0x08000d45   Thumb Code    30  stm32f4xx_usart.o(.text)
    NVIC_PriorityGroupConfig                 0x08000d65   Thumb Code    10  misc.o(.text)
    NVIC_Init                                0x08000d6f   Thumb Code   106  misc.o(.text)
    NVIC_SetVectorTable                      0x08000dd9   Thumb Code    14  misc.o(.text)
    NVIC_SystemLPConfig                      0x08000de7   Thumb Code    34  misc.o(.text)
    SysTick_CLKSourceConfig                  0x08000e09   Thumb Code    40  misc.o(.text)
    DMA_DeInit                               0x08000e45   Thumb Code   324  stm32f4xx_dma.o(.text)
    DMA_Init                                 0x08000f89   Thumb Code    82  stm32f4xx_dma.o(.text)
    DMA_StructInit                           0x08000fdb   Thumb Code    34  stm32f4xx_dma.o(.text)
    DMA_Cmd                                  0x08000ffd   Thumb Code    22  stm32f4xx_dma.o(.text)
    DMA_PeriphIncOffsetSizeConfig            0x08001013   Thumb Code    22  stm32f4xx_dma.o(.text)
    DMA_FlowControllerConfig                 0x08001029   Thumb Code    22  stm32f4xx_dma.o(.text)
    DMA_SetCurrDataCounter                   0x0800103f   Thumb Code     4  stm32f4xx_dma.o(.text)
    DMA_GetCurrDataCounter                   0x08001043   Thumb Code     8  stm32f4xx_dma.o(.text)
    DMA_DoubleBufferModeConfig               0x0800104b   Thumb Code    24  stm32f4xx_dma.o(.text)
    DMA_DoubleBufferModeCmd                  0x08001063   Thumb Code    22  stm32f4xx_dma.o(.text)
    DMA_MemoryTargetConfig                   0x08001079   Thumb Code    10  stm32f4xx_dma.o(.text)
    DMA_GetCurrentMemoryTarget               0x08001083   Thumb Code    20  stm32f4xx_dma.o(.text)
    DMA_GetCmdStatus                         0x08001097   Thumb Code    20  stm32f4xx_dma.o(.text)
    DMA_GetFIFOStatus                        0x080010ab   Thumb Code    12  stm32f4xx_dma.o(.text)
    DMA_GetFlagStatus                        0x080010b7   Thumb Code    56  stm32f4xx_dma.o(.text)
    DMA_ClearFlag                            0x080010ef   Thumb Code    40  stm32f4xx_dma.o(.text)
    DMA_ITConfig                             0x08001117   Thumb Code    58  stm32f4xx_dma.o(.text)
    DMA_GetITStatus                          0x08001151   Thumb Code    84  stm32f4xx_dma.o(.text)
    DMA_ClearITPendingBit                    0x080011a5   Thumb Code    40  stm32f4xx_dma.o(.text)
    RCC_DeInit                               0x080011ed   Thumb Code    60  stm32f4xx_rcc.o(.text)
    RCC_HSEConfig                            0x08001229   Thumb Code    14  stm32f4xx_rcc.o(.text)
    RCC_GetFlagStatus                        0x08001237   Thumb Code    60  stm32f4xx_rcc.o(.text)
    RCC_WaitForHSEStartUp                    0x08001273   Thumb Code    56  stm32f4xx_rcc.o(.text)
    RCC_AdjustHSICalibrationValue            0x080012ab   Thumb Code    20  stm32f4xx_rcc.o(.text)
    RCC_HSICmd                               0x080012bf   Thumb Code     6  stm32f4xx_rcc.o(.text)
    RCC_LSEConfig                            0x080012c5   Thumb Code    46  stm32f4xx_rcc.o(.text)
    RCC_LSICmd                               0x080012f3   Thumb Code     6  stm32f4xx_rcc.o(.text)
    RCC_PLLConfig                            0x080012f9   Thumb Code    32  stm32f4xx_rcc.o(.text)
    RCC_PLLCmd                               0x08001319   Thumb Code     6  stm32f4xx_rcc.o(.text)
    RCC_PLLI2SConfig                         0x0800131f   Thumb Code    14  stm32f4xx_rcc.o(.text)
    RCC_PLLI2SCmd                            0x0800132d   Thumb Code     6  stm32f4xx_rcc.o(.text)
    RCC_ClockSecuritySystemCmd               0x08001333   Thumb Code     6  stm32f4xx_rcc.o(.text)
    RCC_MCO1Config                           0x08001339   Thumb Code    28  stm32f4xx_rcc.o(.text)
    RCC_MCO2Config                           0x08001355   Thumb Code    28  stm32f4xx_rcc.o(.text)
    RCC_SYSCLKConfig                         0x08001371   Thumb Code    20  stm32f4xx_rcc.o(.text)
    RCC_GetSYSCLKSource                      0x08001385   Thumb Code    12  stm32f4xx_rcc.o(.text)
    RCC_HCLKConfig                           0x08001391   Thumb Code    20  stm32f4xx_rcc.o(.text)
    RCC_PCLK1Config                          0x080013a5   Thumb Code    20  stm32f4xx_rcc.o(.text)
    RCC_PCLK2Config                          0x080013b9   Thumb Code    22  stm32f4xx_rcc.o(.text)
    RCC_GetClocksFreq                        0x080013cf   Thumb Code   222  stm32f4xx_rcc.o(.text)
    RCC_RTCCLKConfig                         0x080014ad   Thumb Code    54  stm32f4xx_rcc.o(.text)
    RCC_RTCCLKCmd                            0x080014e3   Thumb Code     8  stm32f4xx_rcc.o(.text)
    RCC_BackupResetCmd                       0x080014eb   Thumb Code     8  stm32f4xx_rcc.o(.text)
    RCC_I2SCLKConfig                         0x080014f3   Thumb Code     6  stm32f4xx_rcc.o(.text)
    RCC_AHB1PeriphClockCmd                   0x080014f9   Thumb Code    34  stm32f4xx_rcc.o(.text)
    RCC_AHB2PeriphClockCmd                   0x0800151b   Thumb Code    34  stm32f4xx_rcc.o(.text)
    RCC_AHB3PeriphClockCmd                   0x0800153d   Thumb Code    34  stm32f4xx_rcc.o(.text)
    RCC_APB1PeriphClockCmd                   0x0800155f   Thumb Code    34  stm32f4xx_rcc.o(.text)
    RCC_APB2PeriphClockCmd                   0x08001581   Thumb Code    34  stm32f4xx_rcc.o(.text)
    RCC_AHB1PeriphResetCmd                   0x080015a3   Thumb Code    34  stm32f4xx_rcc.o(.text)
    RCC_AHB2PeriphResetCmd                   0x080015c5   Thumb Code    72  stm32f4xx_rcc.o(.text)
    RCC_AHB3PeriphResetCmd                   0x0800160d   Thumb Code    34  stm32f4xx_rcc.o(.text)
    RCC_APB1PeriphResetCmd                   0x0800162f   Thumb Code    34  stm32f4xx_rcc.o(.text)
    RCC_APB2PeriphResetCmd                   0x08001651   Thumb Code    34  stm32f4xx_rcc.o(.text)
    RCC_AHB1PeriphClockLPModeCmd             0x08001673   Thumb Code    34  stm32f4xx_rcc.o(.text)
    RCC_AHB2PeriphClockLPModeCmd             0x08001695   Thumb Code    34  stm32f4xx_rcc.o(.text)
    RCC_AHB3PeriphClockLPModeCmd             0x080016b7   Thumb Code    34  stm32f4xx_rcc.o(.text)
    RCC_APB1PeriphClockLPModeCmd             0x080016d9   Thumb Code    34  stm32f4xx_rcc.o(.text)
    RCC_APB2PeriphClockLPModeCmd             0x080016fb   Thumb Code    34  stm32f4xx_rcc.o(.text)
    RCC_ITConfig                             0x0800171d   Thumb Code    34  stm32f4xx_rcc.o(.text)
    RCC_ClearFlag                            0x0800173f   Thumb Code    18  stm32f4xx_rcc.o(.text)
    RCC_GetITStatus                          0x08001751   Thumb Code    22  stm32f4xx_rcc.o(.text)
    RCC_ClearITPendingBit                    0x08001767   Thumb Code     8  stm32f4xx_rcc.o(.text)
    GPIO_DeInit                              0x08001775   Thumb Code   220  stm32f4xx_gpio.o(.text)
    GPIO_Init                                0x08001851   Thumb Code   144  stm32f4xx_gpio.o(.text)
    GPIO_StructInit                          0x080018e1   Thumb Code    18  stm32f4xx_gpio.o(.text)
    GPIO_PinLockConfig                       0x080018f3   Thumb Code    34  stm32f4xx_gpio.o(.text)
    GPIO_ReadInputDataBit                    0x08001915   Thumb Code    18  stm32f4xx_gpio.o(.text)
    GPIO_ReadInputData                       0x08001927   Thumb Code     8  stm32f4xx_gpio.o(.text)
    GPIO_ReadOutputDataBit                   0x0800192f   Thumb Code    18  stm32f4xx_gpio.o(.text)
    GPIO_ReadOutputData                      0x08001941   Thumb Code     8  stm32f4xx_gpio.o(.text)
    GPIO_SetBits                             0x08001949   Thumb Code     4  stm32f4xx_gpio.o(.text)
    GPIO_ResetBits                           0x0800194d   Thumb Code     4  stm32f4xx_gpio.o(.text)
    GPIO_WriteBit                            0x08001951   Thumb Code    10  stm32f4xx_gpio.o(.text)
    GPIO_Write                               0x0800195b   Thumb Code     4  stm32f4xx_gpio.o(.text)
    GPIO_ToggleBits                          0x0800195f   Thumb Code     8  stm32f4xx_gpio.o(.text)
    GPIO_PinAFConfig                         0x08001967   Thumb Code    70  stm32f4xx_gpio.o(.text)
    SDIO_DeInit                              0x080019d1   Thumb Code    22  stm32f4xx_sdio.o(.text)
    SDIO_Init                                0x080019e7   Thumb Code    42  stm32f4xx_sdio.o(.text)
    SDIO_StructInit                          0x08001a11   Thumb Code    16  stm32f4xx_sdio.o(.text)
    SDIO_ClockCmd                            0x08001a21   Thumb Code     6  stm32f4xx_sdio.o(.text)
    SDIO_SetPowerState                       0x08001a27   Thumb Code     8  stm32f4xx_sdio.o(.text)
    SDIO_GetPowerState                       0x08001a2f   Thumb Code    12  stm32f4xx_sdio.o(.text)
    SDIO_SendCommand                         0x08001a3b   Thumb Code    42  stm32f4xx_sdio.o(.text)
    SDIO_CmdStructInit                       0x08001a65   Thumb Code    14  stm32f4xx_sdio.o(.text)
    SDIO_GetCommandResponse                  0x08001a73   Thumb Code    10  stm32f4xx_sdio.o(.text)
    SDIO_GetResponse                         0x08001a7d   Thumb Code    22  stm32f4xx_sdio.o(.text)
    SDIO_DataConfig                          0x08001a93   Thumb Code    48  stm32f4xx_sdio.o(.text)
    SDIO_DataStructInit                      0x08001ac3   Thumb Code    20  stm32f4xx_sdio.o(.text)
    SDIO_GetDataCounter                      0x08001ad7   Thumb Code     8  stm32f4xx_sdio.o(.text)
    SDIO_ReadData                            0x08001adf   Thumb Code     8  stm32f4xx_sdio.o(.text)
    SDIO_WriteData                           0x08001ae7   Thumb Code     8  stm32f4xx_sdio.o(.text)
    SDIO_GetFIFOCount                        0x08001aef   Thumb Code     8  stm32f4xx_sdio.o(.text)
    SDIO_StartSDIOReadWait                   0x08001af7   Thumb Code     6  stm32f4xx_sdio.o(.text)
    SDIO_StopSDIOReadWait                    0x08001afd   Thumb Code     8  stm32f4xx_sdio.o(.text)
    SDIO_SetSDIOReadWaitMode                 0x08001b05   Thumb Code     8  stm32f4xx_sdio.o(.text)
    SDIO_SetSDIOOperation                    0x08001b0d   Thumb Code     8  stm32f4xx_sdio.o(.text)
    SDIO_SendSDIOSuspendCmd                  0x08001b15   Thumb Code     6  stm32f4xx_sdio.o(.text)
    SDIO_CommandCompletionCmd                0x08001b1b   Thumb Code     8  stm32f4xx_sdio.o(.text)
    SDIO_CEATAITCmd                          0x08001b23   Thumb Code    12  stm32f4xx_sdio.o(.text)
    SDIO_SendCEATACmd                        0x08001b2f   Thumb Code     8  stm32f4xx_sdio.o(.text)
    SDIO_DMACmd                              0x08001b37   Thumb Code     8  stm32f4xx_sdio.o(.text)
    SDIO_ITConfig                            0x08001b3f   Thumb Code    34  stm32f4xx_sdio.o(.text)
    SDIO_GetFlagStatus                       0x08001b61   Thumb Code    22  stm32f4xx_sdio.o(.text)
    SDIO_ClearFlag                           0x08001b77   Thumb Code     8  stm32f4xx_sdio.o(.text)
    SDIO_GetITStatus                         0x08001b7f   Thumb Code    22  stm32f4xx_sdio.o(.text)
    SDIO_ClearITPendingBit                   0x08001b95   Thumb Code     8  stm32f4xx_sdio.o(.text)
    LED_Init                                 0x08001bad   Thumb Code    80  led.o(.text)
    setLED                                   0x08001bfd   Thumb Code   104  led.o(.text)
    Blinks_led_Feq                           0x08001c65   Thumb Code   126  led.o(.text)
    Xbee_poweron                             0x08001ce9   Thumb Code    70  usart.o(.text)
    IMU_Blue_POWER                           0x08001d2f   Thumb Code    68  usart.o(.text)
    GPS_POWER                                0x08001d73   Thumb Code    74  usart.o(.text)
    SD_poweron                               0x08001dbd   Thumb Code    68  usart.o(.text)
    Modules_Power_Control                    0x08001e01   Thumb Code    82  usart.o(.text)
    clear_usart                              0x08001e53   Thumb Code    60  usart.o(.text)
    USART_INIT                               0x08001e8f   Thumb Code   510  usart.o(.text)
    USART_WRITE_ONE                          0x0800208d   Thumb Code   132  usart.o(.text)
    USART_Write_LEN                          0x08002111   Thumb Code    34  usart.o(.text)
    usart_rect_len                           0x08002133   Thumb Code   112  usart.o(.text)
    usart_in_queue                           0x080021a3   Thumb Code   234  usart.o(.text)
    usart_out_queue                          0x0800228d   Thumb Code   198  usart.o(.text)
    USART_RECV_DATA_LEN                      0x08002353   Thumb Code    42  usart.o(.text)
    USART1_IRQHandler                        0x0800237d   Thumb Code    48  usart.o(.text)
    USART2_IRQHandler                        0x080023ad   Thumb Code    50  usart.o(.text)
    USART3_IRQHandler                        0x080023df   Thumb Code    50  usart.o(.text)
    i2cInit                                  0x08002429   Thumb Code   110  i2c.o(.text)
    i2cStart                                 0x08002497   Thumb Code    76  i2c.o(.text)
    i2cStop                                  0x080024e3   Thumb Code    82  i2c.o(.text)
    i2cWait_Ack                              0x08002535   Thumb Code   120  i2c.o(.text)
    i2cAck                                   0x080025ad   Thumb Code    76  i2c.o(.text)
    i2cNAck                                  0x080025f9   Thumb Code    76  i2c.o(.text)
    i2cSend_Byte                             0x08002645   Thumb Code   118  i2c.o(.text)
    IICSendByteAck                           0x080026bb   Thumb Code    26  i2c.o(.text)
    i2cRead_Byte                             0x080026d5   Thumb Code   104  i2c.o(.text)
    Write_single_reg                         0x0800273d   Thumb Code    48  i2c.o(.text)
    Write_multiple_reg                       0x0800276d   Thumb Code    66  i2c.o(.text)
    Read_single_reg                          0x080027af   Thumb Code    62  i2c.o(.text)
    Read_multiple_reg                        0x080027ed   Thumb Code   100  i2c.o(.text)
    readSensor_U8                            0x08002851   Thumb Code    80  i2c.o(.text)
    readSensor_U16                           0x080028a1   Thumb Code    98  i2c.o(.text)
    writeSensor_u8                           0x08002903   Thumb Code    72  i2c.o(.text)
    writeSensor_u16                          0x0800294b   Thumb Code    90  i2c.o(.text)
    fputc                                    0x080029a5   Thumb Code    18  retarget.o(.text)
    fgetc                                    0x080029b7   Thumb Code     6  retarget.o(.text)
    fclose                                   0x080029bd   Thumb Code     6  retarget.o(.text)
    ferror                                   0x080029c3   Thumb Code     8  retarget.o(.text)
    fseek                                    0x080029cb   Thumb Code     6  retarget.o(.text)
    fflush                                   0x080029d1   Thumb Code     6  retarget.o(.text)
    _ttywrch                                 0x080029d7   Thumb Code     2  retarget.o(.text)
    _sys_exit                                0x080029d9   Thumb Code     4  retarget.o(.text)
    Init_ITG3205                             0x080029dd   Thumb Code    44  imu.o(.text)
    READ_ITG3205_XYZT                        0x08002a09   Thumb Code   626  imu.o(.text)
    Init_ADXL345                             0x08002c7b   Thumb Code    74  imu.o(.text)
    ADXL345_Read_XYZt                        0x08002cc5   Thumb Code   626  imu.o(.text)
    Init_HMC5883L                            0x08002f37   Thumb Code    24  imu.o(.text)
    HMC5883L_Read_XYZt                       0x08002f4f   Thumb Code   362  imu.o(.text)
    IMU_INIT                                 0x080030b9   Thumb Code    62  imu.o(.text)
    normalize                                0x080030f7   Thumb Code   218  imu.o(.text)
    vector_product                           0x080031d1   Thumb Code    44  imu.o(.text)
    scalar_product                           0x080031fd   Thumb Code    20  imu.o(.text)
    evaluate_rotation_matrix_imu             0x08003211   Thumb Code   940  imu.o(.text)
    scalar_multiply                          0x080035bd   Thumb Code    64  imu.o(.text)
    matrix_multiply                          0x080035fd   Thumb Code   116  imu.o(.text)
    linear_filter                            0x08003671   Thumb Code   204  imu.o(.text)
    calculate_p_r_y                          0x0800373d   Thumb Code   550  imu.o(.text)
    GMTconvert                               0x080039bf   Thumb Code   356  gps_decode.o(.text)
    GPS_Config                               0x08003bc7   Thumb Code    20  gps_decode.o(.text)
    DMA2_Stream2_IRQHandler                  0x08003bdb   Thumb Code    70  gps_decode.o(.text)
    nmea_pack_type                           0x08003c21   Thumb Code   116  gps_decode.o(.text)
    GPS_Check_CRC                            0x08003c95   Thumb Code    86  gps_decode.o(.text)
    nmea_atoi                                0x08003ceb   Thumb Code    50  gps_decode.o(.text)
    nmea_atof                                0x08003d1d   Thumb Code    66  gps_decode.o(.text)
    GET_NMEA_TIME                            0x08003d5f   Thumb Code   190  gps_decode.o(.text)
    GET_Comma_Between_Paragraphs             0x08003e1d   Thumb Code   166  gps_decode.o(.text)
    NMEA_Parse_GPGGA                         0x08003ec3   Thumb Code   462  gps_decode.o(.text)
    NMEA_Parse_GPGSA                         0x08004091   Thumb Code   248  gps_decode.o(.text)
    NMEA_Parse_GPGSV                         0x08004189   Thumb Code   448  gps_decode.o(.text)
    NMEA_Parse_GPRMC                         0x08004349   Thumb Code   328  gps_decode.o(.text)
    NMEA_Parse_GPVTG                         0x08004491   Thumb Code   240  gps_decode.o(.text)
    NMEA_Parse_GPGLL                         0x08004581   Thumb Code   182  gps_decode.o(.text)
    Draw_Parse_Message_CRC                   0x08004637   Thumb Code   162  gps_decode.o(.text)
    NMEA0183_protocol_analysis               0x080046d9   Thumb Code   420  gps_decode.o(.text)
    GPS_Parse_Decode                         0x0800487d   Thumb Code   150  gps_decode.o(.text)
    ff_convert                               0x0800495d   Thumb Code   116  cc936.o(.text)
    ff_wtoupper                              0x080049d1   Thumb Code    46  cc936.o(.text)
    SDIO_Register_Deinit                     0x08004a11   Thumb Code    48  sdio_sdcard.o(.text)
    SD_SetDeviceMode                         0x08004a41   Thumb Code    20  sdio_sdcard.o(.text)
    SDIO_Clock_Set                           0x08004a55   Thumb Code    18  sdio_sdcard.o(.text)
    CmdResp1Error                            0x08004a67   Thumb Code    96  sdio_sdcard.o(.text)
    FindSCR                                  0x08004ac7   Thumb Code   390  sdio_sdcard.o(.text)
    SDEnWideBus                              0x08004c4d   Thumb Code   160  sdio_sdcard.o(.text)
    SD_EnableWideBusOperation                0x08004ced   Thumb Code    98  sdio_sdcard.o(.text)
    SD_SelectDeselect                        0x08004d4f   Thumb Code    42  sdio_sdcard.o(.text)
    SD_GetCardInfo                           0x08004d79   Thumb Code   806  sdio_sdcard.o(.text)
    CmdResp2Error                            0x0800509f   Thumb Code    80  sdio_sdcard.o(.text)
    CmdResp6Error                            0x080050ef   Thumb Code   144  sdio_sdcard.o(.text)
    SD_InitializeCards                       0x0800517f   Thumb Code   354  sdio_sdcard.o(.text)
    CmdResp3Error                            0x080052e1   Thumb Code    52  sdio_sdcard.o(.text)
    CmdResp7Error                            0x08005315   Thumb Code    72  sdio_sdcard.o(.text)
    CmdError                                 0x0800535d   Thumb Code    48  sdio_sdcard.o(.text)
    SD_PowerON                               0x0800538d   Thumb Code   460  sdio_sdcard.o(.text)
    SD_Init                                  0x08005559   Thumb Code   334  sdio_sdcard.o(.text)
    SD_PowerOFF                              0x080056a7   Thumb Code    12  sdio_sdcard.o(.text)
    SD_DMA_Config                            0x080056b3   Thumb Code   118  sdio_sdcard.o(.text)
    convert_from_bytes_to_power_of_two       0x08005729   Thumb Code    18  sdio_sdcard.o(.text)
    SD_ReadBlock                             0x0800573b   Thumb Code   578  sdio_sdcard.o(.text)
    SD_ReadMultiBlocks                       0x0800597d   Thumb Code   762  sdio_sdcard.o(.text)
    IsCardProgramming                        0x08005c77   Thumb Code   150  sdio_sdcard.o(.text)
    SD_WriteBlock                            0x08005d0d   Thumb Code   914  sdio_sdcard.o(.text)
    SD_WriteMultiBlocks                      0x0800609f   Thumb Code   976  sdio_sdcard.o(.text)
    SD_ProcessIRQSrc                         0x0800646f   Thumb Code   322  sdio_sdcard.o(.text)
    SDIO_IRQHandler                          0x080065b1   Thumb Code     8  sdio_sdcard.o(.text)
    SD_SendStatus                            0x080065b9   Thumb Code    74  sdio_sdcard.o(.text)
    SD_GetState                              0x08006603   Thumb Code    26  sdio_sdcard.o(.text)
    SD_ReadDisk                              0x0800661d   Thumb Code   192  sdio_sdcard.o(.text)
    SD_WriteDisk                             0x080066dd   Thumb Code   152  sdio_sdcard.o(.text)
    clust2sect                               0x0800692b   Thumb Code    26  ff.o(.text)
    get_fat                                  0x08006945   Thumb Code   232  ff.o(.text)
    put_fat                                  0x08006a2d   Thumb Code   310  ff.o(.text)
    dir_sdi                                  0x08006cd7   Thumb Code   158  ff.o(.text)
    f_mount                                  0x08007d49   Thumb Code    86  ff.o(.text)
    f_open                                   0x08007d9f   Thumb Code   384  ff.o(.text)
    f_read                                   0x08007f1f   Thumb Code   448  ff.o(.text)
    f_write                                  0x080080df   Thumb Code   490  ff.o(.text)
    f_sync                                   0x080082c9   Thumb Code   176  ff.o(.text)
    f_close                                  0x08008379   Thumb Code    36  ff.o(.text)
    f_lseek                                  0x0800839d   Thumb Code   654  ff.o(.text)
    f_opendir                                0x0800862b   Thumb Code   136  ff.o(.text)
    f_closedir                               0x080086b3   Thumb Code    22  ff.o(.text)
    f_readdir                                0x080086c9   Thumb Code   114  ff.o(.text)
    f_stat                                   0x0800873b   Thumb Code    84  ff.o(.text)
    f_getfree                                0x0800878f   Thumb Code   258  ff.o(.text)
    f_truncate                               0x08008891   Thumb Code   184  ff.o(.text)
    f_unlink                                 0x08008949   Thumb Code   194  ff.o(.text)
    f_mkdir                                  0x08008a0b   Thumb Code   380  ff.o(.text)
    f_chmod                                  0x08008b87   Thumb Code   112  ff.o(.text)
    f_utime                                  0x08008bf7   Thumb Code   110  ff.o(.text)
    f_rename                                 0x08008c65   Thumb Code   314  ff.o(.text)
    f_getlabel                               0x08008d9f   Thumb Code   190  ff.o(.text)
    f_setlabel                               0x08008e5d   Thumb Code   470  ff.o(.text)
    f_mkfs                                   0x08009033   Thumb Code  1570  ff.o(.text)
    f_gets                                   0x08009655   Thumb Code    82  ff.o(.text)
    f_putc                                   0x080096eb   Thumb Code    64  ff.o(.text)
    f_puts                                   0x0800972b   Thumb Code    74  ff.o(.text)
    f_printf                                 0x08009775   Thumb Code   674  ff.o(.text)
    exfuns_init                              0x08009a19   Thumb Code   114  exfuns.o(.text)
    char_upper                               0x08009a8b   Thumb Code    26  exfuns.o(.text)
    f_typetell                               0x08009aa5   Thumb Code   172  exfuns.o(.text)
    exf_getfree                              0x08009b51   Thumb Code    74  exfuns.o(.text)
    Write_SD                                 0x08009b9b   Thumb Code   136  exfuns.o(.text)
    Read_SD                                  0x08009c23   Thumb Code    94  exfuns.o(.text)
    SD_Creat_File                            0x08009c81   Thumb Code    74  exfuns.o(.text)
    mymemcpy                                 0x08009ce1   Thumb Code    26  malloc.o(.text)
    mymemset                                 0x08009cfb   Thumb Code    20  malloc.o(.text)
    my_mem_init                              0x08009d0f   Thumb Code    54  malloc.o(.text)
    my_mem_perused                           0x08009d45   Thumb Code    54  malloc.o(.text)
    my_mem_malloc                            0x08009d7b   Thumb Code   154  malloc.o(.text)
    my_mem_free                              0x08009e15   Thumb Code    94  malloc.o(.text)
    myfree                                   0x08009e73   Thumb Code    32  malloc.o(.text)
    mymalloc                                 0x08009e93   Thumb Code    36  malloc.o(.text)
    myrealloc                                0x08009eb7   Thumb Code    68  malloc.o(.text)
    disk_initialize                          0x08009f0d   Thumb Code    40  diskio.o(.text)
    disk_status                              0x08009f35   Thumb Code     6  diskio.o(.text)
    disk_read                                0x08009f3b   Thumb Code    94  diskio.o(.text)
    disk_write                               0x08009f99   Thumb Code    94  diskio.o(.text)
    disk_ioctl                               0x08009ff7   Thumb Code   170  diskio.o(.text)
    get_fattime                              0x0800a0a1   Thumb Code     4  diskio.o(.text)
    ff_memalloc                              0x0800a0a5   Thumb Code    14  diskio.o(.text)
    ff_memfree                               0x0800a0b3   Thumb Code    14  diskio.o(.text)
    __aeabi_ldivmod                          0x0800a0c9   Thumb Code    98  ldiv.o(.text)
    __aeabi_memcpy                           0x0800a12b   Thumb Code    36  memcpya.o(.text)
    __aeabi_memcpy4                          0x0800a12b   Thumb Code     0  memcpya.o(.text)
    __aeabi_memcpy8                          0x0800a12b   Thumb Code     0  memcpya.o(.text)
    __aeabi_memset                           0x0800a14f   Thumb Code    14  memseta.o(.text)
    __aeabi_memset4                          0x0800a14f   Thumb Code     0  memseta.o(.text)
    __aeabi_memset8                          0x0800a14f   Thumb Code     0  memseta.o(.text)
    __aeabi_memclr                           0x0800a15d   Thumb Code     4  memseta.o(.text)
    __aeabi_memclr4                          0x0800a15d   Thumb Code     0  memseta.o(.text)
    __aeabi_memclr8                          0x0800a15d   Thumb Code     0  memseta.o(.text)
    _memset$wrapper                          0x0800a161   Thumb Code    18  memseta.o(.text)
    strchr                                   0x0800a173   Thumb Code    20  strchr.o(.text)
    strlen                                   0x0800a187   Thumb Code    14  strlen.o(.text)
    strcmp                                   0x0800a195   Thumb Code    28  strcmp.o(.text)
    memcmp                                   0x0800a1b1   Thumb Code    26  memcmp.o(.text)
    strcpy                                   0x0800a1cb   Thumb Code    18  strcpy.o(.text)
    strncmp                                  0x0800a1dd   Thumb Code    30  strncmp.o(.text)
    strtol                                   0x0800a1fb   Thumb Code   112  strtol.o(.text)
    atoi                                     0x0800a26b   Thumb Code    26  atoi.o(.text)
    __aeabi_dadd                             0x0800a285   Thumb Code   322  dadd.o(.text)
    __aeabi_dsub                             0x0800a3c7   Thumb Code     6  dadd.o(.text)
    __aeabi_drsub                            0x0800a3cd   Thumb Code     6  dadd.o(.text)
    __aeabi_dmul                             0x0800a3d3   Thumb Code   228  dmul.o(.text)
    __aeabi_ddiv                             0x0800a4b7   Thumb Code   222  ddiv.o(.text)
    __aeabi_i2d                              0x0800a595   Thumb Code    34  dflti.o(.text)
    __aeabi_ui2d                             0x0800a5b7   Thumb Code    26  dfltui.o(.text)
    __aeabi_d2iz                             0x0800a5d1   Thumb Code    62  dfixi.o(.text)
    __aeabi_d2uiz                            0x0800a60f   Thumb Code    50  dfixui.o(.text)
    __aeabi_f2d                              0x0800a641   Thumb Code    38  f2d.o(.text)
    __aeabi_d2f                              0x0800a667   Thumb Code    56  d2f.o(.text)
    __aeabi_uidiv                            0x0800a69f   Thumb Code     0  uidiv.o(.text)
    __aeabi_uidivmod                         0x0800a69f   Thumb Code    44  uidiv.o(.text)
    __aeabi_uldivmod                         0x0800a6cb   Thumb Code    98  uldiv.o(.text)
    __aeabi_llsl                             0x0800a72d   Thumb Code    30  llshl.o(.text)
    _ll_shift_l                              0x0800a72d   Thumb Code     0  llshl.o(.text)
    __aeabi_llsr                             0x0800a74b   Thumb Code    32  llushr.o(.text)
    _ll_ushift_r                             0x0800a74b   Thumb Code     0  llushr.o(.text)
    __aeabi_lasr                             0x0800a76b   Thumb Code    36  llsshr.o(.text)
    _ll_sshift_r                             0x0800a76b   Thumb Code     0  llsshr.o(.text)
    __rt_ctype_table                         0x0800a791   Thumb Code     4  ctype_o.o(.text)
    isspace                                  0x0800a799   Thumb Code    18  isspace_o.o(.text)
    _strtoul                                 0x0800a7ab   Thumb Code   158  _strtoul.o(.text)
    __strtod_int                             0x0800a87f   Thumb Code    88  strtod.o(.text)
    __I$use$fp                               0x0800a8e5   Thumb Code     0  iusefp.o(.text)
    _float_round                             0x0800a8e5   Thumb Code    18  fepilogue.o(.text)
    _float_epilogue                          0x0800a8f7   Thumb Code    92  fepilogue.o(.text)
    _double_round                            0x0800a953   Thumb Code    30  depilogue.o(.text)
    _double_epilogue                         0x0800a971   Thumb Code   156  depilogue.o(.text)
    __ARM_scalbn                             0x0800aa0d   Thumb Code    46  dscalb.o(.text)
    scalbn                                   0x0800aa0d   Thumb Code     0  dscalb.o(.text)
    _dsqrt                                   0x0800aa3b   Thumb Code   162  dsqrt.o(.text)
    __aeabi_d2ulz                            0x0800aadd   Thumb Code    48  dfixul.o(.text)
    __aeabi_cdrcmple                         0x0800ab0d   Thumb Code    48  cdrcmple.o(.text)
    __scatterload                            0x0800ab3d   Thumb Code    28  init.o(.text)
    __scatterload_rt2                        0x0800ab3d   Thumb Code     0  init.o(.text)
    _chval                                   0x0800ab61   Thumb Code    28  _chval.o(.text)
    _scanf_real                              0x0800ac7d   Thumb Code     0  scanf_fp.o(.text)
    _scanf_really_real                       0x0800ac7d   Thumb Code   556  scanf_fp.o(.text)
    _sgetc                                   0x0800aeb5   Thumb Code    30  _sgetc.o(.text)
    _sbackspace                              0x0800aed3   Thumb Code    34  _sgetc.o(.text)
    __aeabi_ul2d                             0x0800aef5   Thumb Code    24  dfltul.o(.text)
    __0printf                                0x0800af0d   Thumb Code    22  printfa.o(i.__0printf)
    __1printf                                0x0800af0d   Thumb Code     0  printfa.o(i.__0printf)
    __2printf                                0x0800af0d   Thumb Code     0  printfa.o(i.__0printf)
    __c89printf                              0x0800af0d   Thumb Code     0  printfa.o(i.__0printf)
    printf                                   0x0800af0d   Thumb Code     0  printfa.o(i.__0printf)
    __0sprintf                               0x0800af2d   Thumb Code    34  printfa.o(i.__0sprintf)
    __1sprintf                               0x0800af2d   Thumb Code     0  printfa.o(i.__0sprintf)
    __2sprintf                               0x0800af2d   Thumb Code     0  printfa.o(i.__0sprintf)
    __c89sprintf                             0x0800af2d   Thumb Code     0  printfa.o(i.__0sprintf)
    sprintf                                  0x0800af2d   Thumb Code     0  printfa.o(i.__0sprintf)
    __ARM_fpclassify                         0x0800af55   Thumb Code    48  fpclassify.o(i.__ARM_fpclassify)
    __aeabi_errno_addr                       0x0800af85   Thumb Code     4  errno.o(i.__aeabi_errno_addr)
    __rt_errno_addr                          0x0800af85   Thumb Code     0  errno.o(i.__aeabi_errno_addr)
    __hardfp_atan                            0x0800af91   Thumb Code   622  atan.o(i.__hardfp_atan)
    __hardfp_atan2                           0x0800b269   Thumb Code   432  atan2.o(i.__hardfp_atan2)
    __hardfp_pow                             0x0800b459   Thumb Code  3072  pow.o(i.__hardfp_pow)
    __hardfp_sqrt                            0x0800c0a9   Thumb Code   122  sqrt.o(i.__hardfp_sqrt)
    __hardfp_strtod                          0x0800c129   Thumb Code    30  strtod.o(i.__hardfp_strtod)
    __kernel_poly                            0x0800c151   Thumb Code   248  poly.o(i.__kernel_poly)
    __mathlib_dbl_divzero                    0x0800c249   Thumb Code    28  dunder.o(i.__mathlib_dbl_divzero)
    __mathlib_dbl_infnan                     0x0800c279   Thumb Code    20  dunder.o(i.__mathlib_dbl_infnan)
    __mathlib_dbl_infnan2                    0x0800c28d   Thumb Code    20  dunder.o(i.__mathlib_dbl_infnan2)
    __mathlib_dbl_invalid                    0x0800c2a1   Thumb Code    24  dunder.o(i.__mathlib_dbl_invalid)
    __mathlib_dbl_overflow                   0x0800c2c1   Thumb Code    24  dunder.o(i.__mathlib_dbl_overflow)
    __mathlib_dbl_underflow                  0x0800c2e1   Thumb Code    24  dunder.o(i.__mathlib_dbl_underflow)
    __scatterload_copy                       0x0800c301   Thumb Code    14  handlers.o(i.__scatterload_copy)
    __scatterload_null                       0x0800c30f   Thumb Code     2  handlers.o(i.__scatterload_null)
    __scatterload_zeroinit                   0x0800c311   Thumb Code    14  handlers.o(i.__scatterload_zeroinit)
    __set_errno                              0x0800c321   Thumb Code     6  errno.o(i.__set_errno)
    _is_digit                                0x0800c491   Thumb Code    14  scanf_fp.o(i._is_digit)
    atan                                     0x0800cbd9   Thumb Code    16  atan.o(i.atan)
    fabs                                     0x0800cbe9   Thumb Code    24  fabs.o(i.fabs)
    sqrt                                     0x0800cc01   Thumb Code   110  sqrt.o(i.sqrt)
    FILE_TYPE_TBL                            0x08037970   Data         112  exfuns.o(.constdata)
    memtblsize                               0x080379e0   Data          12  malloc.o(.constdata)
    memblksize                               0x080379ec   Data          12  malloc.o(.constdata)
    memsize                                  0x080379f8   Data          12  malloc.o(.constdata)
    __mathlib_zero                           0x08037b28   Data           8  qnan.o(.constdata)
    __ctype_table                            0x08037b30   Data         129  ctype_o.o(.constdata)
    Region$$Table$$Base                      0x08037c94   Number         0  anon$$obj.o(Region$$Table)
    Region$$Table$$Limit                     0x08037cb4   Number         0  anon$$obj.o(Region$$Table)
    mem3base                                 0x10000000   Data       61440  malloc.o(.ARM.__AT_0x10000000)
    mem3mapbase                              0x1000f000   Data        3840  malloc.o(.ARM.__AT_0x1000F000)
    SystemCoreClock                          0x20000000   Data           4  system_stm32f4xx.o(.data)
    AHBPrescTable                            0x20000004   Data          16  system_stm32f4xx.o(.data)
    DelayOut                                 0x20000020   Data           4  sysdelay.o(.data)
    __stdout                                 0x20000034   Data           4  retarget.o(.data)
    __stdin                                  0x20000038   Data           4  retarget.o(.data)
    __stderr                                 0x2000003c   Data           4  retarget.o(.data)
    ITG3205_X                                0x20000040   Data           2  imu.o(.data)
    ITG3205_Y                                0x20000042   Data           2  imu.o(.data)
    ITG3205_Z                                0x20000044   Data           2  imu.o(.data)
    ITG3205_T                                0x20000046   Data           2  imu.o(.data)
    ADXL345_X                                0x20000048   Data           2  imu.o(.data)
    ADXL345_Y                                0x2000004a   Data           2  imu.o(.data)
    ADXL345_Z                                0x2000004c   Data           2  imu.o(.data)
    HMC5883L_X                               0x2000004e   Data           2  imu.o(.data)
    HMC5883L_Y                               0x20000050   Data           2  imu.o(.data)
    HMC5883L_Z                               0x20000052   Data           2  imu.o(.data)
    ADXL345_X_AXIS                           0x20000054   Data           4  imu.o(.data)
    ADXL345_Y_AXIS                           0x20000058   Data           4  imu.o(.data)
    ADXL345_Z_AXIS                           0x2000005c   Data           4  imu.o(.data)
    conver_x                                 0x20000060   Data           4  imu.o(.data)
    conver_y                                 0x20000064   Data           4  imu.o(.data)
    conver_z                                 0x20000068   Data           4  imu.o(.data)
    HMC5883L_ARC                             0x2000006c   Data           4  imu.o(.data)
    scal_prod                                0x20000070   Data           4  imu.o(.data)
    initialize                               0x20000074   Data           1  imu.o(.data)
    pitch                                    0x20000078   Data           4  imu.o(.data)
    roll                                     0x2000007c   Data           4  imu.o(.data)
    yaw                                      0x20000080   Data           4  imu.o(.data)
    temp                                     0x20000084   Data           4  imu.o(.data)
    GPS_TransferEnd                          0x20000088   Data           1  gps_decode.o(.data)
    GPS_HalfTransferEnd                      0x20000089   Data           1  gps_decode.o(.data)
    TransferError                            0x200000ae   Data           1  sdio_sdcard.o(.data)
    TransferEnd                              0x200000af   Data           1  sdio_sdcard.o(.data)
    tempbuff                                 0x200000b0   Data           4  sdio_sdcard.o(.data)
    file                                     0x200000b8   Data           4  exfuns.o(.data)
    ftemp                                    0x200000bc   Data           4  exfuns.o(.data)
    br                                       0x200000c0   Data           4  exfuns.o(.data)
    bw                                       0x200000c4   Data           4  exfuns.o(.data)
    fatbuf                                   0x200000c8   Data           4  exfuns.o(.data)
    mallco_dev                               0x200000cc   Data          36  malloc.o(.data)
    FLASH_SECTOR_COUNT                       0x200000f0   Data           2  diskio.o(.data)
    usart1_recv                              0x200000f8   Data         516  usart.o(.bss)
    usart2_recv                              0x200002fc   Data         516  usart.o(.bss)
    usart3_recv                              0x20000500   Data         516  usart.o(.bss)
    normal_mat                               0x20000704   Data          12  imu.o(.bss)
    vec_prod                                 0x20000710   Data          12  imu.o(.bss)
    Ri                                       0x2000071c   Data          36  imu.o(.bss)
    Rg                                       0x20000740   Data          36  imu.o(.bss)
    outMat                                   0x20000764   Data          36  imu.o(.bss)
    outMat2                                  0x20000788   Data          36  imu.o(.bss)
    outMat3                                  0x200007ac   Data          36  imu.o(.bss)
    Ra_g                                     0x200007d0   Data          36  imu.o(.bss)
    preRa_g                                  0x200007f4   Data          36  imu.o(.bss)
    gps_recv_buff                            0x20000818   Data         512  gps_decode.o(.bss)
    info                                     0x20000bbc   Data         360  gps_decode.o(.bss)
    SDIO_InitStructure                       0x20000da8   Data          24  sdio_sdcard.o(.bss)
    SDIO_CmdInitStructure                    0x20000dc0   Data          20  sdio_sdcard.o(.bss)
    SDIO_DataInitStructure                   0x20000dd4   Data          24  sdio_sdcard.o(.bss)
    SDCardInfo                               0x20000e10   Data          88  sdio_sdcard.o(.bss)
    SDIO_DATA_BUFFER                         0x20000e68   Data         512  sdio_sdcard.o(.bss)
    fs                                       0x20001074   Data          12  exfuns.o(.bss)
    fileinfo                                 0x20001080   Data          32  exfuns.o(.bss)
    dir                                      0x200010a0   Data          36  exfuns.o(.bss)
    mem1base                                 0x200010e0   Data       102400  malloc.o(.bss)
    mem1mapbase                              0x2001a0e0   Data        6400  malloc.o(.bss)
    __initial_sp                             0x2001bde0   Data           0  startup_stm32f4xx.o(STACK)
    mem2base                                 0x68000000   Data       983040  malloc.o(.ARM.__AT_0x68000000)
    mem2mapbase                              0x680f0000   Data       61440  malloc.o(.ARM.__AT_0x680F0000)



==============================================================================

Memory Map of the image

  Image Entry point : 0x08000189

  Load Region LR_IROM1 (Base: 0x08000000, Size: 0x00037dac, Max: 0x00100000, ABSOLUTE)

    Execution Region ER_IROM1 (Base: 0x08000000, Size: 0x00037cb4, Max: 0x00100000, ABSOLUTE)

    Base Addr    Size         Type   Attr      Idx    E Section Name        Object

    0x08000000   0x00000188   Data   RO            3    RESET               startup_stm32f4xx.o
    0x08000188   0x00000000   Code   RO          749  * .ARM.Collect$$$$00000000  mc_w.l(entry.o)
    0x08000188   0x00000004   Code   RO         1094    .ARM.Collect$$$$00000001  mc_w.l(entry2.o)
    0x0800018c   0x00000004   Code   RO         1097    .ARM.Collect$$$$00000004  mc_w.l(entry5.o)
    0x08000190   0x00000000   Code   RO         1099    .ARM.Collect$$$$00000008  mc_w.l(entry7b.o)
    0x08000190   0x00000000   Code   RO         1101    .ARM.Collect$$$$0000000A  mc_w.l(entry8b.o)
    0x08000190   0x00000008   Code   RO         1102    .ARM.Collect$$$$0000000B  mc_w.l(entry9a.o)
    0x08000198   0x00000000   Code   RO         1104    .ARM.Collect$$$$0000000D  mc_w.l(entry10a.o)
    0x08000198   0x00000000   Code   RO         1106    .ARM.Collect$$$$0000000F  mc_w.l(entry11a.o)
    0x08000198   0x00000004   Code   RO         1095    .ARM.Collect$$$$00002712  mc_w.l(entry2.o)
    0x0800019c   0x00000010   Code   RO          561    .emb_text           sdio_sdcard.o
    0x080001ac   0x00000024   Code   RO            4    .text               startup_stm32f4xx.o
    0x080001d0   0x00000020   Code   RO           11    .text               stm32f4xx_it.o
    0x080001f0   0x00000210   Code   RO          104    .text               system_stm32f4xx.o
    0x08000400   0x000004b8   Code   RO          126    .text               main.o
    0x080008b8   0x00000090   Code   RO          190    .text               sysdelay.o
    0x08000948   0x0000041a   Code   RO          209    .text               stm32f4xx_usart.o
    0x08000d62   0x00000002   PAD
    0x08000d64   0x000000e0   Code   RO          225    .text               misc.o
    0x08000e44   0x000003a8   Code   RO          241    .text               stm32f4xx_dma.o
    0x080011ec   0x00000588   Code   RO          257    .text               stm32f4xx_rcc.o
    0x08001774   0x0000025c   Code   RO          275    .text               stm32f4xx_gpio.o
    0x080019d0   0x000001dc   Code   RO          380    .text               stm32f4xx_sdio.o
    0x08001bac   0x0000013c   Code   RO          412    .text               led.o
    0x08001ce8   0x00000740   Code   RO          431    .text               usart.o
    0x08002428   0x0000057c   Code   RO          450    .text               i2c.o
    0x080029a4   0x00000038   Code   RO          466    .text               retarget.o
    0x080029dc   0x00000fb0   Code   RO          504    .text               imu.o
    0x0800398c   0x00000fd0   Code   RO          524    .text               gps_decode.o
    0x0800495c   0x000000b4   Code   RO          544    .text               cc936.o
    0x08004a10   0x00001d6c   Code   RO          562    .text               sdio_sdcard.o
    0x0800677c   0x0000329a   Code   RO          584    .text               ff.o
    0x08009a16   0x00000002   PAD
    0x08009a18   0x000002c8   Code   RO          634    .text               exfuns.o
    0x08009ce0   0x0000022c   Code   RO          659    .text               malloc.o
    0x08009f0c   0x000001bc   Code   RO          687    .text               diskio.o
    0x0800a0c8   0x00000062   Code   RO          752    .text               mc_w.l(ldiv.o)
    0x0800a12a   0x00000024   Code   RO          754    .text               mc_w.l(memcpya.o)
    0x0800a14e   0x00000024   Code   RO          756    .text               mc_w.l(memseta.o)
    0x0800a172   0x00000014   Code   RO          758    .text               mc_w.l(strchr.o)
    0x0800a186   0x0000000e   Code   RO          760    .text               mc_w.l(strlen.o)
    0x0800a194   0x0000001c   Code   RO          762    .text               mc_w.l(strcmp.o)
    0x0800a1b0   0x0000001a   Code   RO          764    .text               mc_w.l(memcmp.o)
    0x0800a1ca   0x00000012   Code   RO          766    .text               mc_w.l(strcpy.o)
    0x0800a1dc   0x0000001e   Code   RO          768    .text               mc_w.l(strncmp.o)
    0x0800a1fa   0x00000070   Code   RO         1033    .text               mc_w.l(strtol.o)
    0x0800a26a   0x0000001a   Code   RO         1035    .text               mc_w.l(atoi.o)
    0x0800a284   0x0000014e   Code   RO         1037    .text               mf_w.l(dadd.o)
    0x0800a3d2   0x000000e4   Code   RO         1039    .text               mf_w.l(dmul.o)
    0x0800a4b6   0x000000de   Code   RO         1041    .text               mf_w.l(ddiv.o)
    0x0800a594   0x00000022   Code   RO         1043    .text               mf_w.l(dflti.o)
    0x0800a5b6   0x0000001a   Code   RO         1045    .text               mf_w.l(dfltui.o)
    0x0800a5d0   0x0000003e   Code   RO         1047    .text               mf_w.l(dfixi.o)
    0x0800a60e   0x00000032   Code   RO         1049    .text               mf_w.l(dfixui.o)
    0x0800a640   0x00000026   Code   RO         1051    .text               mf_w.l(f2d.o)
    0x0800a666   0x00000038   Code   RO         1053    .text               mf_w.l(d2f.o)
    0x0800a69e   0x0000002c   Code   RO         1108    .text               mc_w.l(uidiv.o)
    0x0800a6ca   0x00000062   Code   RO         1110    .text               mc_w.l(uldiv.o)
    0x0800a72c   0x0000001e   Code   RO         1112    .text               mc_w.l(llshl.o)
    0x0800a74a   0x00000020   Code   RO         1114    .text               mc_w.l(llushr.o)
    0x0800a76a   0x00000024   Code   RO         1116    .text               mc_w.l(llsshr.o)
    0x0800a78e   0x00000002   PAD
    0x0800a790   0x00000008   Code   RO         1118    .text               mc_w.l(ctype_o.o)
    0x0800a798   0x00000012   Code   RO         1140    .text               mc_w.l(isspace_o.o)
    0x0800a7aa   0x0000009e   Code   RO         1153    .text               mc_w.l(_strtoul.o)
    0x0800a848   0x0000009c   Code   RO         1155    .text               mc_w.l(strtod.o)
    0x0800a8e4   0x00000000   Code   RO         1157    .text               mc_w.l(iusefp.o)
    0x0800a8e4   0x0000006e   Code   RO         1158    .text               mf_w.l(fepilogue.o)
    0x0800a952   0x000000ba   Code   RO         1160    .text               mf_w.l(depilogue.o)
    0x0800aa0c   0x0000002e   Code   RO         1164    .text               mf_w.l(dscalb.o)
    0x0800aa3a   0x000000a2   Code   RO         1166    .text               mf_w.l(dsqrt.o)
    0x0800aadc   0x00000030   Code   RO         1168    .text               mf_w.l(dfixul.o)
    0x0800ab0c   0x00000030   Code   RO         1172    .text               mf_w.l(cdrcmple.o)
    0x0800ab3c   0x00000024   Code   RO         1174    .text               mc_w.l(init.o)
    0x0800ab60   0x0000001c   Code   RO         1178    .text               mc_w.l(_chval.o)
    0x0800ab7c   0x00000338   Code   RO         1180    .text               mc_w.l(scanf_fp.o)
    0x0800aeb4   0x00000040   Code   RO         1184    .text               mc_w.l(_sgetc.o)
    0x0800aef4   0x00000018   Code   RO         1189    .text               mf_w.l(dfltul.o)
    0x0800af0c   0x00000020   Code   RO         1005    i.__0printf         mc_w.l(printfa.o)
    0x0800af2c   0x00000028   Code   RO         1007    i.__0sprintf        mc_w.l(printfa.o)
    0x0800af54   0x00000030   Code   RO         1089    i.__ARM_fpclassify  m_wm.l(fpclassify.o)
    0x0800af84   0x00000008   Code   RO         1146    i.__aeabi_errno_addr  mc_w.l(errno.o)
    0x0800af8c   0x00000004   PAD
    0x0800af90   0x000002d8   Code   RO         1055    i.__hardfp_atan     m_wm.l(atan.o)
    0x0800b268   0x000001f0   Code   RO          705    i.__hardfp_atan2    m_wm.l(atan2.o)
    0x0800b458   0x00000c50   Code   RO          717    i.__hardfp_pow      m_wm.l(pow.o)
    0x0800c0a8   0x0000007a   Code   RO          731    i.__hardfp_sqrt     m_wm.l(sqrt.o)
    0x0800c122   0x00000006   PAD
    0x0800c128   0x00000028   Code   RO          743    i.__hardfp_strtod   m_wm.l(strtod.o)
    0x0800c150   0x000000f8   Code   RO         1091    i.__kernel_poly     m_wm.l(poly.o)
    0x0800c248   0x00000030   Code   RO         1069    i.__mathlib_dbl_divzero  m_wm.l(dunder.o)
    0x0800c278   0x00000014   Code   RO         1070    i.__mathlib_dbl_infnan  m_wm.l(dunder.o)
    0x0800c28c   0x00000014   Code   RO         1071    i.__mathlib_dbl_infnan2  m_wm.l(dunder.o)
    0x0800c2a0   0x00000020   Code   RO         1072    i.__mathlib_dbl_invalid  m_wm.l(dunder.o)
    0x0800c2c0   0x00000020   Code   RO         1073    i.__mathlib_dbl_overflow  m_wm.l(dunder.o)
    0x0800c2e0   0x00000020   Code   RO         1075    i.__mathlib_dbl_underflow  m_wm.l(dunder.o)
    0x0800c300   0x0000000e   Code   RO         1193    i.__scatterload_copy  mc_w.l(handlers.o)
    0x0800c30e   0x00000002   Code   RO         1194    i.__scatterload_null  mc_w.l(handlers.o)
    0x0800c310   0x0000000e   Code   RO         1195    i.__scatterload_zeroinit  mc_w.l(handlers.o)
    0x0800c31e   0x00000002   PAD
    0x0800c320   0x0000000c   Code   RO         1148    i.__set_errno       mc_w.l(errno.o)
    0x0800c32c   0x00000164   Code   RO         1012    i._fp_digits        mc_w.l(printfa.o)
    0x0800c490   0x0000000e   Code   RO         1182    i._is_digit         mc_w.l(scanf_fp.o)
    0x0800c49e   0x00000002   PAD
    0x0800c4a0   0x000006dc   Code   RO         1013    i._printf_core      mc_w.l(printfa.o)
    0x0800cb7c   0x00000024   Code   RO         1014    i._printf_post_padding  mc_w.l(printfa.o)
    0x0800cba0   0x0000002e   Code   RO         1015    i._printf_pre_padding  mc_w.l(printfa.o)
    0x0800cbce   0x0000000a   Code   RO         1017    i._sputc            mc_w.l(printfa.o)
    0x0800cbd8   0x00000010   Code   RO         1057    i.atan              m_wm.l(atan.o)
    0x0800cbe8   0x00000018   Code   RO         1085    i.fabs              m_wm.l(fabs.o)
    0x0800cc00   0x0000006e   Code   RO          733    i.sqrt              m_wm.l(sqrt.o)
    0x0800cc6e   0x0002acc8   Data   RO          545    .constdata          cc936.o
    0x08037936   0x0000003a   Data   RO          586    .constdata          ff.o
    0x08037970   0x00000070   Data   RO          636    .constdata          exfuns.o
    0x080379e0   0x00000024   Data   RO          665    .constdata          malloc.o
    0x08037a04   0x00000004   PAD
    0x08037a08   0x00000088   Data   RO          720    .constdata          m_wm.l(pow.o)
    0x08037a90   0x00000098   Data   RO         1058    .constdata          m_wm.l(atan.o)
    0x08037b28   0x00000008   Data   RO         1093    .constdata          m_wm.l(qnan.o)
    0x08037b30   0x00000081   Data   RO         1119    .constdata          mc_w.l(ctype_o.o)
    0x08037bb1   0x00000003   PAD
    0x08037bb4   0x00000004   Data   RO         1120    .constdata          mc_w.l(ctype_o.o)
    0x08037bb8   0x00000067   Data   RO          127    .conststring        main.o
    0x08037c1f   0x00000001   PAD
    0x08037c20   0x0000002f   Data   RO          526    .conststring        gps_decode.o
    0x08037c4f   0x00000001   PAD
    0x08037c50   0x00000044   Data   RO          637    .conststring        exfuns.o
    0x08037c94   0x00000020   Data   RO         1191    Region$$Table       anon$$obj.o


    Execution Region RW_IRAM1 (Base: 0x20000000, Size: 0x0001bde0, Max: 0x00020000, ABSOLUTE)

    Base Addr    Size         Type   Attr      Idx    E Section Name        Object

    0x20000000   0x00000014   Data   RW          105    .data               system_stm32f4xx.o
    0x20000014   0x00000006   Data   RW          128    .data               main.o
    0x2000001a   0x00000002   PAD
    0x2000001c   0x00000008   Data   RW          191    .data               sysdelay.o
    0x20000024   0x00000010   Data   RW          258    .data               stm32f4xx_rcc.o
    0x20000034   0x0000000c   Data   RW          467    .data               retarget.o
    0x20000040   0x00000048   Data   RW          506    .data               imu.o
    0x20000088   0x0000001c   Data   RW          527    .data               gps_decode.o
    0x200000a4   0x00000010   Data   RW          564    .data               sdio_sdcard.o
    0x200000b4   0x00000002   Data   RW          587    .data               ff.o
    0x200000b6   0x00000002   PAD
    0x200000b8   0x00000014   Data   RW          638    .data               exfuns.o
    0x200000cc   0x00000024   Data   RW          666    .data               malloc.o
    0x200000f0   0x00000002   Data   RW          688    .data               diskio.o
    0x200000f2   0x00000002   PAD
    0x200000f4   0x00000004   Data   RW         1149    .data               mc_w.l(errno.o)
    0x200000f8   0x0000060c   Zero   RW          432    .bss                usart.o
    0x20000704   0x00000114   Zero   RW          505    .bss                imu.o
    0x20000818   0x00000590   Zero   RW          525    .bss                gps_decode.o
    0x20000da8   0x000002c0   Zero   RW          563    .bss                sdio_sdcard.o
    0x20001068   0x0000000c   Zero   RW          585    .bss                ff.o
    0x20001074   0x00000050   Zero   RW          635    .bss                exfuns.o
    0x200010c4   0x0000001c   PAD
    0x200010e0   0x0001a900   Zero   RW          664    .bss                malloc.o
    0x2001b9e0   0x00000400   Zero   RW            1    STACK               startup_stm32f4xx.o



  Load Region LR$$.ARM.__AT_0x10000000 (Base: 0x10000000, Size: 0x00000000, Max: 0x0000f000, ABSOLUTE)

    Execution Region ER$$.ARM.__AT_0x10000000 (Base: 0x10000000, Size: 0x0000f000, Max: 0x0000f000, ABSOLUTE, UNINIT)

    Base Addr    Size         Type   Attr      Idx    E Section Name        Object

    0x10000000   0x0000f000   Zero   RW          660    .ARM.__AT_0x10000000  malloc.o



  Load Region LR$$.ARM.__AT_0x1000F000 (Base: 0x1000f000, Size: 0x00000000, Max: 0x00000f00, ABSOLUTE)

    Execution Region ER$$.ARM.__AT_0x1000F000 (Base: 0x1000f000, Size: 0x00000f00, Max: 0x00000f00, ABSOLUTE, UNINIT)

    Base Addr    Size         Type   Attr      Idx    E Section Name        Object

    0x1000f000   0x00000f00   Zero   RW          661    .ARM.__AT_0x1000F000  malloc.o



  Load Region LR$$.ARM.__AT_0x68000000 (Base: 0x68000000, Size: 0x00000000, Max: 0x000f0000, ABSOLUTE)

    Execution Region ER$$.ARM.__AT_0x68000000 (Base: 0x68000000, Size: 0x000f0000, Max: 0x000f0000, ABSOLUTE, UNINIT)

    Base Addr    Size         Type   Attr      Idx    E Section Name        Object

    0x68000000   0x000f0000   Zero   RW          662    .ARM.__AT_0x68000000  malloc.o



  Load Region LR$$.ARM.__AT_0x680F0000 (Base: 0x680f0000, Size: 0x00000000, Max: 0x0000f000, ABSOLUTE)

    Execution Region ER$$.ARM.__AT_0x680F0000 (Base: 0x680f0000, Size: 0x0000f000, Max: 0x0000f000, ABSOLUTE, UNINIT)

    Base Addr    Size         Type   Attr      Idx    E Section Name        Object

    0x680f0000   0x0000f000   Zero   RW          663    .ARM.__AT_0x680F0000  malloc.o


==============================================================================

Image component sizes


      Code (inc. data)   RO Data    RW Data    ZI Data      Debug   Object Name

       180         18     175304          0          0       4269   cc936.o
       444          8          0          2          0       3514   diskio.o
       712         22        180         20         80       4203   exfuns.o
     12954        136         58          2         12      36490   ff.o
      4048        146         47         28       1424       9758   gps_decode.o
      1404          8          0          0          0       5373   i2c.o
      4016        328          0         72        276       7298   imu.o
       316          6          0          0          0       1089   led.o
      1208        350        103          6          0      27681   main.o
       556         18         36         36    1218560       5013   malloc.o
       224         20          0          0          0       1913   misc.o
        56          0          0         12          0       3690   retarget.o
      7548        286          0         16        704      25937   sdio_sdcard.o
        36          8        392          0       1024        848   startup_stm32f4xx.o
       936         32          0          0          0       6485   stm32f4xx_dma.o
       604         36          0          0          0       4217   stm32f4xx_gpio.o
        32          0          0          0          0     240134   stm32f4xx_it.o
      1416         48          0         16          0      11187   stm32f4xx_rcc.o
       476         16          0          0          0       7508   stm32f4xx_sdio.o
      1050         26          0          0          0       7948   stm32f4xx_usart.o
       144          8          0          8          0       1371   sysdelay.o
       528         46          0         20          0       1839   system_stm32f4xx.o
      1856         66          0          0       1548       5566   usart.o

    ----------------------------------------------------------------------
     40748       1632     176158        244    1223656     423331   Object Totals
         0          0         32          0          0          0   (incl. Generated)
         4          0          6          6         28          0   (incl. Padding)

    ----------------------------------------------------------------------

      Code (inc. data)   RO Data    RW Data    ZI Data      Debug   Library Member Name

       744        106        152          0          0        352   atan.o
       496         64          0          0          0        192   atan2.o
       184         44          0          0          0        744   dunder.o
        24          0          0          0          0        124   fabs.o
        48          0          0          0          0        124   fpclassify.o
       248          0          0          0          0        152   poly.o
      3152        296        136          0          0        352   pow.o
         0          0          8          0          0          0   qnan.o
       232          0          0          0          0        296   sqrt.o
        40         10          0          0          0        128   strtod.o
        28          0          0          0          0         68   _chval.o
        64          0          0          0          0         84   _sgetc.o
       158          0          0          0          0         92   _strtoul.o
        26          0          0          0          0         80   atoi.o
         8          4        133          0          0         68   ctype_o.o
         0          0          0          0          0          0   entry.o
         0          0          0          0          0          0   entry10a.o
         0          0          0          0          0          0   entry11a.o
         8          4          0          0          0          0   entry2.o
         4          0          0          0          0          0   entry5.o
         0          0          0          0          0          0   entry7b.o
         0          0          0          0          0          0   entry8b.o
         8          4          0          0          0          0   entry9a.o
        20         10          0          4          0        136   errno.o
        30          0          0          0          0          0   handlers.o
        36          8          0          0          0         68   init.o
        18          0          0          0          0         76   isspace_o.o
         0          0          0          0          0          0   iusefp.o
        98          0          0          0          0         84   ldiv.o
        30          0          0          0          0         68   llshl.o
        36          0          0          0          0         68   llsshr.o
        32          0          0          0          0         68   llushr.o
        26          0          0          0          0         80   memcmp.o
        36          0          0          0          0         68   memcpya.o
        36          0          0          0          0        108   memseta.o
      2276         96          0          0          0        596   printfa.o
       838         12          0          0          0        216   scanf_fp.o
        20          0          0          0          0         68   strchr.o
        28          0          0          0          0         76   strcmp.o
        18          0          0          0          0         68   strcpy.o
        14          0          0          0          0         68   strlen.o
        30          0          0          0          0         80   strncmp.o
       156         14          0          0          0        120   strtod.o
       112          0          0          0          0         88   strtol.o
        44          0          0          0          0         80   uidiv.o
        98          0          0          0          0         92   uldiv.o
        48          0          0          0          0         68   cdrcmple.o
        56          0          0          0          0         88   d2f.o
       334          0          0          0          0        148   dadd.o
       222          0          0          0          0        100   ddiv.o
       186          0          0          0          0        176   depilogue.o
        62          0          0          0          0         80   dfixi.o
        50          0          0          0          0         76   dfixui.o
        48          0          0          0          0         68   dfixul.o
        34          0          0          0          0         76   dflti.o
        26          0          0          0          0         76   dfltui.o
        24          0          0          0          0         76   dfltul.o
       228          0          0          0          0         96   dmul.o
        46          0          0          0          0         80   dscalb.o
       162          0          0          0          0        100   dsqrt.o
        38          0          0          0          0         68   f2d.o
       110          0          0          0          0        168   fepilogue.o

    ----------------------------------------------------------------------
     11194        676        432          4          0       6776   Library Totals
        16          4          3          0          0          0   (incl. Padding)

    ----------------------------------------------------------------------

      Code (inc. data)   RO Data    RW Data    ZI Data      Debug   Library Name

      5168        520        296          0          0       2464   m_wm.l
      4336        152        133          4          0       2768   mc_w.l
      1674          0          0          0          0       1544   mf_w.l

    ----------------------------------------------------------------------
     11194        676        432          4          0       6776   Library Totals

    ----------------------------------------------------------------------

==============================================================================


      Code (inc. data)   RO Data    RW Data    ZI Data      Debug   

     51942       2308     176590        248    1223656     421319   Grand Totals
     51942       2308     176590        248    1223656     421319   ELF Image Totals
     51942       2308     176590        248          0          0   ROM Totals

==============================================================================

    Total RO  Size (Code + RO Data)               228532 ( 223.18kB)
    Total RW  Size (RW Data + ZI Data)           1223904 (1195.22kB)
    Total ROM Size (Code + RO Data + RW Data)     228780 ( 223.42kB)

==============================================================================

