<html>
<body>
<pre>
<h1>µVision Build Log</h1>
<h2>Tool Versions:</h2>
IDE-Version: µVision V5.18.0.0
Copyright (C) 2016 ARM Ltd and ARM Germany GmbH. All rights reserved.
License Information: Kapil Sharma, UT Austin, LIC=7YKNS-5SNMX-0AQI3-T36PM-PS14C-VQYJ2
 
Tool Versions:
Toolchain:       MDK-ARM Professional  Version: 5.18
Toolchain Path:  C:\Keil_v5\ARM\ARMCC\Bin
C Compiler:      Armcc.exe V5.06 update 1 (build 61)
Assembler:       Armasm.exe V5.06 update 1 (build 61)
Linker/Locator:  ArmLink.exe V5.06 update 1 (build 61)
Library Manager: ArmAr.exe V5.06 update 1 (build 61)
Hex Converter:   FromElf.exe V5.06 update 1 (build 61)
CPU DLL:         SARMCM3.DLL V5.18
Dialog DLL:      DCM.DLL V1.13.6.0
Target DLL:      Segger\JL2CM3.dll V2.99.18.0
Dialog DLL:      TCM.DLL V1.14.8.0
 
<h2>Project:</h2>
C:\Users\Kapil\Desktop\gitHub\IMUcode\IMU_Soft\BlankPrj.uvprojx
Project File Date:  04/30/2016

<h2>Output:</h2>
*** Using Compiler 'V5.06 update 1 (build 61)', folder: 'C:\Keil_v5\ARM\ARMCC\Bin'
Rebuild target 'Stm32F4Proj'
assembling startup_stm32f4xx.s...
compiling system_stm32f4xx.c...
compiling sysdelay.c...
compiling misc.c...
compiling stm32f4xx_usart.c...
compiling stm32f4xx_it.c...
compiling main.c...
compiling stm32f4xx_dma.c...
compiling stm32f4xx_rcc.c...
compiling stm32f4xx_gpio.c...
compiling stm32f4xx_crc.c...
compiling stm32f4xx_spi.c...
compiling stm32f4xx_exti.c...
compiling stm32f4xx_i2c.c...
compiling stm32f4xx_tim.c...
compiling stm32f4xx_syscfg.c...
compiling stm32f4xx_sdio.c...
compiling led.c...
compiling i2c.c...
compiling usart.c...
compiling retarget.c...
compiling imu.c...
compiling cc936.c...
compiling ff.c...
compiling GPS_decode.c...
compiling malloc.c...
compiling exfuns.c...
compiling fattester.c...
compiling sdio_sdcard.c...
compiling diskio.c...
linking...
Program Size: Code=52118 RO-data=176486 RW-data=256 ZI-data=1223648  
".\Debug\BlankPrj.axf" - 0 Error(s), 0 Warning(s).

<h2>Collection of Component include folders:</h2>
  C:\Users\Kapil\Desktop\gitHub\IMUcode\IMU_Soft\RTE
  C:\Keil_v5\ARM\PACK\Keil\STM32F4xx_DFP\2.7.0\Drivers\CMSIS\Device\ST\STM32F4xx\Include

<h2>Collection of Component Files used:</h2>
Build Time Elapsed:  00:00:05
</pre>
</body>
</html>
