<html>
<body>
<pre>
<h1>µVision Build Log</h1>
<h2>Project:</h2>
D:\STM32F4\3.´®¿ÚÍ¨ÐÅ\BlankPrj.uvproj
Project File Date:  10/01/2012

<h2>Output:</h2>
Build target 'Stm32F4Proj'
compiling usart.c...
board\src\usart.c(88): warning:  #167-D: argument of type "u8 *" is incompatible with parameter of type "const char *"
board\src\usart.c(102): warning:  #167-D: argument of type "u8 *" is incompatible with parameter of type "const char *"
board\src\usart.c(116): warning:  #167-D: argument of type "u8 *" is incompatible with parameter of type "const char *"
board\src\usart.c(120): warning:  #1-D: last line of file ends without a newline
linking...
.\Debug\BlankPrj.axf: Error: L6218E: Undefined symbol USART2_SendData (referred from main.o).
Target not created
Build target 'Stm32F4Proj'
linking...
.\Debug\BlankPrj.axf: Error: L6218E: Undefined symbol USART2_SendData (referred from main.o).
Target not created
Build target 'Stm32F4Proj'
compiling main.c...
Source\main.c(16): warning:  #223-D: function "USART2_SendData" declared implicitly
Source\main.c(19): warning:  #223-D: function "USART2_Write" declared implicitly
compiling usart.c...
board\src\usart.c(88): warning:  #167-D: argument of type "u8 *" is incompatible with parameter of type "const char *"
board\src\usart.c(102): warning:  #167-D: argument of type "u8 *" is incompatible with parameter of type "const char *"
board\src\usart.c(116): warning:  #167-D: argument of type "u8 *" is incompatible with parameter of type "const char *"
board\src\usart.c(118): warning:  #223-D: function "USART2_SendData" declared implicitly
board\src\usart.c(120): warning:  #1-D: last line of file ends without a newline
linking...
.\Debug\BlankPrj.axf: Error: L6218E: Undefined symbol USART2_SendData (referred from main.o).
Target not created
Build target 'Stm32F4Proj'
compiling main.c...
compiling usart.c...
board\src\usart.c(88): warning:  #167-D: argument of type "u8 *" is incompatible with parameter of type "const char *"
board\src\usart.c(102): warning:  #167-D: argument of type "u8 *" is incompatible with parameter of type "const char *"
board\src\usart.c(116): warning:  #167-D: argument of type "u8 *" is incompatible with parameter of type "const char *"
board\src\usart.c(120): warning:  #1-D: last line of file ends without a newline
linking...
.\Debug\BlankPrj.axf: Error: L6218E: Undefined symbol USART2_SendData (referred from main.o).
Target not created
Build target 'Stm32F4Proj'
compiling main.c...
compiling usart.c...
board\src\usart.c(39): warning:  #167-D: argument of type "u8 *" is incompatible with parameter of type "const char *"
linking...
Program Size: Code=8684 RO-data=424 RW-data=44 ZI-data=1028  
".\Debug\BlankPrj.axf" - 0 Error(s), 1 Warning(s).
Build target 'Stm32F4Proj'
linking...
Program Size: Code=8684 RO-data=424 RW-data=44 ZI-data=1028  
".\Debug\BlankPrj.axf" - 0 Error(s), 0 Warning(s).
